Archive member included because of file (symbol)

build/sky/contiki-ng-sky.a(button-sensor.o)
                              knockDetector.o (button_sensor)
build/sky/contiki-ng-sky.a(sensors.o)
                              knockDetector.o (sensors_event)
build/sky/contiki-ng-sky.a(uart1-putchar.o)
                              knockDetector.o (putchar)
build/sky/contiki-ng-sky.a(platform.o)
                              build/sky/obj/contiki-main.o (platform_init_stage_one)
build/sky/contiki-ng-sky.a(msp430.o)
                              build/sky/contiki-ng-sky.a(platform.o) (msp430_dco_required)
build/sky/contiki-ng-sky.a(clock.o)
                              build/sky/obj/contiki-main.o (clock_init)
build/sky/contiki-ng-sky.a(leds.o)
                              build/sky/contiki-ng-sky.a(platform.o) (leds_init)
build/sky/contiki-ng-sky.a(leds-arch.o)
                              build/sky/contiki-ng-sky.a(leds.o) (leds_arch_init)
build/sky/contiki-ng-sky.a(watchdog.o)
                              build/sky/obj/contiki-main.o (watchdog_start)
build/sky/contiki-ng-sky.a(autostart.o)
                              build/sky/obj/contiki-main.o (autostart_start)
build/sky/contiki-ng-sky.a(energest.o)
                              build/sky/obj/contiki-main.o (energest_init)
build/sky/contiki-ng-sky.a(etimer.o)
                              build/sky/contiki-ng-sky.a(clock.o) (etimer_request_poll)
build/sky/contiki-ng-sky.a(log.o)
                              build/sky/obj/contiki-main.o (log_6addr)
build/sky/contiki-ng-sky.a(ctimer.o)
                              build/sky/obj/contiki-main.o (ctimer_init)
build/sky/contiki-ng-sky.a(rtimer.o)
                              build/sky/obj/contiki-main.o (rtimer_init)
build/sky/contiki-ng-sky.a(node-id.o)
                              build/sky/obj/contiki-main.o (node_id_init)
build/sky/contiki-ng-sky.a(process.o)
                              build/sky/contiki-ng-sky.a(etimer.o) (process_current)
build/sky/contiki-ng-sky.a(timer.o)
                              knockDetector.o (timer_set)
build/sky/contiki-ng-sky.a(stack-check.o)
                              build/sky/obj/contiki-main.o (stack_check_init)
build/sky/contiki-ng-sky.a(list.o)
                              build/sky/contiki-ng-sky.a(ctimer.o) (list_init)
build/sky/contiki-ng-sky.a(random.o)
                              build/sky/contiki-ng-sky.a(platform.o) (random_init)
build/sky/contiki-ng-sky.a(queuebuf.o)
                              build/sky/obj/contiki-main.o (queuebuf_init)
build/sky/contiki-ng-sky.a(packetbuf.o)
                              build/sky/contiki-ng-sky.a(queuebuf.o) (packetbuf_copyto)
build/sky/contiki-ng-sky.a(netstack.o)
                              build/sky/obj/contiki-main.o (netstack_init)
build/sky/contiki-ng-sky.a(linkaddr.o)
                              build/sky/contiki-ng-sky.a(platform.o) (linkaddr_copy)
build/sky/contiki-ng-sky.a(csma.o)
                              build/sky/obj/contiki-main.o (csma_driver)
build/sky/contiki-ng-sky.a(csma-output.o)
                              build/sky/contiki-ng-sky.a(csma.o) (csma_output_packet)
build/sky/contiki-ng-sky.a(uip-ds6.o)
                              build/sky/obj/contiki-main.o (uip_ds6_get_link_local)
build/sky/contiki-ng-sky.a(uip-ds6-route.o)
                              build/sky/contiki-ng-sky.a(uip-ds6.o) (uip_ds6_route_init)
build/sky/contiki-ng-sky.a(uip-ds6-nbr.o)
                              build/sky/contiki-ng-sky.a(uip-ds6.o) (uip_ds6_neighbors_init)
build/sky/contiki-ng-sky.a(tcpip.o)
                              build/sky/obj/contiki-main.o (tcpip_process)
build/sky/contiki-ng-sky.a(uip6.o)
                              build/sky/contiki-ng-sky.a(tcpip.o) (uip_aligned_buf)
build/sky/contiki-ng-sky.a(uip-nd6.o)
                              build/sky/contiki-ng-sky.a(uip6.o) (uip_nd6_init)
build/sky/contiki-ng-sky.a(sicslowpan.o)
                              build/sky/obj/contiki-main.o (sicslowpan_driver)
build/sky/contiki-ng-sky.a(uiplib.o)
                              build/sky/contiki-ng-sky.a(log.o) (uiplib_ipaddr_snprint)
build/sky/contiki-ng-sky.a(rpl.o)
                              build/sky/obj/contiki-main.o (rpl_lite_driver)
build/sky/contiki-ng-sky.a(rpl-icmp6.o)
                              build/sky/contiki-ng-sky.a(rpl.o) (rpl_icmp6_init)
build/sky/contiki-ng-sky.a(rpl-dag-root.o)
                              build/sky/contiki-ng-sky.a(rpl.o) (rpl_dag_root_set_prefix)
build/sky/contiki-ng-sky.a(contiki-sky-pla)
                              build/sky/contiki-ng-sky.a(platform.o) (init_platform)
build/sky/contiki-ng-sky.a(ds2411.o)
                              build/sky/contiki-ng-sky.a(platform.o) (ds2411_init)
build/sky/contiki-ng-sky.a(xmem.o)
                              build/sky/contiki-ng-sky.a(platform.o) (xmem_init)
build/sky/contiki-ng-sky.a(cc2420.o)
                              build/sky/contiki-ng-sky.a(platform.o) (cc2420_set_pan_addr)
[...]
Memory Configuration

Name             Origin             Length             Attributes
sfr              0x00000000         0x00000010
peripheral_8bit  0x00000010         0x000000f0
peripheral_16bit 0x00000100         0x00000100
ram_mirror       0x00000200         0x00000800         xw
infomem          0x00001000         0x00000100
infob            0x00001000         0x00000080
infoa            0x00001080         0x00000080
ram              0x00001100         0x00002800         xw
rom              0x00004000         0x0000bfe0         xr
vectors          0x0000ffe0         0x00000020
bsl              0x00000000         0x00000000
infoc            0x00000000         0x00000000
infod            0x00000000         0x00000000
ram2             0x00000000         0x00000000         xw
usbram           0x00000000         0x00000000         xw
far_rom          0x00000000         0x00000000
*default*        0x00000000         0xffffffff

Linker script and memory map

LOAD /usr/local/bin/../lib/gcc/msp430/4.7.2/mmpy-16/crt0ivtbl16.o
                0x00002cfa                _stack = _end
LOAD knockDetector.o
LOAD build/sky/obj/contiki-main.o
LOAD build/sky/contiki-ng-sky.a
LOAD /usr/local/bin/../lib/gcc/msp430/4.7.2/mmpy-16/libgcc.a
LOAD /usr/local/bin/../lib/gcc/msp430/4.7.2/../../../../msp430/lib/mmpy-16/libc.a
LOAD /usr/local/bin/../lib/gcc/msp430/4.7.2/mmpy-16/libgcc.a
LOAD /usr/local/bin/../lib/gcc/msp430/4.7.2/mmpy-16/libcrt0.a
                0x00000080                PROVIDE (__info_segment_size, 0x80)
                0x00001000                PROVIDE (__infob, 0x1000)
                0x00001080                PROVIDE (__infoa, 0x1080)
                0x00000000                __IE1 = 0x0
                0x00000002                __IFG1 = 0x2
                0x00000004                __ME1 = 0x4
                0x00000001                __IE2 = 0x1
                0x00000003                __IFG2 = 0x3
                0x00000005                __ME2 = 0x5
                0x00000120                __WDTCTL = 0x120
                0x00000130                __MPY = 0x130
                0x00000132                __MPYS = 0x132
                0x00000134                __MAC = 0x134
                0x00000136                __MACS = 0x136
                0x00000138                __OP2 = 0x138
                0x0000013a                __RESLO = 0x13a
                0x0000013c                __RESHI = 0x13c
                0x0000013e                __SUMEXT = 0x13e
                0x00000020                __P1IN = 0x20
                0x00000021                __P1OUT = 0x21
                0x00000022                __P1DIR = 0x22
                0x00000023                __P1IFG = 0x23
                0x00000024                __P1IES = 0x24
                0x00000025                __P1IE = 0x25
                0x00000026                __P1SEL = 0x26
                0x00000028                __P2IN = 0x28
                0x00000029                __P2OUT = 0x29
                0x0000002a                __P2DIR = 0x2a
                0x0000002b                __P2IFG = 0x2b
                0x0000002c                __P2IES = 0x2c
                0x0000002d                __P2IE = 0x2d
                0x0000002e                __P2SEL = 0x2e
                0x00000018                __P3IN = 0x18
                0x00000019                __P3OUT = 0x19
                0x0000001a                __P3DIR = 0x1a
                0x0000001b                __P3SEL = 0x1b
                0x0000001c                __P4IN = 0x1c
                0x0000001d                __P4OUT = 0x1d
                0x0000001e                __P4DIR = 0x1e
                0x0000001f                __P4SEL = 0x1f
                0x00000030                __P5IN = 0x30
                0x00000031                __P5OUT = 0x31
                0x00000032                __P5DIR = 0x32
                0x00000033                __P5SEL = 0x33
                0x00000034                __P6IN = 0x34
                0x00000035                __P6OUT = 0x35
                0x00000036                __P6DIR = 0x36
                0x00000037                __P6SEL = 0x37
                0x00000070                __U0CTL = 0x70
                0x00000071                __U0TCTL = 0x71
                0x00000072                __U0RCTL = 0x72
                0x00000073                __U0MCTL = 0x73
                0x00000074                __U0BR0 = 0x74
                0x00000075                __U0BR1 = 0x75
                0x00000076                __U0RXBUF = 0x76
                0x00000077                __U0TXBUF = 0x77
                0x00000078                __U1CTL = 0x78
                0x00000079                __U1TCTL = 0x79
                0x0000007a                __U1RCTL = 0x7a
                0x0000007b                __U1MCTL = 0x7b
                0x0000007c                __U1BR0 = 0x7c
                0x0000007d                __U1BR1 = 0x7d
                0x0000007e                __U1RXBUF = 0x7e
                0x0000007f                __U1TXBUF = 0x7f
                0x00000050                __I2CIE = 0x50
                0x00000051                __I2CIFG = 0x51
                0x00000052                __I2CNDAT = 0x52
                0x00000071                __I2CTCTL = 0x71
                0x00000072                __I2CDCTL = 0x72
                0x00000073                __I2CPSC = 0x73
                0x00000074                __I2CSCLH = 0x74
                0x00000075                __I2CSCLL = 0x75
                0x00000076                __I2CDRB = 0x76
                0x00000076                __I2CDRW = 0x76
                0x00000118                __I2COA = 0x118
                0x0000011a                __I2CSA = 0x11a
                0x0000011c                __I2CIV = 0x11c
                0x0000012e                __TAIV = 0x12e
                0x00000160                __TACTL = 0x160
                0x00000162                __TACCTL0 = 0x162
                0x00000164                __TACCTL1 = 0x164
                0x00000166                __TACCTL2 = 0x166
                0x00000170                __TAR = 0x170
                0x00000172                __TACCR0 = 0x172
                0x00000174                __TACCR1 = 0x174
                0x00000176                __TACCR2 = 0x176
                0x0000011e                __TBIV = 0x11e
                0x00000180                __TBCTL = 0x180
                0x00000182                __TBCCTL0 = 0x182
                0x00000184                __TBCCTL1 = 0x184
                0x00000186                __TBCCTL2 = 0x186
                0x00000188                __TBCCTL3 = 0x188
                0x0000018a                __TBCCTL4 = 0x18a
                0x0000018c                __TBCCTL5 = 0x18c
                0x0000018e                __TBCCTL6 = 0x18e
                0x00000190                __TBR = 0x190
                0x00000192                __TBCCR0 = 0x192
                0x00000194                __TBCCR1 = 0x194
                0x00000196                __TBCCR2 = 0x196
                0x00000198                __TBCCR3 = 0x198
                0x0000019a                __TBCCR4 = 0x19a
                0x0000019c                __TBCCR5 = 0x19c
                0x0000019e                __TBCCR6 = 0x19e
                0x00000056                __DCOCTL = 0x56
                0x00000057                __BCSCTL1 = 0x57
                0x00000058                __BCSCTL2 = 0x58
                0x00000055                __SVSCTL = 0x55
                0x00000128                __FCTL1 = 0x128
                0x0000012a                __FCTL2 = 0x12a
                0x0000012c                __FCTL3 = 0x12c
                0x00000059                __CACTL1 = 0x59
                0x0000005a                __CACTL2 = 0x5a
                0x0000005b                __CAPD = 0x5b
                0x000001a0                __ADC12CTL0 = 0x1a0
                0x000001a2                __ADC12CTL1 = 0x1a2
                0x000001a4                __ADC12IFG = 0x1a4
                0x000001a6                __ADC12IE = 0x1a6
                0x000001a8                __ADC12IV = 0x1a8
                0x00000140                __ADC12MEM0 = 0x140
                0x00000142                __ADC12MEM1 = 0x142
                0x00000144                __ADC12MEM2 = 0x144
                0x00000146                __ADC12MEM3 = 0x146
                0x00000148                __ADC12MEM4 = 0x148
                0x0000014a                __ADC12MEM5 = 0x14a
                0x0000014c                __ADC12MEM6 = 0x14c
                0x0000014e                __ADC12MEM7 = 0x14e
                0x00000150                __ADC12MEM8 = 0x150
                0x00000152                __ADC12MEM9 = 0x152
                0x00000154                __ADC12MEM10 = 0x154
                0x00000156                __ADC12MEM11 = 0x156
                0x00000158                __ADC12MEM12 = 0x158
                0x0000015a                __ADC12MEM13 = 0x15a
                0x0000015c                __ADC12MEM14 = 0x15c
                0x0000015e                __ADC12MEM15 = 0x15e
                0x00000080                __ADC12MCTL0 = 0x80
                0x00000081                __ADC12MCTL1 = 0x81
                0x00000082                __ADC12MCTL2 = 0x82
                0x00000083                __ADC12MCTL3 = 0x83
                0x00000084                __ADC12MCTL4 = 0x84
                0x00000085                __ADC12MCTL5 = 0x85
                0x00000086                __ADC12MCTL6 = 0x86
                0x00000087                __ADC12MCTL7 = 0x87
                0x00000088                __ADC12MCTL8 = 0x88
                0x00000089                __ADC12MCTL9 = 0x89
                0x0000008a                __ADC12MCTL10 = 0x8a
                0x0000008b                __ADC12MCTL11 = 0x8b
                0x0000008c                __ADC12MCTL12 = 0x8c
                0x0000008d                __ADC12MCTL13 = 0x8d
                0x0000008e                __ADC12MCTL14 = 0x8e
                0x0000008f                __ADC12MCTL15 = 0x8f
                0x000001c0                __DAC12_0CTL = 0x1c0
                0x000001c2                __DAC12_1CTL = 0x1c2
                0x000001c8                __DAC12_0DAT = 0x1c8
                0x000001ca                __DAC12_1DAT = 0x1ca
                0x00000122                __DMACTL0 = 0x122
                0x00000124                __DMACTL1 = 0x124
                0x000001e0                __DMA0CTL = 0x1e0
                0x000001e8                __DMA1CTL = 0x1e8
                0x000001f0                __DMA2CTL = 0x1f0
                0x000001e2                __DMA0SA = 0x1e2
                0x000001e4                __DMA0DA = 0x1e4
                0x000001e6                __DMA0SZ = 0x1e6
                0x000001ea                __DMA1SA = 0x1ea
                0x000001ec                __DMA1DA = 0x1ec
                0x000001ee                __DMA1SZ = 0x1ee
                0x000001f2                __DMA2SA = 0x1f2
                0x000001f4                __DMA2DA = 0x1f4
                0x000001f6                __DMA2SZ = 0x1f6

.hash
 *(.hash)

.dynsym
 *(.dynsym)

.dynstr
 *(.dynstr)

.gnu.version
 *(.gnu.version)

.gnu.version_d
 *(.gnu.version_d)

.gnu.version_r
 *(.gnu.version_r)

.rel.init
 *(.rel.init)

.rela.init
 *(.rela.init)

.rel.fini
 *(.rel.fini)

.rela.fini
 *(.rela.fini)

.rel.text
 *(.rel.text .rel.text.* .rel.gnu.linkonce.t.*)

.rela.text
 *(.rela.text .rela.text.* .rela.gnu.linkonce.t.*)

.rel.rodata
 *(.rel.rodata .rel.rodata.* .rel.gnu.linkonce.r.*)

.rela.rodata
 *(.rela.rodata .rela.rodata.* .rela.gnu.linkonce.r.*)

.rel.data
 *(.rel.data .rel.data.* .rel.gnu.linkonce.d.*)

.rela.data
 *(.rela.data .rela.data.* .rela.gnu.linkonce.d.*)

.rel.bss
 *(.rel.bss .rel.bss.* .rel.gnu.linkonce.b.*)

.rela.bss
 *(.rela.bss .rela.bss.* .rela.gnu.linkonce.b.*)

.rel.ctors
 *(.rel.ctors)

.rela.ctors
 *(.rela.ctors)

.rel.dtors
 *(.rel.dtors)

.rela.dtors
 *(.rela.dtors)

.rel.got
 *(.rel.got)

.rela.got
 *(.rela.got)

.rel.plt
 *(.rel.plt)

.rela.plt
 *(.rela.plt)

.text           0x00004000     0xa6ee
                0x00004000                . = ALIGN (0x2)
 *(.init .init.*)
 *(.init0)
 .init0         0x00004000        0x0 /usr/local/bin/../lib/gcc/msp430/4.7.2/mmpy-16/libcrt0.a(_reset_vector__.o)
                0x00004000                _reset_vector__
 *(.init1)
 .init1         0x00004000        0xc /usr/local/bin/../lib/gcc/msp430/4.7.2/mmpy-16/libcrt0.a(__watchdog_support.o)
                0x00004000                __watchdog_support
 *(.init2)
 .init2         0x0000400c        0x4 /usr/local/bin/../lib/gcc/msp430/4.7.2/mmpy-16/libcrt0.a(__init_stack.o)
                0x0000400c                __init_stack
 *(.init3)
 .init3         0x00004010        0x0 /usr/local/bin/../lib/gcc/msp430/4.7.2/mmpy-16/libcrt0.a(__low_level_init.o)
                0x00004010                __low_level_init
 *(.init4)
 .init4         0x00004010       0x18 /usr/local/bin/../lib/gcc/msp430/4.7.2/mmpy-16/libcrt0.a(_copy_data.o)
                0x00004010                __do_copy_data
 .init4         0x00004028       0x16 /usr/local/bin/../lib/gcc/msp430/4.7.2/mmpy-16/libcrt0.a(_clear_bss.o)
                0x00004028                __do_clear_bss
 *(.init5)
 *(.init6)
 *(.init7)
 *(.init8)
 *(.init9)
 .init9         0x0000403e      0x232 build/sky/obj/contiki-main.o
                0x0000403e                main
 *(.fini9)
 .fini9         0x00004270        0x0 /usr/local/bin/../lib/gcc/msp430/4.7.2/mmpy-16/libcrt0.a(__stop_progExec__.o)
                0x00004270                __stop_progExec__
 *(.fini8)
 *(.fini7)
 *(.fini6)
 *(.fini5)
 *(.fini4)
 *(.fini3)
 *(.fini2)
 *(.fini1)
 *(.fini0)
 .fini0         0x00004270        0x6 /usr/local/bin/../lib/gcc/msp430/4.7.2/mmpy-16/libcrt0.a(_endless_loop__.o)
                0x00004270                _endless_loop__
 *(.fini .fini.*)
                0x00004276                . = ALIGN (0x2)
                0x00004276                __ctors_start = .
 *(.ctors)
                0x00004276                __ctors_end = .
                0x00004276                __dtors_start = .
 *(.dtors)
                0x00004276                __dtors_end = .
                0x00004276                . = ALIGN (0x2)
 *(.text .text.* .gnu.linkonce.t.*)
 .text          0x00004276        0x4 /usr/local/bin/../lib/gcc/msp430/4.7.2/mmpy-16/crt0ivtbl16.o
                0x00004276                __isr_14
                0x00004276                __isr_11
                0x00004276                __isr_2
                0x00004276                __isr_7
                0x00004276                __isr_0
                0x00004276                __isr_8
                0x00004276                __isr_3
                0x00004276                __isr_12
                0x00004276                __isr_13
                0x00004276                __isr_9
 .text.process_thread_led_start_up_indicater
                0x0000427a       0xd4 knockDetector.o
 .text.process_thread_main_process
                0x0000434e       0xec knockDetector.o
 .text.log_secret_password_sequence
                0x0000443a       0x44 knockDetector.o
                0x0000443a                log_secret_password_sequence
 .text.process_thread_record_password
                0x0000447e      0x17c knockDetector.o
 .text.log_login_sequence
                0x000045fa       0x44 knockDetector.o
                0x000045fa                log_login_sequence
 .text.process_thread_login_procees
                0x0000463e      0x16c knockDetector.o
 .text.status   0x000047aa       0x18 build/sky/contiki-ng-sky.a(button-sensor.o)
 .text.value    0x000047c2       0x20 build/sky/contiki-ng-sky.a(button-sensor.o)
 .text.configure
                0x000047e2       0x4c build/sky/contiki-ng-sky.a(button-sensor.o)
 .text.irq_p2   0x0000482e       0x46 build/sky/contiki-ng-sky.a(button-sensor.o)
                0x0000482e                irq_p2
                0x0000482e                __isr_1
 .text.process_thread_sensors_process
                0x00004874       0xc2 build/sky/contiki-ng-sky.a(sensors.o)
 .text.sensors_changed
                0x00004936       0x2a build/sky/contiki-ng-sky.a(sensors.o)
                0x00004936                sensors_changed
 .text.putchar  0x00004960       0x10 build/sky/contiki-ng-sky.a(uart1-putchar.o)
                0x00004960                putchar
 .text.platform_init_stage_one
                0x00004970       0x12 build/sky/contiki-ng-sky.a(platform.o)
                0x00004970                platform_init_stage_one
 .text.platform_init_stage_two
                0x00004982       0x64 build/sky/contiki-ng-sky.a(platform.o)
                0x00004982                platform_init_stage_two
 .text.platform_init_stage_three
                0x000049e6       0x7a build/sky/contiki-ng-sky.a(platform.o)
                0x000049e6                platform_init_stage_three
 .text.platform_idle
                0x00004a60       0x54 build/sky/contiki-ng-sky.a(platform.o)
                0x00004a60                platform_idle
 .text.msp430_init_dco
                0x00004ab4       0x82 build/sky/contiki-ng-sky.a(msp430.o)
                0x00004ab4                msp430_init_dco
 .text.msp430_add_lpm_req
                0x00004b36        0xc build/sky/contiki-ng-sky.a(msp430.o)
                0x00004b36                msp430_add_lpm_req
 .text.msp430_cpu_init
                0x00004b42       0x2a build/sky/contiki-ng-sky.a(msp430.o)
                0x00004b42                msp430_cpu_init
 .text.splhigh_
                0x00004b6c        0x8 build/sky/contiki-ng-sky.a(msp430.o)
                0x00004b6c                splhigh_
 .text.msp430_sync_dco
                0x00004b74       0x6c build/sky/contiki-ng-sky.a(msp430.o)
                0x00004b74                msp430_sync_dco
 .text.timera1  0x00004be0       0xdc build/sky/contiki-ng-sky.a(clock.o)
                0x00004be0                __isr_5
                0x00004be0                timera1
 .text.clock_time
                0x00004cbc       0x1a build/sky/contiki-ng-sky.a(clock.o)
                0x00004cbc                clock_time
 .text.clock_init
                0x00004cd6       0x28 build/sky/contiki-ng-sky.a(clock.o)
                0x00004cd6                clock_init
 .text.clock_delay
                0x00004cfe        0xc build/sky/contiki-ng-sky.a(clock.o)
                0x00004cfe                clock_delay
 .text.clock_seconds
                0x00004d0a       0x1a build/sky/contiki-ng-sky.a(clock.o)
                0x00004d0a                clock_seconds
 .text.leds_init
                0x00004d24        0x6 build/sky/contiki-ng-sky.a(leds.o)
                0x00004d24                leds_init
 .text.leds_on  0x00004d2a       0x12 build/sky/contiki-ng-sky.a(leds.o)
                0x00004d2a                leds_on
 .text.leds_off
                0x00004d3c       0x12 build/sky/contiki-ng-sky.a(leds.o)
                0x00004d3c                leds_off
 .text.leds_toggle
                0x00004d4e       0x12 build/sky/contiki-ng-sky.a(leds.o)
                0x00004d4e                leds_toggle
 .text.leds_arch_init
                0x00004d60        0xe build/sky/contiki-ng-sky.a(leds-arch.o)
                0x00004d60                leds_arch_init
 .text.leds_arch_get
                0x00004d6e       0x34 build/sky/contiki-ng-sky.a(leds-arch.o)
                0x00004d6e                leds_arch_get
 .text.leds_arch_set
                0x00004da2       0x3e build/sky/contiki-ng-sky.a(leds-arch.o)
                0x00004da2                leds_arch_set
 .text.watchdog_interrupt
                0x00004de0        0x6 build/sky/contiki-ng-sky.a(watchdog.o)
                0x00004de0                __isr_10
                0x00004de0                watchdog_interrupt
 .text.watchdog_start
                0x00004de6       0x14 build/sky/contiki-ng-sky.a(watchdog.o)
                0x00004de6                watchdog_start
 .text.watchdog_periodic
                0x00004dfa       0x12 build/sky/contiki-ng-sky.a(watchdog.o)
                0x00004dfa                watchdog_periodic
 .text.watchdog_stop
                0x00004e0c       0x16 build/sky/contiki-ng-sky.a(watchdog.o)
                0x00004e0c                watchdog_stop
 .text.watchdog_init
                0x00004e22       0x12 build/sky/contiki-ng-sky.a(watchdog.o)
                0x00004e22                watchdog_init
 .text.autostart_start
                0x00004e34       0x16 build/sky/contiki-ng-sky.a(autostart.o)
                0x00004e34                autostart_start
 .text.energest_init
                0x00004e4a        0x2 build/sky/contiki-ng-sky.a(energest.o)
                0x00004e4a                energest_init
 .text.energest_flush
                0x00004e4c        0x2 build/sky/contiki-ng-sky.a(energest.o)
                0x00004e4c                energest_flush
 .text.update_time
                0x00004e4e       0x78 build/sky/contiki-ng-sky.a(etimer.o)
 .text.etimer_request_poll
                0x00004ec6        0xa build/sky/contiki-ng-sky.a(etimer.o)
                0x00004ec6                etimer_request_poll
 .text.process_thread_etimer_process
                0x00004ed0       0xcc build/sky/contiki-ng-sky.a(etimer.o)
 .text.add_timer
                0x00004f9c       0x40 build/sky/contiki-ng-sky.a(etimer.o)
 .text.etimer_set
                0x00004fdc       0x12 build/sky/contiki-ng-sky.a(etimer.o)
                0x00004fdc                etimer_set
 .text.etimer_reset
                0x00004fee       0x12 build/sky/contiki-ng-sky.a(etimer.o)
                0x00004fee                etimer_reset
 .text.etimer_expired
                0x00005000        0xe build/sky/contiki-ng-sky.a(etimer.o)
                0x00005000                etimer_expired
 .text.etimer_pending
                0x0000500e        0xc build/sky/contiki-ng-sky.a(etimer.o)
                0x0000500e                etimer_pending
 .text.etimer_next_expiration_time
                0x0000501a       0x16 build/sky/contiki-ng-sky.a(etimer.o)
                0x0000501a                etimer_next_expiration_time
 .text.etimer_stop
                0x00005030       0x3e build/sky/contiki-ng-sky.a(etimer.o)
                0x00005030                etimer_stop
 .text.log_6addr
                0x0000506e       0x32 build/sky/contiki-ng-sky.a(log.o)
                0x0000506e                log_6addr
 .text.log_lladdr
                0x000050a0       0x44 build/sky/contiki-ng-sky.a(log.o)
                0x000050a0                log_lladdr
 .text.process_thread_ctimer_process
                0x000050e4       0xa8 build/sky/contiki-ng-sky.a(ctimer.o)
 .text.ctimer_init
                0x0000518c       0x18 build/sky/contiki-ng-sky.a(ctimer.o)
                0x0000518c                ctimer_init
 .text.ctimer_set_with_process
                0x000051a4       0x4e build/sky/contiki-ng-sky.a(ctimer.o)
                0x000051a4                ctimer_set_with_process
 .text.ctimer_set
                0x000051f2       0x10 build/sky/contiki-ng-sky.a(ctimer.o)
                0x000051f2                ctimer_set
 .text.ctimer_reset
                0x00005202       0x30 build/sky/contiki-ng-sky.a(ctimer.o)
                0x00005202                ctimer_reset
 .text.ctimer_stop
                0x00005232       0x28 build/sky/contiki-ng-sky.a(ctimer.o)
                0x00005232                ctimer_stop
 .text.ctimer_expired
                0x0000525a       0x30 build/sky/contiki-ng-sky.a(ctimer.o)
                0x0000525a                ctimer_expired
 .text.rtimer_init
                0x0000528a        0x6 build/sky/contiki-ng-sky.a(rtimer.o)
                0x0000528a                rtimer_init
 .text.rtimer_run_next
                0x00005290       0x26 build/sky/contiki-ng-sky.a(rtimer.o)
                0x00005290                rtimer_run_next
 .text.node_id_init
                0x000052b6       0x14 build/sky/contiki-ng-sky.a(node-id.o)
                0x000052b6                node_id_init
 .text.call_process
                0x000052ca       0x46 build/sky/contiki-ng-sky.a(process.o)
 .text.exit_process
                0x00005310       0x96 build/sky/contiki-ng-sky.a(process.o)
 .text.do_poll  0x000053a6       0x30 build/sky/contiki-ng-sky.a(process.o)
 .text.process_alloc_event
                0x000053d6        0xe build/sky/contiki-ng-sky.a(process.o)
                0x000053d6                process_alloc_event
 .text.process_init
                0x000053e4       0x18 build/sky/contiki-ng-sky.a(process.o)
                0x000053e4                process_init
 .text.process_run
                0x000053fc       0x92 build/sky/contiki-ng-sky.a(process.o)
                0x000053fc                process_run
 .text.process_nevents
                0x0000548e        0xe build/sky/contiki-ng-sky.a(process.o)
                0x0000548e                process_nevents
 .text.process_post
                0x0000549c       0x42 build/sky/contiki-ng-sky.a(process.o)
                0x0000549c                process_post
 .text.process_post_synch
                0x000054de       0x12 build/sky/contiki-ng-sky.a(process.o)
                0x000054de                process_post_synch
 .text.process_start
                0x000054f0       0x36 build/sky/contiki-ng-sky.a(process.o)
                0x000054f0                process_start
 .text.process_poll
                0x00005526       0x18 build/sky/contiki-ng-sky.a(process.o)
                0x00005526                process_poll
 .text.timer_set
                0x0000553e       0x1c build/sky/contiki-ng-sky.a(timer.o)
                0x0000553e                timer_set
 .text.timer_expired
                0x0000555a       0x2a build/sky/contiki-ng-sky.a(timer.o)
                0x0000555a                timer_expired
 .text.timer_reset
                0x00005584       0x1c build/sky/contiki-ng-sky.a(timer.o)
                0x00005584                timer_reset
 .text.timer_remaining
                0x000055a0       0x28 build/sky/contiki-ng-sky.a(timer.o)
                0x000055a0                timer_remaining
 .text.stack_check_init
                0x000055c8       0x2e build/sky/contiki-ng-sky.a(stack-check.o)
                0x000055c8                stack_check_init
 .text.stack_check_get_usage
                0x000055f6       0x54 build/sky/contiki-ng-sky.a(stack-check.o)
                0x000055f6                stack_check_get_usage
 .text.process_thread_stack_check_process
                0x0000564a       0xea build/sky/contiki-ng-sky.a(stack-check.o)
 .text.list_init
                0x00005734        0x6 build/sky/contiki-ng-sky.a(list.o)
                0x00005734                list_init
 .text.list_head
                0x0000573a        0x4 build/sky/contiki-ng-sky.a(list.o)
                0x0000573a                list_head
 .text.list_tail
                0x0000573e       0x12 build/sky/contiki-ng-sky.a(list.o)
                0x0000573e                list_tail
 .text.list_remove
                0x00005750       0x34 build/sky/contiki-ng-sky.a(list.o)
                0x00005750                list_remove
 .text.list_push
                0x00005784       0x1a build/sky/contiki-ng-sky.a(list.o)
                0x00005784                list_push
 .text.list_add
                0x0000579e       0x2a build/sky/contiki-ng-sky.a(list.o)
                0x0000579e                list_add
 .text.list_length
                0x000057c8       0x10 build/sky/contiki-ng-sky.a(list.o)
                0x000057c8                list_length
 .text.list_item_next
                0x000057d8        0xc build/sky/contiki-ng-sky.a(list.o)
                0x000057d8                list_item_next
 .text.random_init
                0x000057e4        0x6 build/sky/contiki-ng-sky.a(random.o)
                0x000057e4                random_init
 .text.random_rand
                0x000057ea        0x6 build/sky/contiki-ng-sky.a(random.o)
                0x000057ea                random_rand
 .text.queuebuf_init
                0x000057f0       0x12 build/sky/contiki-ng-sky.a(queuebuf.o)
                0x000057f0                queuebuf_init
 .text.queuebuf_numfree
                0x00005802        0xa build/sky/contiki-ng-sky.a(queuebuf.o)
                0x00005802                queuebuf_numfree
 .text.queuebuf_new_from_packetbuf
                0x0000580c       0x52 build/sky/contiki-ng-sky.a(queuebuf.o)
                0x0000580c                queuebuf_new_from_packetbuf
 .text.queuebuf_update_attr_from_packetbuf
                0x0000585e       0x12 build/sky/contiki-ng-sky.a(queuebuf.o)
                0x0000585e                queuebuf_update_attr_from_packetbuf
 .text.queuebuf_free
                0x00005870       0x2a build/sky/contiki-ng-sky.a(queuebuf.o)
                0x00005870                queuebuf_free
 .text.queuebuf_to_packetbuf
                0x0000589a       0x32 build/sky/contiki-ng-sky.a(queuebuf.o)
                0x0000589a                queuebuf_to_packetbuf
 .text.packetbuf_hdrreduce
                0x000058cc       0x1a build/sky/contiki-ng-sky.a(packetbuf.o)
                0x000058cc                packetbuf_hdrreduce
 .text.packetbuf_set_datalen
                0x000058e6        0x6 build/sky/contiki-ng-sky.a(packetbuf.o)
                0x000058e6                packetbuf_set_datalen
 .text.packetbuf_hdrptr
                0x000058ec        0x6 build/sky/contiki-ng-sky.a(packetbuf.o)
                0x000058ec                packetbuf_hdrptr
 .text.packetbuf_datalen
                0x000058f2        0x6 build/sky/contiki-ng-sky.a(packetbuf.o)
                0x000058f2                packetbuf_datalen
 .text.packetbuf_hdrlen
                0x000058f8        0xa build/sky/contiki-ng-sky.a(packetbuf.o)
                0x000058f8                packetbuf_hdrlen
 .text.packetbuf_dataptr
                0x00005902        0xc build/sky/contiki-ng-sky.a(packetbuf.o)
                0x00005902                packetbuf_dataptr
 .text.packetbuf_copyto
                0x0000590e       0x46 build/sky/contiki-ng-sky.a(packetbuf.o)
                0x0000590e                packetbuf_copyto
 .text.packetbuf_totlen
                0x00005954        0xc build/sky/contiki-ng-sky.a(packetbuf.o)
                0x00005954                packetbuf_totlen
 .text.packetbuf_hdralloc
                0x00005960       0x3c build/sky/contiki-ng-sky.a(packetbuf.o)
                0x00005960                packetbuf_hdralloc
 .text.packetbuf_attr_clear
                0x0000599c       0x28 build/sky/contiki-ng-sky.a(packetbuf.o)
                0x0000599c                packetbuf_attr_clear
 .text.packetbuf_clear
                0x000059c4       0x12 build/sky/contiki-ng-sky.a(packetbuf.o)
                0x000059c4                packetbuf_clear
 .text.packetbuf_copyfrom
                0x000059d6       0x2e build/sky/contiki-ng-sky.a(packetbuf.o)
                0x000059d6                packetbuf_copyfrom
 .text.packetbuf_attr_copyto
                0x00005a04       0x22 build/sky/contiki-ng-sky.a(packetbuf.o)
                0x00005a04                packetbuf_attr_copyto
 .text.packetbuf_attr_copyfrom
                0x00005a26       0x24 build/sky/contiki-ng-sky.a(packetbuf.o)
                0x00005a26                packetbuf_attr_copyfrom
 .text.packetbuf_set_attr
                0x00005a4a        0xc build/sky/contiki-ng-sky.a(packetbuf.o)
                0x00005a4a                packetbuf_set_attr
 .text.packetbuf_attr
                0x00005a56        0xa build/sky/contiki-ng-sky.a(packetbuf.o)
                0x00005a56                packetbuf_attr
 .text.packetbuf_set_addr
                0x00005a60       0x18 build/sky/contiki-ng-sky.a(packetbuf.o)
                0x00005a60                packetbuf_set_addr
 .text.packetbuf_addr
                0x00005a78       0x12 build/sky/contiki-ng-sky.a(packetbuf.o)
                0x00005a78                packetbuf_addr
 .text.packetbuf_holds_broadcast
                0x00005a8a        0xe build/sky/contiki-ng-sky.a(packetbuf.o)
                0x00005a8a                packetbuf_holds_broadcast
 .text.netstack_process_ip_callback
                0x00005a98       0x4e build/sky/contiki-ng-sky.a(netstack.o)
                0x00005a98                netstack_process_ip_callback
 .text.netstack_init
                0x00005ae6        0xe build/sky/contiki-ng-sky.a(netstack.o)
                0x00005ae6                netstack_init
 .text.linkaddr_copy
                0x00005af4        0x8 build/sky/contiki-ng-sky.a(linkaddr.o)
                0x00005af4                linkaddr_copy
 .text.linkaddr_cmp
                0x00005afc       0x12 build/sky/contiki-ng-sky.a(linkaddr.o)
                0x00005afc                linkaddr_cmp
 .text.linkaddr_set_node_addr
                0x00005b0e        0xc build/sky/contiki-ng-sky.a(linkaddr.o)
                0x00005b0e                linkaddr_set_node_addr
 .text.on       0x00005b1a        0x6 build/sky/contiki-ng-sky.a(csma.o)
 .text.off      0x00005b20        0x6 build/sky/contiki-ng-sky.a(csma.o)
 .text.max_payload
                0x00005b26       0x38 build/sky/contiki-ng-sky.a(csma.o)
 .text.send_packet
                0x00005b5e        0x6 build/sky/contiki-ng-sky.a(csma.o)
 .text.init     0x00005b64       0x1c build/sky/contiki-ng-sky.a(csma.o)
 .text.input_packet
                0x00005b80       0x58 build/sky/contiki-ng-sky.a(csma.o)
 .text.schedule_transmission
                0x00005bd8       0x70 build/sky/contiki-ng-sky.a(csma-output.o)
 .text.tx_done  0x00005c48       0x9a build/sky/contiki-ng-sky.a(csma-output.o)
 .text.transmit_from_queue
                0x00005ce2      0x1bc build/sky/contiki-ng-sky.a(csma-output.o)
 .text.csma_output_packet
                0x00005e9e      0x184 build/sky/contiki-ng-sky.a(csma-output.o)
                0x00005e9e                csma_output_packet
 .text.csma_output_init
                0x00006022       0x1a build/sky/contiki-ng-sky.a(csma-output.o)
                0x00006022                csma_output_init
 .text.uip_ds6_default_prefix
                0x0000603c        0x6 build/sky/contiki-ng-sky.a(uip-ds6.o)
                0x0000603c                uip_ds6_default_prefix
 .text.uip_ds6_list_loop
                0x00006042       0x92 build/sky/contiki-ng-sky.a(uip-ds6.o)
                0x00006042                uip_ds6_list_loop
 .text.uip_ds6_prefix_add
                0x000060d4       0x80 build/sky/contiki-ng-sky.a(uip-ds6.o)
                0x000060d4                uip_ds6_prefix_add
 .text.uip_ds6_is_addr_onlink
                0x00006154       0x54 build/sky/contiki-ng-sky.a(uip-ds6.o)
                0x00006154                uip_ds6_is_addr_onlink
 .text.uip_ds6_addr_lookup
                0x000061a8       0x2a build/sky/contiki-ng-sky.a(uip-ds6.o)
                0x000061a8                uip_ds6_addr_lookup
 .text.uip_ds6_get_link_local
                0x000061d2       0x3e build/sky/contiki-ng-sky.a(uip-ds6.o)
                0x000061d2                uip_ds6_get_link_local
 .text.uip_ds6_maddr_add
                0x00006210       0x4c build/sky/contiki-ng-sky.a(uip-ds6.o)
                0x00006210                uip_ds6_maddr_add
 .text.uip_ds6_addr_add
                0x0000625c       0xc4 build/sky/contiki-ng-sky.a(uip-ds6.o)
                0x0000625c                uip_ds6_addr_add
 .text.uip_ds6_maddr_rm
                0x00006320        0xa build/sky/contiki-ng-sky.a(uip-ds6.o)
                0x00006320                uip_ds6_maddr_rm
 .text.uip_ds6_maddr_lookup
                0x0000632a       0x2a build/sky/contiki-ng-sky.a(uip-ds6.o)
                0x0000632a                uip_ds6_maddr_lookup
 .text.uip_ds6_addr_rm
                0x00006354       0x54 build/sky/contiki-ng-sky.a(uip-ds6.o)
                0x00006354                uip_ds6_addr_rm
 .text.uip_ds6_periodic
                0x000063a8       0x46 build/sky/contiki-ng-sky.a(uip-ds6.o)
                0x000063a8                uip_ds6_periodic
 .text.uip_ds6_set_addr_iid
                0x000063ee       0x14 build/sky/contiki-ng-sky.a(uip-ds6.o)
                0x000063ee                uip_ds6_set_addr_iid
 .text.uip_ds6_set_lladdr_from_iid
                0x00006402       0x14 build/sky/contiki-ng-sky.a(uip-ds6.o)
                0x00006402                uip_ds6_set_lladdr_from_iid
 .text.get_match_length
                0x00006416       0x44 build/sky/contiki-ng-sky.a(uip-ds6.o)
                0x00006416                get_match_length
 .text.uip_ds6_select_src
                0x0000645a       0xaa build/sky/contiki-ng-sky.a(uip-ds6.o)
                0x0000645a                uip_ds6_select_src
 .text.uip_ds6_compute_reachable_time
                0x00006504       0x3e build/sky/contiki-ng-sky.a(uip-ds6.o)
                0x00006504                uip_ds6_compute_reachable_time
 .text.uip_ds6_init
                0x00006542      0x164 build/sky/contiki-ng-sky.a(uip-ds6.o)
                0x00006542                uip_ds6_init
 .text.uip_ds6_route_init
                0x000066a6       0x12 build/sky/contiki-ng-sky.a(uip-ds6-route.o)
                0x000066a6                uip_ds6_route_init
 .text.uip_ds6_route_nexthop
                0x000066b8        0x4 build/sky/contiki-ng-sky.a(uip-ds6-route.o)
                0x000066b8                uip_ds6_route_nexthop
 .text.uip_ds6_route_lookup
                0x000066bc        0x4 build/sky/contiki-ng-sky.a(uip-ds6-route.o)
                0x000066bc                uip_ds6_route_lookup
 .text.uip_ds6_route_rm
                0x000066c0        0x2 build/sky/contiki-ng-sky.a(uip-ds6-route.o)
                0x000066c0                uip_ds6_route_rm
 .text.uip_ds6_defrt_rm
                0x000066c2       0x3c build/sky/contiki-ng-sky.a(uip-ds6-route.o)
                0x000066c2                uip_ds6_defrt_rm
 .text.uip_ds6_defrt_lookup
                0x000066fe       0x40 build/sky/contiki-ng-sky.a(uip-ds6-route.o)
                0x000066fe                uip_ds6_defrt_lookup
 .text.uip_ds6_defrt_add
                0x0000673e       0x72 build/sky/contiki-ng-sky.a(uip-ds6-route.o)
                0x0000673e                uip_ds6_defrt_add
 .text.uip_ds6_defrt_choose
                0x000067b0       0x3a build/sky/contiki-ng-sky.a(uip-ds6-route.o)
                0x000067b0                uip_ds6_defrt_choose
 .text.uip_ds6_defrt_periodic
                0x000067ea       0x38 build/sky/contiki-ng-sky.a(uip-ds6-route.o)
                0x000067ea                uip_ds6_defrt_periodic
 .text.uip_ds6_nbr_rm
                0x00006822       0x1e build/sky/contiki-ng-sky.a(uip-ds6-nbr.o)
                0x00006822                uip_ds6_nbr_rm
 .text.uip_ds6_neighbors_init
                0x00006840       0x12 build/sky/contiki-ng-sky.a(uip-ds6-nbr.o)
                0x00006840                uip_ds6_neighbors_init
 .text.uip_ds6_nbr_add
                0x00006852       0x3e build/sky/contiki-ng-sky.a(uip-ds6-nbr.o)
                0x00006852                uip_ds6_nbr_add
 .text.uip_ds6_nbr_get_ll
                0x00006890        0xc build/sky/contiki-ng-sky.a(uip-ds6-nbr.o)
                0x00006890                uip_ds6_nbr_get_ll
 .text.uip_ds6_nbr_head
                0x0000689c        0xa build/sky/contiki-ng-sky.a(uip-ds6-nbr.o)
                0x0000689c                uip_ds6_nbr_head
 .text.uip_ds6_nbr_next
                0x000068a6        0xc build/sky/contiki-ng-sky.a(uip-ds6-nbr.o)
                0x000068a6                uip_ds6_nbr_next
 .text.uip_ds6_nbr_lookup
                0x000068b2       0x3a build/sky/contiki-ng-sky.a(uip-ds6-nbr.o)
                0x000068b2                uip_ds6_nbr_lookup
 .text.uip_ds6_nbr_ll_lookup
                0x000068ec        0xc build/sky/contiki-ng-sky.a(uip-ds6-nbr.o)
                0x000068ec                uip_ds6_nbr_ll_lookup
 .text.uip_ds6_nbr_update_ll
                0x000068f8       0x76 build/sky/contiki-ng-sky.a(uip-ds6-nbr.o)
                0x000068f8                uip_ds6_nbr_update_ll
 .text.uip_ds6_nbr_ipaddr_from_lladdr
                0x0000696e        0x6 build/sky/contiki-ng-sky.a(uip-ds6-nbr.o)
                0x0000696e                uip_ds6_nbr_ipaddr_from_lladdr
 .text.uip_ds6_nbr_lladdr_from_ipaddr
                0x00006974       0x12 build/sky/contiki-ng-sky.a(uip-ds6-nbr.o)
                0x00006974                uip_ds6_nbr_lladdr_from_ipaddr
 .text.uip_ds6_link_callback
                0x00006986        0x2 build/sky/contiki-ng-sky.a(uip-ds6-nbr.o)
                0x00006986                uip_ds6_link_callback
 .text.tcpip_output
                0x00006988       0x22 build/sky/contiki-ng-sky.a(tcpip.o)
                0x00006988                tcpip_output
 .text.tcpip_input
                0x000069aa       0x1e build/sky/contiki-ng-sky.a(tcpip.o)
                0x000069aa                tcpip_input
 .text.tcpip_ipv6_output
                0x000069c8      0x114 build/sky/contiki-ng-sky.a(tcpip.o)
                0x000069c8                tcpip_ipv6_output
 .text.packet_input.part.3
                0x00006adc       0x12 build/sky/contiki-ng-sky.a(tcpip.o)
 .text.process_thread_tcpip_process
                0x00006aee       0xcc build/sky/contiki-ng-sky.a(tcpip.o)
 .text.tcpip_uipcall
                0x00006bba       0x2a build/sky/contiki-ng-sky.a(tcpip.o)
                0x00006bba                tcpip_uipcall
 .text.chksum   0x00006be4       0x32 build/sky/contiki-ng-sky.a(uip6.o)
 .text.upper_layer_chksum
                0x00006c16       0x58 build/sky/contiki-ng-sky.a(uip6.o)
 .text.ext_hdr_options_process
                0x00006c6e       0xa4 build/sky/contiki-ng-sky.a(uip6.o)
 .text.uip_check_mtu
                0x00006d12       0x1e build/sky/contiki-ng-sky.a(uip6.o)
 .text.uip_update_ttl
                0x00006d30       0x24 build/sky/contiki-ng-sky.a(uip6.o)
 .text.uip_icmp6chksum
                0x00006d54        0xa build/sky/contiki-ng-sky.a(uip6.o)
                0x00006d54                uip_icmp6chksum
 .text.uip_udpchksum
                0x00006d5e        0xa build/sky/contiki-ng-sky.a(uip6.o)
                0x00006d5e                uip_udpchksum
 .text.uip_init
                0x00006d68       0x3c build/sky/contiki-ng-sky.a(uip6.o)
                0x00006d68                uip_init
 .text.uip_remove_ext_hdr
                0x00006da4       0x5e build/sky/contiki-ng-sky.a(uip6.o)
                0x00006da4                uip_remove_ext_hdr
 .text.uip_process
                0x00006e02      0x4be build/sky/contiki-ng-sky.a(uip6.o)
                0x00006e02                uip_process
 .text.uip_htonl
                0x000072c0       0x2e build/sky/contiki-ng-sky.a(uip6.o)
                0x000072c0                uip_htonl
 .text.ns_input
                0x000072ee      0x284 build/sky/contiki-ng-sky.a(uip-nd6.o)
 .text.uip_nd6_init
                0x00007572        0xa build/sky/contiki-ng-sky.a(uip-nd6.o)
                0x00007572                uip_nd6_init
 .text.clear_fragments
                0x0000757c       0x40 build/sky/contiki-ng-sky.a(sicslowpan.o)
 .text.addr_context_lookup_by_number
                0x000075bc       0x16 build/sky/contiki-ng-sky.a(sicslowpan.o)
 .text.sicslowpan_init
                0x000075d2       0x18 build/sky/contiki-ng-sky.a(sicslowpan.o)
                0x000075d2                sicslowpan_init
 .text.set_packet_attrs
                0x000075ea       0x66 build/sky/contiki-ng-sky.a(sicslowpan.o)
 .text.compress_addr_64
                0x00007650       0xae build/sky/contiki-ng-sky.a(sicslowpan.o)
 .text.addr_context_lookup_by_prefix
                0x000076fe       0x20 build/sky/contiki-ng-sky.a(sicslowpan.o)
 .text.send_packet
                0x0000771e       0x1a build/sky/contiki-ng-sky.a(sicslowpan.o)
 .text.fragment_copy_payload_and_send
                0x00007738       0x66 build/sky/contiki-ng-sky.a(sicslowpan.o)
 .text.output   0x0000779e      0x7c6 build/sky/contiki-ng-sky.a(sicslowpan.o)
 .text.packet_sent
                0x00007f64       0x56 build/sky/contiki-ng-sky.a(sicslowpan.o)
 .text.store_fragment
                0x00007fba       0xb8 build/sky/contiki-ng-sky.a(sicslowpan.o)
 .text.add_fragment
                0x00008072      0x1fc build/sky/contiki-ng-sky.a(sicslowpan.o)
 .text.uncompress_addr
                0x0000826e       0xb4 build/sky/contiki-ng-sky.a(sicslowpan.o)
 .text.input    0x00008322      0x9ce build/sky/contiki-ng-sky.a(sicslowpan.o)
 .text.uiplib_ipaddr_snprint
                0x00008cf0      0x12c build/sky/contiki-ng-sky.a(uiplib.o)
                0x00008cf0                uiplib_ipaddr_snprint
 .text.rpl_has_joined
                0x00008e1c       0x12 build/sky/contiki-ng-sky.a(rpl.o)
                0x00008e1c                rpl_has_joined
 .text.rpl_is_reachable
                0x00008e2e       0x12 build/sky/contiki-ng-sky.a(rpl.o)
                0x00008e2e                rpl_is_reachable
 .text.neighbor_state_changed
                0x00008e40        0x2 build/sky/contiki-ng-sky.a(rpl.o)
 .text.drop_route
                0x00008e42        0x2 build/sky/contiki-ng-sky.a(rpl.o)
 .text.rpl_get_leaf_only
                0x00008e44        0x6 build/sky/contiki-ng-sky.a(rpl.o)
                0x00008e44                rpl_get_leaf_only
 .text.get_sr_node_ipaddr
                0x00008e4a       0x34 build/sky/contiki-ng-sky.a(rpl.o)
 .text.init     0x00008e7e       0x42 build/sky/contiki-ng-sky.a(rpl.o)
 .text.set_ip_from_prefix
                0x00008ec0       0x38 build/sky/contiki-ng-sky.a(rpl.o)
 .text.rpl_link_callback
                0x00008ef8       0x1e build/sky/contiki-ng-sky.a(rpl.o)
                0x00008ef8                rpl_link_callback
 .text.rpl_lollipop_greater_than
                0x00008f16       0x3c build/sky/contiki-ng-sky.a(rpl.o)
                0x00008f16                rpl_lollipop_greater_than
 .text.rpl_get_global_address
                0x00008f52       0xbe build/sky/contiki-ng-sky.a(rpl.o)
                0x00008f52                rpl_get_global_address
 .text.rpl_reset_prefix
                0x00009010       0x24 build/sky/contiki-ng-sky.a(rpl.o)
                0x00009010                rpl_reset_prefix
 .text.rpl_set_prefix_from_addr
                0x00009034       0x92 build/sky/contiki-ng-sky.a(rpl.o)
                0x00009034                rpl_set_prefix_from_addr
 .text.get32    0x000090c6       0x46 build/sky/contiki-ng-sky.a(rpl-icmp6.o)
 .text.set32    0x0000910c       0x2a build/sky/contiki-ng-sky.a(rpl-icmp6.o)
 .text.get16    0x00009136        0xe build/sky/contiki-ng-sky.a(rpl-icmp6.o)
 .text.set16    0x00009144       0x10 build/sky/contiki-ng-sky.a(rpl-icmp6.o)
 .text.dao_ack_input
                0x00009154       0x30 build/sky/contiki-ng-sky.a(rpl-icmp6.o)
 .text.dao_input
                0x00009184      0x13c build/sky/contiki-ng-sky.a(rpl-icmp6.o)
 .text.dio_input
                0x000092c0      0x29c build/sky/contiki-ng-sky.a(rpl-icmp6.o)
 .text.dis_input
                0x0000955c       0x1e build/sky/contiki-ng-sky.a(rpl-icmp6.o)
 .text.rpl_icmp6_update_nbr_table
                0x0000957a       0x36 build/sky/contiki-ng-sky.a(rpl-icmp6.o)
                0x0000957a                rpl_icmp6_update_nbr_table
 .text.rpl_icmp6_dis_output
                0x000095b0       0x34 build/sky/contiki-ng-sky.a(rpl-icmp6.o)
                0x000095b0                rpl_icmp6_dis_output
 .text.rpl_icmp6_dio_output
                0x000095e4      0x23a build/sky/contiki-ng-sky.a(rpl-icmp6.o)
                0x000095e4                rpl_icmp6_dio_output
 .text.rpl_icmp6_dao_output
                0x0000981e       0xe2 build/sky/contiki-ng-sky.a(rpl-icmp6.o)
                0x0000981e                rpl_icmp6_dao_output
 .text.rpl_icmp6_dao_ack_output
                0x00009900       0x4e build/sky/contiki-ng-sky.a(rpl-icmp6.o)
                0x00009900                rpl_icmp6_dao_ack_output
 .text.rpl_icmp6_init
                0x0000994e       0x22 build/sky/contiki-ng-sky.a(rpl-icmp6.o)
                0x0000994e                rpl_icmp6_init
 .text.rpl_dag_root_set_prefix
                0x00009970       0x62 build/sky/contiki-ng-sky.a(rpl-dag-root.o)
                0x00009970                rpl_dag_root_set_prefix
 .text.rpl_dag_root_start
                0x000099d2       0x8e build/sky/contiki-ng-sky.a(rpl-dag-root.o)
                0x000099d2                rpl_dag_root_start
 .text.rpl_dag_root_is_root
                0x00009a60       0x14 build/sky/contiki-ng-sky.a(rpl-dag-root.o)
                0x00009a60                rpl_dag_root_is_root
 .text.init_platform
                0x00009a74        0xc build/sky/contiki-ng-sky.a(contiki-sky-pla)
                0x00009a74                init_platform
 .text.owreadb  0x00009a80       0x50 build/sky/contiki-ng-sky.a(ds2411.o)
 .text.ds2411_init
                0x00009ad0      0x120 build/sky/contiki-ng-sky.a(ds2411.o)
                0x00009ad0                ds2411_init
 .text.xmem_init
                0x00009bf0       0x3c build/sky/contiki-ng-sky.a(xmem.o)
                0x00009bf0                xmem_init
 .text.get_object
                0x00009c2c        0x4 build/sky/contiki-ng-sky.a(cc2420.o)
 .text.set_object
                0x00009c30        0x4 build/sky/contiki-ng-sky.a(cc2420.o)
 .text.strobe   0x00009c34       0x1c build/sky/contiki-ng-sky.a(cc2420.o)
 .text.getreg   0x00009c50       0x4c build/sky/contiki-ng-sky.a(cc2420.o)
 .text.setreg   0x00009c9c       0x4c build/sky/contiki-ng-sky.a(cc2420.o)
 .text.write_ram
                0x00009ce8       0x7c build/sky/contiki-ng-sky.a(cc2420.o)
 .text.write_fifo_buf
                0x00009d64       0x3c build/sky/contiki-ng-sky.a(cc2420.o)
 .text.get_status
                0x00009da0       0x20 build/sky/contiki-ng-sky.a(cc2420.o)
 .text.on       0x00009dc0       0x1a build/sky/contiki-ng-sky.a(cc2420.o)
 .text.cc2420_receiving_packet
                0x00009dda        0xc build/sky/contiki-ng-sky.a(cc2420.o)
 .text.pending_packet
                0x00009de6        0x8 build/sky/contiki-ng-sky.a(cc2420.o)
 .text.wait_for_transmission
                0x00009dee       0x22 build/sky/contiki-ng-sky.a(cc2420.o)
 .text.wait_for_status
                0x00009e10       0x28 build/sky/contiki-ng-sky.a(cc2420.o)
 .text.getrxdata
                0x00009e38       0x50 build/sky/contiki-ng-sky.a(cc2420.o)
 .text.flushrx  0x00009e88       0x1a build/sky/contiki-ng-sky.a(cc2420.o)
 .text.off      0x00009ea2       0x28 build/sky/contiki-ng-sky.a(cc2420.o)
 .text.RELEASE_LOCK
                0x00009eca       0x28 build/sky/contiki-ng-sky.a(cc2420.o)
 .text.set_key  0x00009ef2       0x18 build/sky/contiki-ng-sky.a(cc2420.o)
 .text.set_frame_filtering
                0x00009f0a       0x30 build/sky/contiki-ng-sky.a(cc2420.o)
 .text.set_auto_ack
                0x00009f3a       0x30 build/sky/contiki-ng-sky.a(cc2420.o)
 .text.set_poll_mode
                0x00009f6a       0x2c build/sky/contiki-ng-sky.a(cc2420.o)
 .text.cc2420_prepare
                0x00009f96       0x46 build/sky/contiki-ng-sky.a(cc2420.o)
 .text.cc2420_on
                0x00009fdc       0x22 build/sky/contiki-ng-sky.a(cc2420.o)
                0x00009fdc                cc2420_on
 .text.cc2420_transmit
                0x00009ffe       0x66 build/sky/contiki-ng-sky.a(cc2420.o)
 .text.cc2420_send
                0x0000a064       0x12 build/sky/contiki-ng-sky.a(cc2420.o)
 .text.cc2420_off
                0x0000a076       0x30 build/sky/contiki-ng-sky.a(cc2420.o)
                0x0000a076                cc2420_off
 .text.cc2420_cca
                0x0000a0a6       0x68 build/sky/contiki-ng-sky.a(cc2420.o)
 .text.cc2420_read
                0x0000a10e       0xbe build/sky/contiki-ng-sky.a(cc2420.o)
 .text.process_thread_cc2420_process
                0x0000a1cc       0x62 build/sky/contiki-ng-sky.a(cc2420.o)
 .text.encrypt  0x0000a22e       0x88 build/sky/contiki-ng-sky.a(cc2420.o)
 .text.cc2420_set_channel
                0x0000a2b6       0x3c build/sky/contiki-ng-sky.a(cc2420.o)
                0x0000a2b6                cc2420_set_channel
 .text.cc2420_set_pan_addr
                0x0000a2f2       0x4c build/sky/contiki-ng-sky.a(cc2420.o)
                0x0000a2f2                cc2420_set_pan_addr
 .text.cc2420_interrupt
                0x0000a33e       0x16 build/sky/contiki-ng-sky.a(cc2420.o)
                0x0000a33e                cc2420_interrupt
 .text.cc2420_set_txpower
                0x0000a354       0x2c build/sky/contiki-ng-sky.a(cc2420.o)
                0x0000a354                cc2420_set_txpower
 .text.cc2420_get_txpower
                0x0000a380       0x1e build/sky/contiki-ng-sky.a(cc2420.o)
                0x0000a380                cc2420_get_txpower
 .text.cc2420_rssi
                0x0000a39e       0x4c build/sky/contiki-ng-sky.a(cc2420.o)
                0x0000a39e                cc2420_rssi
 .text.get_value
                0x0000a3ea      0x11e build/sky/contiki-ng-sky.a(cc2420.o)
 .text.cc2420_set_cca_threshold
                0x0000a508       0x16 build/sky/contiki-ng-sky.a(cc2420.o)
                0x0000a508                cc2420_set_cca_threshold
 .text.set_value
                0x0000a51e      0x150 build/sky/contiki-ng-sky.a(cc2420.o)
 .text.cc2420_init
                0x0000a66e       0xea build/sky/contiki-ng-sky.a(cc2420.o)
                0x0000a66e                cc2420_init
 .text.cc2420_port1_interrupt
                0x0000a758       0x20 build/sky/contiki-ng-sky.a(cc2420-arch.o)
                0x0000a758                __isr_4
                0x0000a758                cc2420_port1_interrupt
 .text.cc2420_arch_init
                0x0000a778       0x1a build/sky/contiki-ng-sky.a(cc2420-arch.o)
                0x0000a778                cc2420_arch_init
 .text.uart1_active
                0x0000a792       0x18 build/sky/contiki-ng-sky.a(uart1.o)
                0x0000a792                uart1_active
 .text.uart1_writeb
                0x0000a7aa       0x18 build/sky/contiki-ng-sky.a(uart1.o)
                0x0000a7aa                uart1_writeb
 .text.uart1_init
                0x0000a7c2       0xf4 build/sky/contiki-ng-sky.a(uart1.o)
                0x0000a7c2                uart1_init
 .text.timera0  0x0000a8b6       0x2e build/sky/contiki-ng-sky.a(rtimer-arch.o)
                0x0000a8b6                __isr_6
                0x0000a8b6                timera0
 .text.rtimer_arch_init
                0x0000a8e4        0xe build/sky/contiki-ng-sky.a(rtimer-arch.o)
                0x0000a8e4                rtimer_arch_init
 .text.rtimer_arch_now
                0x0000a8f2        0xe build/sky/contiki-ng-sky.a(rtimer-arch.o)
                0x0000a8f2                rtimer_arch_now
 .text.rtimer_arch_schedule
                0x0000a900        0x6 build/sky/contiki-ng-sky.a(rtimer-arch.o)
                0x0000a900                rtimer_arch_schedule
 .text.stimer_set
                0x0000a906       0x1c build/sky/contiki-ng-sky.a(stimer.o)
                0x0000a906                stimer_set
 .text.stimer_expired
                0x0000a922       0x30 build/sky/contiki-ng-sky.a(stimer.o)
                0x0000a922                stimer_expired
 .text.memb_init
                0x0000a952       0x36 build/sky/contiki-ng-sky.a(memb.o)
                0x0000a952                memb_init
 .text.memb_alloc
                0x0000a988       0x3e build/sky/contiki-ng-sky.a(memb.o)
                0x0000a988                memb_alloc
 .text.memb_free
                0x0000a9c6       0x32 build/sky/contiki-ng-sky.a(memb.o)
                0x0000a9c6                memb_free
 .text.memb_inmemb
                0x0000a9f8       0x2a build/sky/contiki-ng-sky.a(memb.o)
                0x0000a9f8                memb_inmemb
 .text.memb_numfree
                0x0000aa22       0x26 build/sky/contiki-ng-sky.a(memb.o)
                0x0000aa22                memb_numfree
 .text.item_from_index
                0x0000aa48       0x2a build/sky/contiki-ng-sky.a(nbr-table.o)
 .text.index_from_key
                0x0000aa72       0x26 build/sky/contiki-ng-sky.a(nbr-table.o)
 .text.index_from_item
                0x0000aa98       0x1e build/sky/contiki-ng-sky.a(nbr-table.o)
 .text.nbr_set_bit
                0x0000aab6       0x58 build/sky/contiki-ng-sky.a(nbr-table.o)
 .text.index_from_lladdr
                0x0000ab0e       0x42 build/sky/contiki-ng-sky.a(nbr-table.o)
 .text.nbr_get_bit.constprop.0
                0x0000ab50       0x2e build/sky/contiki-ng-sky.a(nbr-table.o)
 .text.nbr_table_is_registered
                0x0000ab7e       0x22 build/sky/contiki-ng-sky.a(nbr-table.o)
                0x0000ab7e                nbr_table_is_registered
 .text.nbr_table_register
                0x0000aba0       0x40 build/sky/contiki-ng-sky.a(nbr-table.o)
                0x0000aba0                nbr_table_register
 .text.nbr_table_next
                0x0000abe0       0x54 build/sky/contiki-ng-sky.a(nbr-table.o)
                0x0000abe0                nbr_table_next
 .text.nbr_table_head
                0x0000ac34       0x3a build/sky/contiki-ng-sky.a(nbr-table.o)
                0x0000ac34                nbr_table_head
 .text.nbr_table_add_lladdr
                0x0000ac6e      0x168 build/sky/contiki-ng-sky.a(nbr-table.o)
                0x0000ac6e                nbr_table_add_lladdr
 .text.nbr_table_get_from_lladdr
                0x0000add6       0x2c build/sky/contiki-ng-sky.a(nbr-table.o)
                0x0000add6                nbr_table_get_from_lladdr
 .text.nbr_table_remove
                0x0000ae02       0x32 build/sky/contiki-ng-sky.a(nbr-table.o)
                0x0000ae02                nbr_table_remove
 .text.nbr_table_lock
                0x0000ae34       0x10 build/sky/contiki-ng-sky.a(nbr-table.o)
                0x0000ae34                nbr_table_lock
 .text.nbr_table_unlock
                0x0000ae44       0x10 build/sky/contiki-ng-sky.a(nbr-table.o)
                0x0000ae44                nbr_table_unlock
 .text.nbr_table_get_lladdr
                0x0000ae54       0x22 build/sky/contiki-ng-sky.a(nbr-table.o)
                0x0000ae54                nbr_table_get_lladdr
 .text.periodic
                0x0000ae76       0x28 build/sky/contiki-ng-sky.a(link-stats.o)
 .text.link_stats_from_lladdr
                0x0000ae9e        0xc build/sky/contiki-ng-sky.a(link-stats.o)
                0x0000ae9e                link_stats_from_lladdr
 .text.link_stats_is_fresh
                0x0000aeaa       0x30 build/sky/contiki-ng-sky.a(link-stats.o)
                0x0000aeaa                link_stats_is_fresh
 .text.guess_etx_from_rssi
                0x0000aeda       0x42 build/sky/contiki-ng-sky.a(link-stats.o)
                0x0000aeda                guess_etx_from_rssi
 .text.link_stats_packet_sent
                0x0000af1c       0xde build/sky/contiki-ng-sky.a(link-stats.o)
                0x0000af1c                link_stats_packet_sent
 .text.link_stats_input_callback
                0x0000affa       0xb4 build/sky/contiki-ng-sky.a(link-stats.o)
                0x0000affa                link_stats_input_callback
 .text.link_stats_reset
                0x0000b0ae       0x2a build/sky/contiki-ng-sky.a(link-stats.o)
                0x0000b0ae                link_stats_reset
 .text.link_stats_init
                0x0000b0d8       0x22 build/sky/contiki-ng-sky.a(link-stats.o)
                0x0000b0d8                link_stats_init
 .text.mac_sequence_is_duplicate
                0x0000b0fa       0x84 build/sky/contiki-ng-sky.a(mac-sequence.o)
                0x0000b0fa                mac_sequence_is_duplicate
 .text.mac_sequence_register_seqno
                0x0000b17e       0x90 build/sky/contiki-ng-sky.a(mac-sequence.o)
                0x0000b17e                mac_sequence_register_seqno
 .text.mac_call_sent_callback
                0x0000b20e       0x14 build/sky/contiki-ng-sky.a(mac.o)
                0x0000b20e                mac_call_sent_callback
 .text.parse    0x0000b222       0xa0 build/sky/contiki-ng-sky.a(framer-802154.o)
 .text.framer_802154_setup_params
                0x0000b2c2       0xb8 build/sky/contiki-ng-sky.a(framer-802154.o)
                0x0000b2c2                framer_802154_setup_params
 .text.create_frame
                0x0000b37a       0xde build/sky/contiki-ng-sky.a(framer-802154.o)
 .text.create   0x0000b458        0x8 build/sky/contiki-ng-sky.a(framer-802154.o)
 .text.hdr_length
                0x0000b460        0x8 build/sky/contiki-ng-sky.a(framer-802154.o)
 .text.frame802154_get_pan_id
                0x0000b468        0x6 build/sky/contiki-ng-sky.a(frame802154.o)
                0x0000b468                frame802154_get_pan_id
 .text.frame802154_has_panid
                0x0000b46e       0xe0 build/sky/contiki-ng-sky.a(frame802154.o)
                0x0000b46e                frame802154_has_panid
 .text.field_len
                0x0000b54e       0xac build/sky/contiki-ng-sky.a(frame802154.o)
 .text.frame802154_is_broadcast_addr
                0x0000b5fa       0x28 build/sky/contiki-ng-sky.a(frame802154.o)
                0x0000b5fa                frame802154_is_broadcast_addr
 .text.frame802154_hdrlen
                0x0000b622       0x32 build/sky/contiki-ng-sky.a(frame802154.o)
                0x0000b622                frame802154_hdrlen
 .text.frame802154_create_fcf
                0x0000b654       0x96 build/sky/contiki-ng-sky.a(frame802154.o)
                0x0000b654                frame802154_create_fcf
 .text.frame802154_create
                0x0000b6ea       0xe4 build/sky/contiki-ng-sky.a(frame802154.o)
                0x0000b6ea                frame802154_create
 .text.frame802154_parse_fcf
                0x0000b7ce       0xbc build/sky/contiki-ng-sky.a(frame802154.o)
                0x0000b7ce                frame802154_parse_fcf
 .text.frame802154_parse
                0x0000b88a      0x168 build/sky/contiki-ng-sky.a(frame802154.o)
                0x0000b88a                frame802154_parse
 .text.csma_security_create_frame
                0x0000b9f2       0x10 build/sky/contiki-ng-sky.a(csma-security.o)
                0x0000b9f2                csma_security_create_frame
 .text.csma_security_parse_frame
                0x0000ba02        0x6 build/sky/contiki-ng-sky.a(csma-security.o)
                0x0000ba02                csma_security_parse_frame
 .text.uipbuf_add_ext_hdr
                0x0000ba08       0x1c build/sky/contiki-ng-sky.a(uipbuf.o)
                0x0000ba08                uipbuf_add_ext_hdr
 .text.uipbuf_set_len
                0x0000ba24       0x12 build/sky/contiki-ng-sky.a(uipbuf.o)
                0x0000ba24                uipbuf_set_len
 .text.uipbuf_set_len_field
                0x0000ba36        0xe build/sky/contiki-ng-sky.a(uipbuf.o)
                0x0000ba36                uipbuf_set_len_field
 .text.uipbuf_get_len_field
                0x0000ba44        0xe build/sky/contiki-ng-sky.a(uipbuf.o)
                0x0000ba44                uipbuf_get_len_field
 .text.uipbuf_get_next_header
                0x0000ba52       0x62 build/sky/contiki-ng-sky.a(uipbuf.o)
                0x0000ba52                uipbuf_get_next_header
 .text.uipbuf_get_last_header
                0x0000bab4       0x3e build/sky/contiki-ng-sky.a(uipbuf.o)
                0x0000bab4                uipbuf_get_last_header
 .text.uipbuf_search_header
                0x0000baf2       0x4e build/sky/contiki-ng-sky.a(uipbuf.o)
                0x0000baf2                uipbuf_search_header
 .text.uipbuf_get_attr
                0x0000bb40       0x14 build/sky/contiki-ng-sky.a(uipbuf.o)
                0x0000bb40                uipbuf_get_attr
 .text.uipbuf_clear_attr
                0x0000bb54       0x12 build/sky/contiki-ng-sky.a(uipbuf.o)
                0x0000bb54                uipbuf_clear_attr
 .text.uipbuf_clear
                0x0000bb66       0x12 build/sky/contiki-ng-sky.a(uipbuf.o)
                0x0000bb66                uipbuf_clear
 .text.uipbuf_init
                0x0000bb78       0x1a build/sky/contiki-ng-sky.a(uipbuf.o)
                0x0000bb78                uipbuf_init
 .text.echo_reply_input
                0x0000bb92       0x68 build/sky/contiki-ng-sky.a(uip-icmp6.o)
 .text.echo_request_input
                0x0000bbfa       0x86 build/sky/contiki-ng-sky.a(uip-icmp6.o)
 .text.uip_icmp6_input
                0x0000bc80       0x48 build/sky/contiki-ng-sky.a(uip-icmp6.o)
                0x0000bc80                uip_icmp6_input
 .text.uip_icmp6_register_input_handler
                0x0000bcc8        0xc build/sky/contiki-ng-sky.a(uip-icmp6.o)
                0x0000bcc8                uip_icmp6_register_input_handler
 .text.uip_icmp6_error_output
                0x0000bcd4      0x146 build/sky/contiki-ng-sky.a(uip-icmp6.o)
                0x0000bcd4                uip_icmp6_error_output
 .text.uip_icmp6_send
                0x0000be1a       0x8e build/sky/contiki-ng-sky.a(uip-icmp6.o)
                0x0000be1a                uip_icmp6_send
 .text.uip_icmp6_init
                0x0000bea8       0x12 build/sky/contiki-ng-sky.a(uip-icmp6.o)
                0x0000bea8                uip_icmp6_init
 .text.node_matches_address.part.0
                0x0000beba       0x2e build/sky/contiki-ng-sky.a(uip-sr.o)
 .text.uip_sr_get_node
                0x0000bee8       0x44 build/sky/contiki-ng-sky.a(uip-sr.o)
                0x0000bee8                uip_sr_get_node
 .text.uip_sr_is_addr_reachable
                0x0000bf2c       0x4e build/sky/contiki-ng-sky.a(uip-sr.o)
                0x0000bf2c                uip_sr_is_addr_reachable
 .text.uip_sr_expire_parent
                0x0000bf7a       0x42 build/sky/contiki-ng-sky.a(uip-sr.o)
                0x0000bf7a                uip_sr_expire_parent
 .text.uip_sr_update_node
                0x0000bfbc       0xbc build/sky/contiki-ng-sky.a(uip-sr.o)
                0x0000bfbc                uip_sr_update_node
 .text.uip_sr_init
                0x0000c078       0x16 build/sky/contiki-ng-sky.a(uip-sr.o)
                0x0000c078                uip_sr_init
 .text.uip_sr_periodic
                0x0000c08e       0x9a build/sky/contiki-ng-sky.a(uip-sr.o)
                0x0000c08e                uip_sr_periodic
 .text.uip_sr_free_all
                0x0000c128       0x3c build/sky/contiki-ng-sky.a(uip-sr.o)
                0x0000c128                uip_sr_free_all
 .text.init_dag
                0x0000c164       0x84 build/sky/contiki-ng-sky.a(rpl-dag.o)
 .text.process_dio_init_dag
                0x0000c1e8       0xb0 build/sky/contiki-ng-sky.a(rpl-dag.o)
 .text.rpl_dag_get_root_ipaddr
                0x0000c298       0x1e build/sky/contiki-ng-sky.a(rpl-dag.o)
                0x0000c298                rpl_dag_get_root_ipaddr
 .text.rpl_dag_leave
                0x0000c2b6       0x4a build/sky/contiki-ng-sky.a(rpl-dag.o)
                0x0000c2b6                rpl_dag_leave
 .text.rpl_dag_poison_and_leave
                0x0000c300        0xc build/sky/contiki-ng-sky.a(rpl-dag.o)
                0x0000c300                rpl_dag_poison_and_leave
 .text.rpl_dag_periodic
                0x0000c30c       0x6a build/sky/contiki-ng-sky.a(rpl-dag.o)
                0x0000c30c                rpl_dag_periodic
 .text.rpl_is_addr_in_our_dag
                0x0000c376       0x34 build/sky/contiki-ng-sky.a(rpl-dag.o)
                0x0000c376                rpl_is_addr_in_our_dag
 .text.rpl_local_repair
                0x0000c3aa       0x2a build/sky/contiki-ng-sky.a(rpl-dag.o)
                0x0000c3aa                rpl_local_repair
 .text.rpl_global_repair
                0x0000c3d4       0x2e build/sky/contiki-ng-sky.a(rpl-dag.o)
                0x0000c3d4                rpl_global_repair
 .text.rpl_dag_ready_to_advertise
                0x0000c402       0x22 build/sky/contiki-ng-sky.a(rpl-dag.o)
                0x0000c402                rpl_dag_ready_to_advertise
 .text.rpl_dag_update_state
                0x0000c424      0x140 build/sky/contiki-ng-sky.a(rpl-dag.o)
                0x0000c424                rpl_dag_update_state
 .text.rpl_process_dio
                0x0000c564      0x1b6 build/sky/contiki-ng-sky.a(rpl-dag.o)
                0x0000c564                rpl_process_dio
 .text.rpl_process_dis
                0x0000c71a       0x2a build/sky/contiki-ng-sky.a(rpl-dag.o)
                0x0000c71a                rpl_process_dis
 .text.rpl_process_dao
                0x0000c744       0x6c build/sky/contiki-ng-sky.a(rpl-dag.o)
                0x0000c744                rpl_process_dao
 .text.rpl_process_dao_ack
                0x0000c7b0       0x54 build/sky/contiki-ng-sky.a(rpl-dag.o)
                0x0000c7b0                rpl_process_dao_ack
 .text.rpl_process_hbh
                0x0000c804       0x2e build/sky/contiki-ng-sky.a(rpl-dag.o)
                0x0000c804                rpl_process_hbh
 .text.rpl_dag_init_root
                0x0000c832       0xbc build/sky/contiki-ng-sky.a(rpl-dag.o)
                0x0000c832                rpl_dag_init_root
 .text.rpl_dag_init
                0x0000c8ee       0x10 build/sky/contiki-ng-sky.a(rpl-dag.o)
                0x0000c8ee                rpl_dag_init
 .text.remove_neighbor
                0x0000c8fe       0x24 build/sky/contiki-ng-sky.a(rpl-neighbor.o)
 .text.rpl_neighbor_get_from_lladdr
                0x0000c922        0xc build/sky/contiki-ng-sky.a(rpl-neighbor.o)
                0x0000c922                rpl_neighbor_get_from_lladdr
 .text.rpl_neighbor_rank_via_nbr
                0x0000c92e       0x18 build/sky/contiki-ng-sky.a(rpl-neighbor.o)
                0x0000c92e                rpl_neighbor_rank_via_nbr
 .text.rpl_neighbor_get_lladdr
                0x0000c946        0xc build/sky/contiki-ng-sky.a(rpl-neighbor.o)
                0x0000c946                rpl_neighbor_get_lladdr
 .text.rpl_neighbor_get_ipaddr
                0x0000c952        0xa build/sky/contiki-ng-sky.a(rpl-neighbor.o)
                0x0000c952                rpl_neighbor_get_ipaddr
 .text.rpl_neighbor_get_link_stats
                0x0000c95c        0xa build/sky/contiki-ng-sky.a(rpl-neighbor.o)
                0x0000c95c                rpl_neighbor_get_link_stats
 .text.rpl_neighbor_is_fresh
                0x0000c966        0xa build/sky/contiki-ng-sky.a(rpl-neighbor.o)
                0x0000c966                rpl_neighbor_is_fresh
 .text.best_parent
                0x0000c970       0xb4 build/sky/contiki-ng-sky.a(rpl-neighbor.o)
 .text.rpl_neighbor_is_parent
                0x0000ca24       0x18 build/sky/contiki-ng-sky.a(rpl-neighbor.o)
                0x0000ca24                rpl_neighbor_is_parent
 .text.rpl_neighbor_set_preferred_parent
                0x0000ca3c       0x48 build/sky/contiki-ng-sky.a(rpl-neighbor.o)
                0x0000ca3c                rpl_neighbor_set_preferred_parent
 .text.rpl_neighbor_remove_all
                0x0000ca84       0x30 build/sky/contiki-ng-sky.a(rpl-neighbor.o)
                0x0000ca84                rpl_neighbor_remove_all
 .text.rpl_neighbor_get_from_ipaddr
                0x0000cab4       0x14 build/sky/contiki-ng-sky.a(rpl-neighbor.o)
                0x0000cab4                rpl_neighbor_get_from_ipaddr
 .text.rpl_neighbor_select_best
                0x0000cac8       0x54 build/sky/contiki-ng-sky.a(rpl-neighbor.o)
                0x0000cac8                rpl_neighbor_select_best
 .text.rpl_neighbor_init
                0x0000cb1c        0xe build/sky/contiki-ng-sky.a(rpl-neighbor.o)
                0x0000cb1c                rpl_neighbor_init
 .text.handle_state_update
                0x0000cb2a        0x6 build/sky/contiki-ng-sky.a(rpl-timers.o)
 .text.handle_leaving_timer
                0x0000cb30        0xc build/sky/contiki-ng-sky.a(rpl-timers.o)
 .text.schedule_dao_retransmission
                0x0000cb3c       0x34 build/sky/contiki-ng-sky.a(rpl-timers.o)
 .text.new_dio_interval
                0x0000cb70       0x8a build/sky/contiki-ng-sky.a(rpl-timers.o)
 .text.handle_unicast_dio_timer
                0x0000cbfa       0x12 build/sky/contiki-ng-sky.a(rpl-timers.o)
 .text.send_new_dao
                0x0000cc0c       0x28 build/sky/contiki-ng-sky.a(rpl-timers.o)
 .text.resend_dao
                0x0000cc34       0x24 build/sky/contiki-ng-sky.a(rpl-timers.o)
 .text.handle_dao_ack_timer
                0x0000cc58       0x12 build/sky/contiki-ng-sky.a(rpl-timers.o)
 .text.handle_dio_timer
                0x0000cc6a       0x6e build/sky/contiki-ng-sky.a(rpl-timers.o)
 .text.rpl_timers_schedule_periodic_dis
                0x0000ccd8       0x40 build/sky/contiki-ng-sky.a(rpl-timers.o)
                0x0000ccd8                rpl_timers_schedule_periodic_dis
 .text.handle_periodic_timer
                0x0000cd18       0x3a build/sky/contiki-ng-sky.a(rpl-timers.o)
 .text.handle_dis_timer
                0x0000cd52       0x26 build/sky/contiki-ng-sky.a(rpl-timers.o)
 .text.rpl_timers_dio_reset
                0x0000cd78       0x2e build/sky/contiki-ng-sky.a(rpl-timers.o)
                0x0000cd78                rpl_timers_dio_reset
 .text.rpl_timers_schedule_unicast_dio
                0x0000cda6       0x20 build/sky/contiki-ng-sky.a(rpl-timers.o)
                0x0000cda6                rpl_timers_schedule_unicast_dio
 .text.rpl_timers_schedule_dao
                0x0000cdc6       0x3c build/sky/contiki-ng-sky.a(rpl-timers.o)
                0x0000cdc6                rpl_timers_schedule_dao
 .text.rpl_timers_schedule_dao_ack
                0x0000ce02       0x34 build/sky/contiki-ng-sky.a(rpl-timers.o)
                0x0000ce02                rpl_timers_schedule_dao_ack
 .text.rpl_timers_notify_dao_ack
                0x0000ce36       0x82 build/sky/contiki-ng-sky.a(rpl-timers.o)
                0x0000ce36                rpl_timers_notify_dao_ack
 .text.get_probing_delay
                0x0000ceb8       0x1c build/sky/contiki-ng-sky.a(rpl-timers.o)
                0x0000ceb8                get_probing_delay
 .text.get_probing_target
                0x0000ced4       0xee build/sky/contiki-ng-sky.a(rpl-timers.o)
                0x0000ced4                get_probing_target
 .text.rpl_schedule_probing
                0x0000cfc2       0x20 build/sky/contiki-ng-sky.a(rpl-timers.o)
                0x0000cfc2                rpl_schedule_probing
 .text.handle_probing_timer
                0x0000cfe2       0x2a build/sky/contiki-ng-sky.a(rpl-timers.o)
 .text.rpl_schedule_probing_now
                0x0000d00c       0x24 build/sky/contiki-ng-sky.a(rpl-timers.o)
                0x0000d00c                rpl_schedule_probing_now
 .text.rpl_timers_unschedule_leaving
                0x0000d030       0x1c build/sky/contiki-ng-sky.a(rpl-timers.o)
                0x0000d030                rpl_timers_unschedule_leaving
 .text.rpl_timers_schedule_leaving
                0x0000d04c       0x2a build/sky/contiki-ng-sky.a(rpl-timers.o)
                0x0000d04c                rpl_timers_schedule_leaving
 .text.rpl_timers_init
                0x0000d076       0x1c build/sky/contiki-ng-sky.a(rpl-timers.o)
                0x0000d076                rpl_timers_init
 .text.rpl_timers_stop_dag_timers
                0x0000d092       0x4c build/sky/contiki-ng-sky.a(rpl-timers.o)
                0x0000d092                rpl_timers_stop_dag_timers
 .text.rpl_timers_unschedule_state_update
                0x0000d0de       0x10 build/sky/contiki-ng-sky.a(rpl-timers.o)
                0x0000d0de                rpl_timers_unschedule_state_update
 .text.rpl_timers_schedule_state_update
                0x0000d0ee       0x1c build/sky/contiki-ng-sky.a(rpl-timers.o)
                0x0000d0ee                rpl_timers_schedule_state_update
 .text.update_hbh_header
                0x0000d10a       0x4a build/sky/contiki-ng-sky.a(rpl-ext-header.)
 .text.rpl_ext_header_srh_get_next_hop
                0x0000d154       0x84 build/sky/contiki-ng-sky.a(rpl-ext-header.)
                0x0000d154                rpl_ext_header_srh_get_next_hop
 .text.rpl_ext_header_srh_update
                0x0000d1d8      0x118 build/sky/contiki-ng-sky.a(rpl-ext-header.)
                0x0000d1d8                rpl_ext_header_srh_update
 .text.rpl_ext_header_hbh_update
                0x0000d2f0       0x9e build/sky/contiki-ng-sky.a(rpl-ext-header.)
                0x0000d2f0                rpl_ext_header_hbh_update
 .text.rpl_ext_header_remove
                0x0000d38e       0xcc build/sky/contiki-ng-sky.a(rpl-ext-header.)
                0x0000d38e                rpl_ext_header_remove
 .text.rpl_ext_header_update
                0x0000d45a      0x2aa build/sky/contiki-ng-sky.a(rpl-ext-header.)
                0x0000d45a                rpl_ext_header_update
 .text.update_state
                0x0000d704       0x78 build/sky/contiki-ng-sky.a(rpl-nbr-policy.)
 .text.rpl_nbr_policy_find_removable
                0x0000d77c       0x50 build/sky/contiki-ng-sky.a(rpl-nbr-policy.)
                0x0000d77c                rpl_nbr_policy_find_removable
 .text.reset    0x0000d7cc        0x2 build/sky/contiki-ng-sky.a(rpl-mrhof.o)
 .text.update_metric_container
                0x0000d7ce        0x6 build/sky/contiki-ng-sky.a(rpl-mrhof.o)
 .text.nbr_link_metric
                0x0000d7d4       0x12 build/sky/contiki-ng-sky.a(rpl-mrhof.o)
 .text.nbr_has_usable_link
                0x0000d7e6       0x14 build/sky/contiki-ng-sky.a(rpl-mrhof.o)
 .text.nbr_path_cost
                0x0000d7fa       0x38 build/sky/contiki-ng-sky.a(rpl-mrhof.o)
 .text.within_hysteresis
                0x0000d832       0x54 build/sky/contiki-ng-sky.a(rpl-mrhof.o)
 .text.nbr_is_acceptable_parent
                0x0000d886       0x2c build/sky/contiki-ng-sky.a(rpl-mrhof.o)
 .text.rank_via_nbr
                0x0000d8b2       0x48 build/sky/contiki-ng-sky.a(rpl-mrhof.o)
 .text.best_parent
                0x0000d8fa       0x7c build/sky/contiki-ng-sky.a(rpl-mrhof.o)
 .text.spi_init
                0x0000d976       0x30 build/sky/contiki-ng-sky.a(spi-legacy.o)
                0x0000d976                spi_init
 .text.libgcc   0x0000d9a6       0x2c /usr/local/bin/../lib/gcc/msp430/4.7.2/mmpy-16/libgcc.a(_mulsi3.o)
                0x0000d9a6                __mulsi3
 .text.libgcc   0x0000d9d2       0x22 /usr/local/bin/../lib/gcc/msp430/4.7.2/mmpy-16/libgcc.a(_udivmod16.o)
                0x0000d9d2                __udivhi3
                0x0000d9d2                __ext_udivmod16
                0x0000d9ec                __umodhi3
 .text.libgcc   0x0000d9f4       0x3a /usr/local/bin/../lib/gcc/msp430/4.7.2/mmpy-16/libgcc.a(_divmod16.o)
                0x0000d9f4                __ext_divmod16
                0x0000d9f4                __divhi3
                0x0000da26                __modhi3
 .text.libgcc   0x0000da2e       0x40 /usr/local/bin/../lib/gcc/msp430/4.7.2/mmpy-16/libgcc.a(_udivmod32.o)
                0x0000da2e                __udivsi3
                0x0000da2e                __ext_udivmod32
                0x0000da64                __umodsi3
 .text.libgcc   0x0000da6e       0x4c /usr/local/bin/../lib/gcc/msp430/4.7.2/mmpy-16/libgcc.a(_divmod32.o)
                0x0000da6e                __ext_divmod32
                0x0000da6e                __divsi3
                0x0000dab0                __modsi3
 .text.printf   0x0000daba       0x10 /usr/local/bin/../lib/gcc/msp430/4.7.2/../../../../msp430/lib/mmpy-16/libc.a(printf.o)
                0x0000daba                printf
 .text.append   0x0000daca       0x22 /usr/local/bin/../lib/gcc/msp430/4.7.2/../../../../msp430/lib/mmpy-16/libc.a(sprintf.o)
 .text.call_vuprintf
                0x0000daec       0x3a /usr/local/bin/../lib/gcc/msp430/4.7.2/../../../../msp430/lib/mmpy-16/libc.a(sprintf.o)
 .text.snprintf
                0x0000db26       0x1a /usr/local/bin/../lib/gcc/msp430/4.7.2/../../../../msp430/lib/mmpy-16/libc.a(sprintf.o)
                0x0000db26                snprintf
 .text.print_field
                0x0000db40      0x194 /usr/local/bin/../lib/gcc/msp430/4.7.2/../../../../msp430/lib/mmpy-16/libc.a(vuprintf.o)
 .text.vuprintf
                0x0000dcd4      0x63e /usr/local/bin/../lib/gcc/msp430/4.7.2/../../../../msp430/lib/mmpy-16/libc.a(vuprintf.o)
                0x0000dcd4                vuprintf
 .text.puts     0x0000e312       0x2c /usr/local/bin/../lib/gcc/msp430/4.7.2/../../../../msp430/lib/mmpy-16/libc.a(puts.o)
                0x0000e312                puts
 .text.rand     0x0000e33e       0x26 /usr/local/bin/../lib/gcc/msp430/4.7.2/../../../../msp430/lib/mmpy-16/libc.a(rand.o)
                0x0000e33e                rand
 .text.srand    0x0000e364        0xa /usr/local/bin/../lib/gcc/msp430/4.7.2/../../../../msp430/lib/mmpy-16/libc.a(rand.o)
                0x0000e364                srand
 .text.memcmp   0x0000e36e       0x30 /usr/local/bin/../lib/gcc/msp430/4.7.2/../../../../msp430/lib/mmpy-16/libc.a(memcmp.o)
                0x0000e36e                memcmp
 .text.memcpy   0x0000e39e       0xfa /usr/local/bin/../lib/gcc/msp430/4.7.2/../../../../msp430/lib/mmpy-16/libc.a(memcpy.o)
                0x0000e39e                memcpy
 .text.memmove  0x0000e498       0xfa /usr/local/bin/../lib/gcc/msp430/4.7.2/../../../../msp430/lib/mmpy-16/libc.a(memmove.o)
                0x0000e498                memmove
 .text.memset   0x0000e592       0x6a /usr/local/bin/../lib/gcc/msp430/4.7.2/../../../../msp430/lib/mmpy-16/libc.a(memset.o)
                0x0000e592                memset
 .text.libgcc   0x0000e5fc       0xf0 /usr/local/bin/../lib/gcc/msp430/4.7.2/mmpy-16/libgcc.a(_udivmod64.o)
                0x0000e5fc                __xabi_udivmod64
                0x0000e65a                __udivdi3
                0x0000e680                __umoddi3
                0x0000e6ae                __udivmoddi4
 .text.crt0     0x0000e6ec        0x2 /usr/local/bin/../lib/gcc/msp430/4.7.2/mmpy-16/libcrt0.a(_unexpected_.o)
                0x0000e6ec                _unexpected_
 *(.near.text .near.text.*)

.rodata         0x0000e6f0      0x6a1
                0x0000e6f0                . = ALIGN (0x2)
 *(.rodata .rodata.* .gnu.linkonce.r.*)
 .rodata        0x0000e6f0      0x1f6 knockDetector.o
                0x0000e89a                autostart_processes
 .rodata        0x0000e8e6       0xf3 build/sky/obj/contiki-main.o
 *fill*         0x0000e9d9        0x1 00
 .rodata        0x0000e9da       0x10 build/sky/contiki-ng-sky.a(button-sensor.o)
                0x0000e9e2                button_sensor
 .rodata        0x0000e9ea        0x8 build/sky/contiki-ng-sky.a(sensors.o)
 .rodata        0x0000e9f2       0x31 build/sky/contiki-ng-sky.a(platform.o)
 .rodata        0x0000ea23        0xc build/sky/contiki-ng-sky.a(etimer.o)
 *fill*         0x0000ea2f        0x1 00
 .rodata        0x0000ea30       0xb6 build/sky/contiki-ng-sky.a(log.o)
 .rodata        0x0000eae6        0xf build/sky/contiki-ng-sky.a(ctimer.o)
 .rodata        0x0000eaf5       0x6a build/sky/contiki-ng-sky.a(stack-check.o)
 *fill*         0x0000eb5f        0x1 00
 .rodata        0x0000eb60        0x8 build/sky/contiki-ng-sky.a(linkaddr.o)
                0x0000eb60                linkaddr_null
 .rodata        0x0000eb68       0x14 build/sky/contiki-ng-sky.a(csma.o)
                0x0000eb6e                csma_driver
 .rodata        0x0000eb7c        0xd build/sky/contiki-ng-sky.a(tcpip.o)
 *fill*         0x0000eb89        0x1 00
 .rodata        0x0000eb8a       0x26 build/sky/contiki-ng-sky.a(sicslowpan.o)
                0x0000eb96                sicslowpan_driver
                0x0000eb9e                llprefix
                0x0000eba0                unc_mxconf
                0x0000eba4                unc_ctxconf
                0x0000eba8                unc_llconf
 .rodata        0x0000ebb0       0x2d build/sky/contiki-ng-sky.a(uiplib.o)
 *fill*         0x0000ebdd        0x1 00
 .rodata        0x0000ebde       0x34 build/sky/contiki-ng-sky.a(rpl.o)
                0x0000ebe8                rpl_lite_driver
 *fill*         0x0000ec12        0x2 00
 .rodata.get_value
                0x0000ec14       0x34 build/sky/contiki-ng-sky.a(cc2420.o)
 .rodata.set_value
                0x0000ec48       0x10 build/sky/contiki-ng-sky.a(cc2420.o)
 .rodata        0x0000ec58       0x3e build/sky/contiki-ng-sky.a(cc2420.o)
                0x0000ec58                cc2420_aes_128_driver
                0x0000ec5c                cc2420_driver
 .rodata        0x0000ec96        0x6 build/sky/contiki-ng-sky.a(framer-802154.o)
                0x0000ec96                framer_802154
 .rodata        0x0000ec9c        0x2 build/sky/contiki-ng-sky.a(frame802154.o)
 .rodata        0x0000ec9e       0xe0 build/sky/contiki-ng-sky.a(rpl-dag.o)
 .rodata        0x0000ed7e        0xc build/sky/contiki-ng-sky.a(rpl-timers.o)
 .rodata.vuprintf
                0x0000ed8a        0x7 /usr/local/bin/../lib/gcc/msp430/4.7.2/../../../../msp430/lib/mmpy-16/libc.a(vuprintf.o)
 *(.near.rodata .near.rodata.*)
                0x0000ed92                . = ALIGN (0x2)
                0x0000ed92                _etext = .

.data           0x00001100      0x15a load address 0x0000ed92
                0x00001100                . = ALIGN (0x2)
                0x00001100                __data_start = .
 *(.data .data.* .gnu.linkonce.d.*)
 .data          0x00001100       0x2a knockDetector.o
                0x00001100                login_procees
                0x0000110a                led_start_up_indicater
                0x00001114                record_password
                0x0000111e                main_process
 .data          0x0000112a        0xa build/sky/contiki-ng-sky.a(sensors.o)
                0x0000112a                sensors_process
 .data          0x00001134        0x2 build/sky/contiki-ng-sky.a(msp430.o)
 .data          0x00001136        0xa build/sky/contiki-ng-sky.a(etimer.o)
                0x00001136                etimer_process
 .data          0x00001140       0x50 build/sky/contiki-ng-sky.a(log.o)
                0x00001140                all_modules
                0x0000118e                curr_log_level_main
 .data          0x00001190        0xa build/sky/contiki-ng-sky.a(ctimer.o)
                0x00001190                ctimer_process
 .data          0x0000119a        0xa build/sky/contiki-ng-sky.a(stack-check.o)
                0x0000119a                stack_check_process
 .data          0x000011a4       0x10 build/sky/contiki-ng-sky.a(queuebuf.o)
 .data          0x000011b4       0x18 build/sky/contiki-ng-sky.a(csma-output.o)
 .data          0x000011cc        0x8 build/sky/contiki-ng-sky.a(uip-ds6-route.o)
 .data          0x000011d4        0x8 build/sky/contiki-ng-sky.a(uip-ds6-nbr.o)
 .data          0x000011dc        0xa build/sky/contiki-ng-sky.a(tcpip.o)
                0x000011dc                tcpip_process
 .data          0x000011e6        0x6 build/sky/contiki-ng-sky.a(uip-nd6.o)
 .data          0x000011ec       0x18 build/sky/contiki-ng-sky.a(rpl-icmp6.o)
 .data          0x00001204        0x4 build/sky/contiki-ng-sky.a(contiki-sky-pla)
                0x00001204                sensors
 .data          0x00001208        0xc build/sky/contiki-ng-sky.a(cc2420.o)
                0x00001208                cc2420_process
 .data          0x00001214        0x8 build/sky/contiki-ng-sky.a(nbr-table.o)
 .data          0x0000121c        0x8 build/sky/contiki-ng-sky.a(link-stats.o)
 .data          0x00001224        0x2 build/sky/contiki-ng-sky.a(frame802154.o)
 .data          0x00001226        0xc build/sky/contiki-ng-sky.a(uip-icmp6.o)
 .data          0x00001232        0x8 build/sky/contiki-ng-sky.a(uip-sr.o)
 .data          0x0000123a        0xa build/sky/contiki-ng-sky.a(rpl-neighbor.o)
                0x0000123a                rpl_neighbors
 .data          0x00001244       0x12 build/sky/contiki-ng-sky.a(rpl-mrhof.o)
                0x00001244                rpl_mrhof
 .data.next     0x00001256        0x4 /usr/local/bin/../lib/gcc/msp430/4.7.2/../../../../msp430/lib/mmpy-16/libc.a(rand.o)
 *(.near.data .near.data.*)
                0x0000125a                . = ALIGN (0x2)
                0x0000125a                _edata = .
                0x0000ed92                __data_load_start = LOADADDR (.data)
                0x0000015a                __data_size = SIZEOF (.data)

.bss            0x0000125a     0x1a9e load address 0x0000eeec
                0x0000125a                __bss_start = .
 *(.bss .bss.*)
 .bss           0x0000125a       0x3e knockDetector.o
 .bss           0x00001298        0x8 build/sky/contiki-ng-sky.a(button-sensor.o)
 .bss           0x000012a0        0x6 build/sky/contiki-ng-sky.a(sensors.o)
 .bss           0x000012a6        0x8 build/sky/contiki-ng-sky.a(platform.o)
 .bss           0x000012ae        0xa build/sky/contiki-ng-sky.a(clock.o)
 .bss           0x000012b8        0x2 build/sky/contiki-ng-sky.a(watchdog.o)
 .bss           0x000012ba        0x6 build/sky/contiki-ng-sky.a(etimer.o)
 .bss           0x000012c0       0x16 build/sky/contiki-ng-sky.a(log.o)
                0x000012c0                curr_log_level_lwm2m
                0x000012c2                curr_log_level_snmp
                0x000012c4                curr_log_level_coap
                0x000012c6                curr_log_level_6top
                0x000012c8                curr_log_level_framer
                0x000012ca                curr_log_level_mac
                0x000012cc                curr_log_level_nullnet
                0x000012ce                curr_log_level_6lowpan
                0x000012d0                curr_log_level_ipv6
                0x000012d2                curr_log_level_tcpip
                0x000012d4                curr_log_level_rpl
 .bss           0x000012d6        0x4 build/sky/contiki-ng-sky.a(ctimer.o)
 .bss           0x000012da        0x2 build/sky/contiki-ng-sky.a(rtimer.o)
 .bss           0x000012dc        0x2 build/sky/contiki-ng-sky.a(node-id.o)
                0x000012dc                node_id
 .bss           0x000012de       0xc8 build/sky/contiki-ng-sky.a(process.o)
                0x000012de                process_current
                0x000012e0                process_list
 .bss           0x000013a6        0xe build/sky/contiki-ng-sky.a(stack-check.o)
 .bss           0x000013b4      0x580 build/sky/contiki-ng-sky.a(queuebuf.o)
 .bss           0x00001934       0x86 build/sky/contiki-ng-sky.a(packetbuf.o)
 .bss           0x000019ba        0x2 build/sky/contiki-ng-sky.a(netstack.o)
 .bss           0x000019bc       0xbe build/sky/contiki-ng-sky.a(csma-output.o)
 .bss           0x00001a7a       0x28 build/sky/contiki-ng-sky.a(uip-ds6.o)
 .bss           0x00001aa2       0x3c build/sky/contiki-ng-sky.a(uip-ds6-route.o)
 .bss           0x00001ade      0x120 build/sky/contiki-ng-sky.a(uip-ds6-nbr.o)
 .bss           0x00001bfe        0xc build/sky/contiki-ng-sky.a(tcpip.o)
 .bss           0x00001c0a        0x8 build/sky/contiki-ng-sky.a(uip6.o)
                0x00001c0a                uip_last_proto
                0x00001c0c                uip_ext_len
                0x00001c0e                uip_ext_bitmap
 .bss           0x00001c12        0x8 build/sky/contiki-ng-sky.a(uip-nd6.o)
 .bss           0x00001c1a      0x6e0 build/sky/contiki-ng-sky.a(sicslowpan.o)
 .bss           0x000022fa        0x1 build/sky/contiki-ng-sky.a(rpl.o)
 *fill*         0x000022fb        0x1 00
 .bss           0x000022fc       0x12 build/sky/contiki-ng-sky.a(rpl-dag-root.o)
 .bss           0x0000230e       0x10 build/sky/contiki-ng-sky.a(cc2420.o)
 .bss           0x0000231e       0x9a build/sky/contiki-ng-sky.a(uart1.o)
 .bss           0x000023b8       0xe4 build/sky/contiki-ng-sky.a(nbr-table.o)
 .bss           0x0000249c       0xa0 build/sky/contiki-ng-sky.a(link-stats.o)
 .bss           0x0000253c       0xe0 build/sky/contiki-ng-sky.a(mac-sequence.o)
 .bss           0x0000261c        0x2 build/sky/contiki-ng-sky.a(framer-802154.o)
 .bss           0x0000261e       0x18 build/sky/contiki-ng-sky.a(uipbuf.o)
 .bss           0x00002636       0x14 build/sky/contiki-ng-sky.a(uip-icmp6.o)
 .bss           0x0000264a      0x134 build/sky/contiki-ng-sky.a(uip-sr.o)
 .bss           0x0000277e       0x80 build/sky/contiki-ng-sky.a(rpl-neighbor.o)
 .bss           0x000027fe       0x28 build/sky/contiki-ng-sky.a(rpl-timers.o)
 .bss           0x00002826        0x8 build/sky/contiki-ng-sky.a(rpl-nbr-policy.)
 .bss.destination_
                0x0000282e        0x2 /usr/local/bin/../lib/gcc/msp430/4.7.2/../../../../msp430/lib/mmpy-16/libc.a(sprintf.o)
 .bss.available_
                0x00002830        0x2 /usr/local/bin/../lib/gcc/msp430/4.7.2/../../../../msp430/lib/mmpy-16/libc.a(sprintf.o)
 *(.near.bss .near.bss.*)
 *(COMMON)
 COMMON         0x00002832        0x1 build/sky/contiki-ng-sky.a(sensors.o)
                0x00002832                sensors_event
 *fill*         0x00002833        0x1 00
 COMMON         0x00002834        0x2 build/sky/contiki-ng-sky.a(msp430.o)
                0x00002834                msp430_dco_required
 COMMON         0x00002836       0x2a build/sky/contiki-ng-sky.a(packetbuf.o)
                0x00002836                packetbuf_addrs
                0x00002846                packetbuf_attrs
 COMMON         0x00002860        0x8 build/sky/contiki-ng-sky.a(linkaddr.o)
                0x00002860                linkaddr_node_addr
 COMMON         0x00002868      0x180 build/sky/contiki-ng-sky.a(uip-ds6.o)
                0x00002868                uip_ds6_timer_ra
                0x00002870                uip_ds6_if
                0x00002980                uip_ds6_netif_addr_list_offset
                0x00002981                uip_ds6_addr_size
                0x00002982                uip_ds6_prefix_list
                0x000029dc                uip_ds6_timer_periodic
 COMMON         0x000029e8        0x1 build/sky/contiki-ng-sky.a(tcpip.o)
                0x000029e8                tcpip_event
 *fill*         0x000029e9        0x1 00
 COMMON         0x000029ea      0x1d6 build/sky/contiki-ng-sky.a(uip6.o)
                0x000029ea                uip_len
                0x000029ec                uip_sappdata
                0x000029ee                uip_lladdr
                0x000029f6                uip_aligned_buf
                0x00002ae6                uip_flags