Archive member included because of file (symbol)

build/SKY/contiki-ng-SKY.a(button-sensor.o)
                              knockDetector.o (button_sensor)
build/SKY/contiki-ng-SKY.a(sensors.o)
                              knockDetector.o (sensors_event)
build/SKY/contiki-ng-SKY.a(uart1-putchar.o)
                              knockDetector.o (putchar)
build/SKY/contiki-ng-SKY.a(platform.o)
                              build/SKY/obj/contiki-main.o (platform_init_stage_one)
build/SKY/contiki-ng-SKY.a(msp430.o)
                              build/SKY/contiki-ng-SKY.a(platform.o) (msp430_dco_required)
build/SKY/contiki-ng-SKY.a(clock.o)
                              build/SKY/obj/contiki-main.o (clock_init)
build/SKY/contiki-ng-SKY.a(leds.o)
                              build/SKY/contiki-ng-SKY.a(platform.o) (leds_init)
build/SKY/contiki-ng-SKY.a(leds-arch.o)
                              build/SKY/contiki-ng-SKY.a(leds.o) (leds_arch_init)
build/SKY/contiki-ng-SKY.a(watchdog.o)
                              build/SKY/obj/contiki-main.o (watchdog_start)
build/SKY/contiki-ng-SKY.a(autostart.o)
                              build/SKY/obj/contiki-main.o (autostart_start)
build/SKY/contiki-ng-SKY.a(energest.o)
                              build/SKY/obj/contiki-main.o (energest_init)
build/SKY/contiki-ng-SKY.a(etimer.o)
                              build/SKY/contiki-ng-SKY.a(clock.o) (etimer_request_poll)
build/SKY/contiki-ng-SKY.a(log.o)
                              build/SKY/obj/contiki-main.o (log_6addr)
build/SKY/contiki-ng-SKY.a(ctimer.o)
                              build/SKY/obj/contiki-main.o (ctimer_init)
build/SKY/contiki-ng-SKY.a(rtimer.o)
                              build/SKY/obj/contiki-main.o (rtimer_init)
build/SKY/contiki-ng-SKY.a(node-id.o)
                              build/SKY/obj/contiki-main.o (node_id_init)
build/SKY/contiki-ng-SKY.a(process.o)
                              build/SKY/contiki-ng-SKY.a(etimer.o) (process_current)
build/SKY/contiki-ng-SKY.a(timer.o)
                              knockDetector.o (timer_set)
build/SKY/contiki-ng-SKY.a(stack-check.o)
                              build/SKY/obj/contiki-main.o (stack_check_init)
build/SKY/contiki-ng-SKY.a(list.o)
                              build/SKY/contiki-ng-SKY.a(ctimer.o) (list_init)
build/SKY/contiki-ng-SKY.a(random.o)
                              build/SKY/contiki-ng-SKY.a(platform.o) (random_init)
build/SKY/contiki-ng-SKY.a(queuebuf.o)
                              build/SKY/obj/contiki-main.o (queuebuf_init)
build/SKY/contiki-ng-SKY.a(packetbuf.o)
                              build/SKY/contiki-ng-SKY.a(queuebuf.o) (packetbuf_copyto)
build/SKY/contiki-ng-SKY.a(netstack.o)
                              build/SKY/obj/contiki-main.o (netstack_init)
build/SKY/contiki-ng-SKY.a(linkaddr.o)
                              build/SKY/contiki-ng-SKY.a(platform.o) (linkaddr_copy)
build/SKY/contiki-ng-SKY.a(csma.o)
                              build/SKY/obj/contiki-main.o (csma_driver)
build/SKY/contiki-ng-SKY.a(csma-output.o)
                              build/SKY/contiki-ng-SKY.a(csma.o) (csma_output_packet)
build/SKY/contiki-ng-SKY.a(uip-ds6.o)
                              build/SKY/obj/contiki-main.o (uip_ds6_get_link_local)
build/SKY/contiki-ng-SKY.a(uip-ds6-route.o)
                              build/SKY/contiki-ng-SKY.a(uip-ds6.o) (uip_ds6_route_init)
build/SKY/contiki-ng-SKY.a(uip-ds6-nbr.o)
                              build/SKY/contiki-ng-SKY.a(uip-ds6.o) (uip_ds6_neighbors_init)
build/SKY/contiki-ng-SKY.a(tcpip.o)
                              build/SKY/obj/contiki-main.o (tcpip_process)
build/SKY/contiki-ng-SKY.a(uip6.o)
                              build/SKY/contiki-ng-SKY.a(tcpip.o) (uip_aligned_buf)
build/SKY/contiki-ng-SKY.a(uip-nd6.o)
                              build/SKY/contiki-ng-SKY.a(uip6.o) (uip_nd6_init)
build/SKY/contiki-ng-SKY.a(sicslowpan.o)
                              build/SKY/obj/contiki-main.o (sicslowpan_driver)
build/SKY/contiki-ng-SKY.a(uiplib.o)
                              build/SKY/contiki-ng-SKY.a(log.o) (uiplib_ipaddr_snprint)
build/SKY/contiki-ng-SKY.a(rpl.o)
                              build/SKY/obj/contiki-main.o (rpl_lite_driver)
build/SKY/contiki-ng-SKY.a(rpl-icmp6.o)
                              build/SKY/contiki-ng-SKY.a(rpl.o) (rpl_icmp6_init)
build/SKY/contiki-ng-SKY.a(rpl-dag-root.o)
                              build/SKY/contiki-ng-SKY.a(rpl.o) (rpl_dag_root_set_prefix)
build/SKY/contiki-ng-SKY.a(contiki-sky-pla)
                              build/SKY/contiki-ng-SKY.a(platform.o) (init_platform)
build/SKY/contiki-ng-SKY.a(ds2411.o)
                              build/SKY/contiki-ng-SKY.a(platform.o) (ds2411_init)
build/SKY/contiki-ng-SKY.a(xmem.o)
                              build/SKY/contiki-ng-SKY.a(platform.o) (xmem_init)
build/SKY/contiki-ng-SKY.a(cc2420.o)
                              build/SKY/contiki-ng-SKY.a(platform.o) (cc2420_set_pan_addr)
[...]
Memory Configuration

Name             Origin             Length             Attributes
sfr              0x00000000         0x00000010
peripheral_8bit  0x00000010         0x000000f0
peripheral_16bit 0x00000100         0x00000100
ram_mirror       0x00000200         0x00000800         xw
infomem          0x00001000         0x00000100
infob            0x00001000         0x00000080
infoa            0x00001080         0x00000080
ram              0x00001100         0x00002800         xw
rom              0x00004000         0x0000bfe0         xr
vectors          0x0000ffe0         0x00000020
bsl              0x00000000         0x00000000
infoc            0x00000000         0x00000000
infod            0x00000000         0x00000000
ram2             0x00000000         0x00000000         xw
usbram           0x00000000         0x00000000         xw
far_rom          0x00000000         0x00000000
*default*        0x00000000         0xffffffff

Linker script and memory map

LOAD /usr/local/bin/../lib/gcc/msp430/4.7.2/mmpy-16/crt0ivtbl16.o
                0x00002de4                _stack = _end
LOAD knockDetector.o
LOAD build/SKY/obj/contiki-main.o
LOAD build/SKY/contiki-ng-SKY.a
LOAD /usr/local/bin/../lib/gcc/msp430/4.7.2/mmpy-16/libgcc.a
LOAD /usr/local/bin/../lib/gcc/msp430/4.7.2/../../../../msp430/lib/mmpy-16/libc.a
LOAD /usr/local/bin/../lib/gcc/msp430/4.7.2/mmpy-16/libgcc.a
LOAD /usr/local/bin/../lib/gcc/msp430/4.7.2/mmpy-16/libcrt0.a
                0x00000080                PROVIDE (__info_segment_size, 0x80)
                0x00001000                PROVIDE (__infob, 0x1000)
                0x00001080                PROVIDE (__infoa, 0x1080)
                0x00000000                __IE1 = 0x0
                0x00000002                __IFG1 = 0x2
                0x00000004                __ME1 = 0x4
                0x00000001                __IE2 = 0x1
                0x00000003                __IFG2 = 0x3
                0x00000005                __ME2 = 0x5
                0x00000120                __WDTCTL = 0x120
                0x00000130                __MPY = 0x130
                0x00000132                __MPYS = 0x132
                0x00000134                __MAC = 0x134
                0x00000136                __MACS = 0x136
                0x00000138                __OP2 = 0x138
                0x0000013a                __RESLO = 0x13a
                0x0000013c                __RESHI = 0x13c
                0x0000013e                __SUMEXT = 0x13e
                0x00000020                __P1IN = 0x20
                0x00000021                __P1OUT = 0x21
                0x00000022                __P1DIR = 0x22
                0x00000023                __P1IFG = 0x23
                0x00000024                __P1IES = 0x24
                0x00000025                __P1IE = 0x25
                0x00000026                __P1SEL = 0x26
                0x00000028                __P2IN = 0x28
                0x00000029                __P2OUT = 0x29
                0x0000002a                __P2DIR = 0x2a
                0x0000002b                __P2IFG = 0x2b
                0x0000002c                __P2IES = 0x2c
                0x0000002d                __P2IE = 0x2d
                0x0000002e                __P2SEL = 0x2e
                0x00000018                __P3IN = 0x18
                0x00000019                __P3OUT = 0x19
                0x0000001a                __P3DIR = 0x1a
                0x0000001b                __P3SEL = 0x1b
                0x0000001c                __P4IN = 0x1c
                0x0000001d                __P4OUT = 0x1d
                0x0000001e                __P4DIR = 0x1e
                0x0000001f                __P4SEL = 0x1f
                0x00000030                __P5IN = 0x30
                0x00000031                __P5OUT = 0x31
                0x00000032                __P5DIR = 0x32
                0x00000033                __P5SEL = 0x33
                0x00000034                __P6IN = 0x34
                0x00000035                __P6OUT = 0x35
                0x00000036                __P6DIR = 0x36
                0x00000037                __P6SEL = 0x37
                0x00000070                __U0CTL = 0x70
                0x00000071                __U0TCTL = 0x71
                0x00000072                __U0RCTL = 0x72
                0x00000073                __U0MCTL = 0x73
                0x00000074                __U0BR0 = 0x74
                0x00000075                __U0BR1 = 0x75
                0x00000076                __U0RXBUF = 0x76
                0x00000077                __U0TXBUF = 0x77
                0x00000078                __U1CTL = 0x78
                0x00000079                __U1TCTL = 0x79
                0x0000007a                __U1RCTL = 0x7a
                0x0000007b                __U1MCTL = 0x7b
                0x0000007c                __U1BR0 = 0x7c
                0x0000007d                __U1BR1 = 0x7d
                0x0000007e                __U1RXBUF = 0x7e
                0x0000007f                __U1TXBUF = 0x7f
                0x00000050                __I2CIE = 0x50
                0x00000051                __I2CIFG = 0x51
                0x00000052                __I2CNDAT = 0x52
                0x00000071                __I2CTCTL = 0x71
                0x00000072                __I2CDCTL = 0x72
                0x00000073                __I2CPSC = 0x73
                0x00000074                __I2CSCLH = 0x74
                0x00000075                __I2CSCLL = 0x75
                0x00000076                __I2CDRB = 0x76
                0x00000076                __I2CDRW = 0x76
                0x00000118                __I2COA = 0x118
                0x0000011a                __I2CSA = 0x11a
                0x0000011c                __I2CIV = 0x11c
                0x0000012e                __TAIV = 0x12e
                0x00000160                __TACTL = 0x160
                0x00000162                __TACCTL0 = 0x162
                0x00000164                __TACCTL1 = 0x164
                0x00000166                __TACCTL2 = 0x166
                0x00000170                __TAR = 0x170
                0x00000172                __TACCR0 = 0x172
                0x00000174                __TACCR1 = 0x174
                0x00000176                __TACCR2 = 0x176
                0x0000011e                __TBIV = 0x11e
                0x00000180                __TBCTL = 0x180
                0x00000182                __TBCCTL0 = 0x182
                0x00000184                __TBCCTL1 = 0x184
                0x00000186                __TBCCTL2 = 0x186
                0x00000188                __TBCCTL3 = 0x188
                0x0000018a                __TBCCTL4 = 0x18a
                0x0000018c                __TBCCTL5 = 0x18c
                0x0000018e                __TBCCTL6 = 0x18e
                0x00000190                __TBR = 0x190
                0x00000192                __TBCCR0 = 0x192
                0x00000194                __TBCCR1 = 0x194
                0x00000196                __TBCCR2 = 0x196
                0x00000198                __TBCCR3 = 0x198
                0x0000019a                __TBCCR4 = 0x19a
                0x0000019c                __TBCCR5 = 0x19c
                0x0000019e                __TBCCR6 = 0x19e
                0x00000056                __DCOCTL = 0x56
                0x00000057                __BCSCTL1 = 0x57
                0x00000058                __BCSCTL2 = 0x58
                0x00000055                __SVSCTL = 0x55
                0x00000128                __FCTL1 = 0x128
                0x0000012a                __FCTL2 = 0x12a
                0x0000012c                __FCTL3 = 0x12c
                0x00000059                __CACTL1 = 0x59
                0x0000005a                __CACTL2 = 0x5a
                0x0000005b                __CAPD = 0x5b
                0x000001a0                __ADC12CTL0 = 0x1a0
                0x000001a2                __ADC12CTL1 = 0x1a2
                0x000001a4                __ADC12IFG = 0x1a4
                0x000001a6                __ADC12IE = 0x1a6
                0x000001a8                __ADC12IV = 0x1a8
                0x00000140                __ADC12MEM0 = 0x140
                0x00000142                __ADC12MEM1 = 0x142
                0x00000144                __ADC12MEM2 = 0x144
                0x00000146                __ADC12MEM3 = 0x146
                0x00000148                __ADC12MEM4 = 0x148
                0x0000014a                __ADC12MEM5 = 0x14a
                0x0000014c                __ADC12MEM6 = 0x14c
                0x0000014e                __ADC12MEM7 = 0x14e
                0x00000150                __ADC12MEM8 = 0x150
                0x00000152                __ADC12MEM9 = 0x152
                0x00000154                __ADC12MEM10 = 0x154
                0x00000156                __ADC12MEM11 = 0x156
                0x00000158                __ADC12MEM12 = 0x158
                0x0000015a                __ADC12MEM13 = 0x15a
                0x0000015c                __ADC12MEM14 = 0x15c
                0x0000015e                __ADC12MEM15 = 0x15e
                0x00000080                __ADC12MCTL0 = 0x80
                0x00000081                __ADC12MCTL1 = 0x81
                0x00000082                __ADC12MCTL2 = 0x82
                0x00000083                __ADC12MCTL3 = 0x83
                0x00000084                __ADC12MCTL4 = 0x84
                0x00000085                __ADC12MCTL5 = 0x85
                0x00000086                __ADC12MCTL6 = 0x86
                0x00000087                __ADC12MCTL7 = 0x87
                0x00000088                __ADC12MCTL8 = 0x88
                0x00000089                __ADC12MCTL9 = 0x89
                0x0000008a                __ADC12MCTL10 = 0x8a
                0x0000008b                __ADC12MCTL11 = 0x8b
                0x0000008c                __ADC12MCTL12 = 0x8c
                0x0000008d                __ADC12MCTL13 = 0x8d
                0x0000008e                __ADC12MCTL14 = 0x8e
                0x0000008f                __ADC12MCTL15 = 0x8f
                0x000001c0                __DAC12_0CTL = 0x1c0
                0x000001c2                __DAC12_1CTL = 0x1c2
                0x000001c8                __DAC12_0DAT = 0x1c8
                0x000001ca                __DAC12_1DAT = 0x1ca
                0x00000122                __DMACTL0 = 0x122
                0x00000124                __DMACTL1 = 0x124
                0x000001e0                __DMA0CTL = 0x1e0
                0x000001e8                __DMA1CTL = 0x1e8
                0x000001f0                __DMA2CTL = 0x1f0
                0x000001e2                __DMA0SA = 0x1e2
                0x000001e4                __DMA0DA = 0x1e4
                0x000001e6                __DMA0SZ = 0x1e6
                0x000001ea                __DMA1SA = 0x1ea
                0x000001ec                __DMA1DA = 0x1ec
                0x000001ee                __DMA1SZ = 0x1ee
                0x000001f2                __DMA2SA = 0x1f2
                0x000001f4                __DMA2DA = 0x1f4
                0x000001f6                __DMA2SZ = 0x1f6

.hash
 *(.hash)

.dynsym
 *(.dynsym)

.dynstr
 *(.dynstr)

.gnu.version
 *(.gnu.version)

.gnu.version_d
 *(.gnu.version_d)

.gnu.version_r
 *(.gnu.version_r)

.rel.init
 *(.rel.init)

.rela.init
 *(.rela.init)

.rel.fini
 *(.rel.fini)

.rela.fini
 *(.rela.fini)

.rel.text
 *(.rel.text .rel.text.* .rel.gnu.linkonce.t.*)

.rela.text
 *(.rela.text .rela.text.* .rela.gnu.linkonce.t.*)

.rel.rodata
 *(.rel.rodata .rel.rodata.* .rel.gnu.linkonce.r.*)

.rela.rodata
 *(.rela.rodata .rela.rodata.* .rela.gnu.linkonce.r.*)

.rel.data
 *(.rel.data .rel.data.* .rel.gnu.linkonce.d.*)

.rela.data
 *(.rela.data .rela.data.* .rela.gnu.linkonce.d.*)

.rel.bss
 *(.rel.bss .rel.bss.* .rel.gnu.linkonce.b.*)

.rela.bss
 *(.rela.bss .rela.bss.* .rela.gnu.linkonce.b.*)

.rel.ctors
 *(.rel.ctors)

.rela.ctors
 *(.rela.ctors)

.rel.dtors
 *(.rel.dtors)

.rela.dtors
 *(.rela.dtors)

.rel.got
 *(.rel.got)

.rela.got
 *(.rela.got)

.rel.plt
 *(.rel.plt)

.rela.plt
 *(.rela.plt)

.text           0x00004000     0xa6f2
                0x00004000                . = ALIGN (0x2)
 *(.init .init.*)
 *(.init0)
 .init0         0x00004000        0x0 /usr/local/bin/../lib/gcc/msp430/4.7.2/mmpy-16/libcrt0.a(_reset_vector__.o)
                0x00004000                _reset_vector__
 *(.init1)
 .init1         0x00004000        0xc /usr/local/bin/../lib/gcc/msp430/4.7.2/mmpy-16/libcrt0.a(__watchdog_support.o)
                0x00004000                __watchdog_support
 *(.init2)
 .init2         0x0000400c        0x4 /usr/local/bin/../lib/gcc/msp430/4.7.2/mmpy-16/libcrt0.a(__init_stack.o)
                0x0000400c                __init_stack
 *(.init3)
 .init3         0x00004010        0x0 /usr/local/bin/../lib/gcc/msp430/4.7.2/mmpy-16/libcrt0.a(__low_level_init.o)
                0x00004010                __low_level_init
 *(.init4)
 .init4         0x00004010       0x18 /usr/local/bin/../lib/gcc/msp430/4.7.2/mmpy-16/libcrt0.a(_copy_data.o)
                0x00004010                __do_copy_data
 .init4         0x00004028       0x16 /usr/local/bin/../lib/gcc/msp430/4.7.2/mmpy-16/libcrt0.a(_clear_bss.o)
                0x00004028                __do_clear_bss
 *(.init5)
 *(.init6)
 *(.init7)
 *(.init8)
 *(.init9)
 .init9         0x0000403e      0x232 build/SKY/obj/contiki-main.o
                0x0000403e                main
 *(.fini9)
 .fini9         0x00004270        0x0 /usr/local/bin/../lib/gcc/msp430/4.7.2/mmpy-16/libcrt0.a(__stop_progExec__.o)
                0x00004270                __stop_progExec__
 *(.fini8)
 *(.fini7)
 *(.fini6)
 *(.fini5)
 *(.fini4)
 *(.fini3)
 *(.fini2)
 *(.fini1)
 *(.fini0)
 .fini0         0x00004270        0x6 /usr/local/bin/../lib/gcc/msp430/4.7.2/mmpy-16/libcrt0.a(_endless_loop__.o)
                0x00004270                _endless_loop__
 *(.fini .fini.*)
                0x00004276                . = ALIGN (0x2)
                0x00004276                __ctors_start = .
 *(.ctors)
                0x00004276                __ctors_end = .
                0x00004276                __dtors_start = .
 *(.dtors)
                0x00004276                __dtors_end = .
                0x00004276                . = ALIGN (0x2)
 *(.text .text.* .gnu.linkonce.t.*)
 .text          0x00004276        0x4 /usr/local/bin/../lib/gcc/msp430/4.7.2/mmpy-16/crt0ivtbl16.o
                0x00004276                __isr_14
                0x00004276                __isr_11
                0x00004276                __isr_2
                0x00004276                __isr_7
                0x00004276                __isr_0
                0x00004276                __isr_8
                0x00004276                __isr_3
                0x00004276                __isr_12
                0x00004276                __isr_13
                0x00004276                __isr_9
 .text.process_thread_led_start_up_indicater
                0x0000427a       0xd4 knockDetector.o
 .text.process_thread_main_process
                0x0000434e       0xee knockDetector.o
 .text.log_secret_password_sequence
                0x0000443c       0x44 knockDetector.o
                0x0000443c                log_secret_password_sequence
 .text.process_thread_record_password
                0x00004480      0x174 knockDetector.o
 .text.log_login_sequence
                0x000045f4       0x44 knockDetector.o
                0x000045f4                log_login_sequence
 .text.process_thread_login_procees
                0x00004638      0x176 knockDetector.o
 .text.status   0x000047ae       0x18 build/SKY/contiki-ng-SKY.a(button-sensor.o)
 .text.value    0x000047c6       0x20 build/SKY/contiki-ng-SKY.a(button-sensor.o)
 .text.configure
                0x000047e6       0x4c build/SKY/contiki-ng-SKY.a(button-sensor.o)
 .text.irq_p2   0x00004832       0x46 build/SKY/contiki-ng-SKY.a(button-sensor.o)
                0x00004832                irq_p2
                0x00004832                __isr_1
 .text.process_thread_sensors_process
                0x00004878       0xc2 build/SKY/contiki-ng-SKY.a(sensors.o)
 .text.sensors_changed
                0x0000493a       0x2a build/SKY/contiki-ng-SKY.a(sensors.o)
                0x0000493a                sensors_changed
 .text.putchar  0x00004964       0x10 build/SKY/contiki-ng-SKY.a(uart1-putchar.o)
                0x00004964                putchar
 .text.platform_init_stage_one
                0x00004974       0x12 build/SKY/contiki-ng-SKY.a(platform.o)
                0x00004974                platform_init_stage_one
 .text.platform_init_stage_two
                0x00004986       0x64 build/SKY/contiki-ng-SKY.a(platform.o)
                0x00004986                platform_init_stage_two
 .text.platform_init_stage_three
                0x000049ea       0x7a build/SKY/contiki-ng-SKY.a(platform.o)
                0x000049ea                platform_init_stage_three
 .text.platform_idle
                0x00004a64       0x54 build/SKY/contiki-ng-SKY.a(platform.o)
                0x00004a64                platform_idle
 .text.msp430_init_dco
                0x00004ab8       0x82 build/SKY/contiki-ng-SKY.a(msp430.o)
                0x00004ab8                msp430_init_dco
 .text.msp430_add_lpm_req
                0x00004b3a        0xc build/SKY/contiki-ng-SKY.a(msp430.o)
                0x00004b3a                msp430_add_lpm_req
 .text.msp430_cpu_init
                0x00004b46       0x2a build/SKY/contiki-ng-SKY.a(msp430.o)
                0x00004b46                msp430_cpu_init
 .text.splhigh_
                0x00004b70        0x8 build/SKY/contiki-ng-SKY.a(msp430.o)
                0x00004b70                splhigh_
 .text.msp430_sync_dco
                0x00004b78       0x6c build/SKY/contiki-ng-SKY.a(msp430.o)
                0x00004b78                msp430_sync_dco
 .text.timera1  0x00004be4       0xdc build/SKY/contiki-ng-SKY.a(clock.o)
                0x00004be4                __isr_5
                0x00004be4                timera1
 .text.clock_time
                0x00004cc0       0x1a build/SKY/contiki-ng-SKY.a(clock.o)
                0x00004cc0                clock_time
 .text.clock_init
                0x00004cda       0x28 build/SKY/contiki-ng-SKY.a(clock.o)
                0x00004cda                clock_init
 .text.clock_delay
                0x00004d02        0xc build/SKY/contiki-ng-SKY.a(clock.o)
                0x00004d02                clock_delay
 .text.clock_seconds
                0x00004d0e       0x1a build/SKY/contiki-ng-SKY.a(clock.o)
                0x00004d0e                clock_seconds
 .text.leds_init
                0x00004d28        0x6 build/SKY/contiki-ng-SKY.a(leds.o)
                0x00004d28                leds_init
 .text.leds_on  0x00004d2e       0x12 build/SKY/contiki-ng-SKY.a(leds.o)
                0x00004d2e                leds_on
 .text.leds_off
                0x00004d40       0x12 build/SKY/contiki-ng-SKY.a(leds.o)
                0x00004d40                leds_off
 .text.leds_toggle
                0x00004d52       0x12 build/SKY/contiki-ng-SKY.a(leds.o)
                0x00004d52                leds_toggle
 .text.leds_arch_init
                0x00004d64        0xe build/SKY/contiki-ng-SKY.a(leds-arch.o)
                0x00004d64                leds_arch_init
 .text.leds_arch_get
                0x00004d72       0x34 build/SKY/contiki-ng-SKY.a(leds-arch.o)
                0x00004d72                leds_arch_get
 .text.leds_arch_set
                0x00004da6       0x3e build/SKY/contiki-ng-SKY.a(leds-arch.o)
                0x00004da6                leds_arch_set
 .text.watchdog_interrupt
                0x00004de4        0x6 build/SKY/contiki-ng-SKY.a(watchdog.o)
                0x00004de4                __isr_10
                0x00004de4                watchdog_interrupt
 .text.watchdog_start
                0x00004dea       0x14 build/SKY/contiki-ng-SKY.a(watchdog.o)
                0x00004dea                watchdog_start
 .text.watchdog_periodic
                0x00004dfe       0x12 build/SKY/contiki-ng-SKY.a(watchdog.o)
                0x00004dfe                watchdog_periodic
 .text.watchdog_stop
                0x00004e10       0x16 build/SKY/contiki-ng-SKY.a(watchdog.o)
                0x00004e10                watchdog_stop
 .text.watchdog_init
                0x00004e26       0x12 build/SKY/contiki-ng-SKY.a(watchdog.o)
                0x00004e26                watchdog_init
 .text.autostart_start
                0x00004e38       0x16 build/SKY/contiki-ng-SKY.a(autostart.o)
                0x00004e38                autostart_start
 .text.energest_init
                0x00004e4e        0x2 build/SKY/contiki-ng-SKY.a(energest.o)
                0x00004e4e                energest_init
 .text.energest_flush
                0x00004e50        0x2 build/SKY/contiki-ng-SKY.a(energest.o)
                0x00004e50                energest_flush
 .text.update_time
                0x00004e52       0x78 build/SKY/contiki-ng-SKY.a(etimer.o)
 .text.etimer_request_poll
                0x00004eca        0xa build/SKY/contiki-ng-SKY.a(etimer.o)
                0x00004eca                etimer_request_poll
 .text.process_thread_etimer_process
                0x00004ed4       0xcc build/SKY/contiki-ng-SKY.a(etimer.o)
 .text.add_timer
                0x00004fa0       0x40 build/SKY/contiki-ng-SKY.a(etimer.o)
 .text.etimer_set
                0x00004fe0       0x12 build/SKY/contiki-ng-SKY.a(etimer.o)
                0x00004fe0                etimer_set
 .text.etimer_reset
                0x00004ff2       0x12 build/SKY/contiki-ng-SKY.a(etimer.o)
                0x00004ff2                etimer_reset
 .text.etimer_expired
                0x00005004        0xe build/SKY/contiki-ng-SKY.a(etimer.o)
                0x00005004                etimer_expired
 .text.etimer_pending
                0x00005012        0xc build/SKY/contiki-ng-SKY.a(etimer.o)
                0x00005012                etimer_pending
 .text.etimer_next_expiration_time
                0x0000501e       0x16 build/SKY/contiki-ng-SKY.a(etimer.o)
                0x0000501e                etimer_next_expiration_time
 .text.etimer_stop
                0x00005034       0x3e build/SKY/contiki-ng-SKY.a(etimer.o)
                0x00005034                etimer_stop
 .text.log_6addr
                0x00005072       0x32 build/SKY/contiki-ng-SKY.a(log.o)
                0x00005072                log_6addr
 .text.log_lladdr
                0x000050a4       0x44 build/SKY/contiki-ng-SKY.a(log.o)
                0x000050a4                log_lladdr
 .text.process_thread_ctimer_process
                0x000050e8       0xa8 build/SKY/contiki-ng-SKY.a(ctimer.o)
 .text.ctimer_init
                0x00005190       0x18 build/SKY/contiki-ng-SKY.a(ctimer.o)
                0x00005190                ctimer_init
 .text.ctimer_set_with_process
                0x000051a8       0x4e build/SKY/contiki-ng-SKY.a(ctimer.o)
                0x000051a8                ctimer_set_with_process
 .text.ctimer_set
                0x000051f6       0x10 build/SKY/contiki-ng-SKY.a(ctimer.o)
                0x000051f6                ctimer_set
 .text.ctimer_reset
                0x00005206       0x30 build/SKY/contiki-ng-SKY.a(ctimer.o)
                0x00005206                ctimer_reset
 .text.ctimer_stop
                0x00005236       0x28 build/SKY/contiki-ng-SKY.a(ctimer.o)
                0x00005236                ctimer_stop
 .text.ctimer_expired
                0x0000525e       0x30 build/SKY/contiki-ng-SKY.a(ctimer.o)
                0x0000525e                ctimer_expired
 .text.rtimer_init
                0x0000528e        0x6 build/SKY/contiki-ng-SKY.a(rtimer.o)
                0x0000528e                rtimer_init
 .text.rtimer_run_next
                0x00005294       0x26 build/SKY/contiki-ng-SKY.a(rtimer.o)
                0x00005294                rtimer_run_next
 .text.node_id_init
                0x000052ba       0x14 build/SKY/contiki-ng-SKY.a(node-id.o)
                0x000052ba                node_id_init
 .text.call_process
                0x000052ce       0x46 build/SKY/contiki-ng-SKY.a(process.o)
 .text.exit_process
                0x00005314       0x96 build/SKY/contiki-ng-SKY.a(process.o)
 .text.do_poll  0x000053aa       0x30 build/SKY/contiki-ng-SKY.a(process.o)
 .text.process_alloc_event
                0x000053da        0xe build/SKY/contiki-ng-SKY.a(process.o)
                0x000053da                process_alloc_event
 .text.process_init
                0x000053e8       0x18 build/SKY/contiki-ng-SKY.a(process.o)
                0x000053e8                process_init
 .text.process_run
                0x00005400       0x92 build/SKY/contiki-ng-SKY.a(process.o)
                0x00005400                process_run
 .text.process_nevents
                0x00005492        0xe build/SKY/contiki-ng-SKY.a(process.o)
                0x00005492                process_nevents
 .text.process_post
                0x000054a0       0x42 build/SKY/contiki-ng-SKY.a(process.o)
                0x000054a0                process_post
 .text.process_post_synch
                0x000054e2       0x12 build/SKY/contiki-ng-SKY.a(process.o)
                0x000054e2                process_post_synch
 .text.process_start
                0x000054f4       0x36 build/SKY/contiki-ng-SKY.a(process.o)
                0x000054f4                process_start
 .text.process_poll
                0x0000552a       0x18 build/SKY/contiki-ng-SKY.a(process.o)
                0x0000552a                process_poll
 .text.timer_set
                0x00005542       0x1c build/SKY/contiki-ng-SKY.a(timer.o)
                0x00005542                timer_set
 .text.timer_expired
                0x0000555e       0x2a build/SKY/contiki-ng-SKY.a(timer.o)
                0x0000555e                timer_expired
 .text.timer_reset
                0x00005588       0x1c build/SKY/contiki-ng-SKY.a(timer.o)
                0x00005588                timer_reset
 .text.timer_remaining
                0x000055a4       0x28 build/SKY/contiki-ng-SKY.a(timer.o)
                0x000055a4                timer_remaining
 .text.stack_check_init
                0x000055cc       0x2e build/SKY/contiki-ng-SKY.a(stack-check.o)
                0x000055cc                stack_check_init
 .text.stack_check_get_usage
                0x000055fa       0x54 build/SKY/contiki-ng-SKY.a(stack-check.o)
                0x000055fa                stack_check_get_usage
 .text.process_thread_stack_check_process
                0x0000564e       0xea build/SKY/contiki-ng-SKY.a(stack-check.o)
 .text.list_init
                0x00005738        0x6 build/SKY/contiki-ng-SKY.a(list.o)
                0x00005738                list_init
 .text.list_head
                0x0000573e        0x4 build/SKY/contiki-ng-SKY.a(list.o)
                0x0000573e                list_head
 .text.list_tail
                0x00005742       0x12 build/SKY/contiki-ng-SKY.a(list.o)
                0x00005742                list_tail
 .text.list_remove
                0x00005754       0x34 build/SKY/contiki-ng-SKY.a(list.o)
                0x00005754                list_remove
 .text.list_push
                0x00005788       0x1a build/SKY/contiki-ng-SKY.a(list.o)
                0x00005788                list_push
 .text.list_add
                0x000057a2       0x2a build/SKY/contiki-ng-SKY.a(list.o)
                0x000057a2                list_add
 .text.list_length
                0x000057cc       0x10 build/SKY/contiki-ng-SKY.a(list.o)
                0x000057cc                list_length
 .text.list_item_next
                0x000057dc        0xc build/SKY/contiki-ng-SKY.a(list.o)
                0x000057dc                list_item_next
 .text.random_init
                0x000057e8        0x6 build/SKY/contiki-ng-SKY.a(random.o)
                0x000057e8                random_init
 .text.random_rand
                0x000057ee        0x6 build/SKY/contiki-ng-SKY.a(random.o)
                0x000057ee                random_rand
 .text.queuebuf_init
                0x000057f4       0x12 build/SKY/contiki-ng-SKY.a(queuebuf.o)
                0x000057f4                queuebuf_init
 .text.queuebuf_numfree
                0x00005806        0xa build/SKY/contiki-ng-SKY.a(queuebuf.o)
                0x00005806                queuebuf_numfree
 .text.queuebuf_new_from_packetbuf
                0x00005810       0x52 build/SKY/contiki-ng-SKY.a(queuebuf.o)
                0x00005810                queuebuf_new_from_packetbuf
 .text.queuebuf_update_attr_from_packetbuf
                0x00005862       0x12 build/SKY/contiki-ng-SKY.a(queuebuf.o)
                0x00005862                queuebuf_update_attr_from_packetbuf
 .text.queuebuf_free
                0x00005874       0x2a build/SKY/contiki-ng-SKY.a(queuebuf.o)
                0x00005874                queuebuf_free
 .text.queuebuf_to_packetbuf
                0x0000589e       0x32 build/SKY/contiki-ng-SKY.a(queuebuf.o)
                0x0000589e                queuebuf_to_packetbuf
 .text.packetbuf_hdrreduce
                0x000058d0       0x1a build/SKY/contiki-ng-SKY.a(packetbuf.o)
                0x000058d0                packetbuf_hdrreduce
 .text.packetbuf_set_datalen
                0x000058ea        0x6 build/SKY/contiki-ng-SKY.a(packetbuf.o)
                0x000058ea                packetbuf_set_datalen
 .text.packetbuf_hdrptr
                0x000058f0        0x6 build/SKY/contiki-ng-SKY.a(packetbuf.o)
                0x000058f0                packetbuf_hdrptr
 .text.packetbuf_datalen
                0x000058f6        0x6 build/SKY/contiki-ng-SKY.a(packetbuf.o)
                0x000058f6                packetbuf_datalen
 .text.packetbuf_hdrlen
                0x000058fc        0xa build/SKY/contiki-ng-SKY.a(packetbuf.o)
                0x000058fc                packetbuf_hdrlen
 .text.packetbuf_dataptr
                0x00005906        0xc build/SKY/contiki-ng-SKY.a(packetbuf.o)
                0x00005906                packetbuf_dataptr
 .text.packetbuf_copyto
                0x00005912       0x46 build/SKY/contiki-ng-SKY.a(packetbuf.o)
                0x00005912                packetbuf_copyto
 .text.packetbuf_totlen
                0x00005958        0xc build/SKY/contiki-ng-SKY.a(packetbuf.o)
                0x00005958                packetbuf_totlen
 .text.packetbuf_hdralloc
                0x00005964       0x3c build/SKY/contiki-ng-SKY.a(packetbuf.o)
                0x00005964                packetbuf_hdralloc
 .text.packetbuf_attr_clear
                0x000059a0       0x28 build/SKY/contiki-ng-SKY.a(packetbuf.o)
                0x000059a0                packetbuf_attr_clear
 .text.packetbuf_clear
                0x000059c8       0x12 build/SKY/contiki-ng-SKY.a(packetbuf.o)
                0x000059c8                packetbuf_clear
 .text.packetbuf_copyfrom
                0x000059da       0x2e build/SKY/contiki-ng-SKY.a(packetbuf.o)
                0x000059da                packetbuf_copyfrom
 .text.packetbuf_attr_copyto
                0x00005a08       0x22 build/SKY/contiki-ng-SKY.a(packetbuf.o)
                0x00005a08                packetbuf_attr_copyto
 .text.packetbuf_attr_copyfrom
                0x00005a2a       0x24 build/SKY/contiki-ng-SKY.a(packetbuf.o)
                0x00005a2a                packetbuf_attr_copyfrom
 .text.packetbuf_set_attr
                0x00005a4e        0xc build/SKY/contiki-ng-SKY.a(packetbuf.o)
                0x00005a4e                packetbuf_set_attr
 .text.packetbuf_attr
                0x00005a5a        0xa build/SKY/contiki-ng-SKY.a(packetbuf.o)
                0x00005a5a                packetbuf_attr
 .text.packetbuf_set_addr
                0x00005a64       0x18 build/SKY/contiki-ng-SKY.a(packetbuf.o)
                0x00005a64                packetbuf_set_addr
 .text.packetbuf_addr
                0x00005a7c       0x12 build/SKY/contiki-ng-SKY.a(packetbuf.o)
                0x00005a7c                packetbuf_addr
 .text.packetbuf_holds_broadcast
                0x00005a8e        0xe build/SKY/contiki-ng-SKY.a(packetbuf.o)
                0x00005a8e                packetbuf_holds_broadcast
 .text.netstack_process_ip_callback
                0x00005a9c       0x4e build/SKY/contiki-ng-SKY.a(netstack.o)
                0x00005a9c                netstack_process_ip_callback
 .text.netstack_init
                0x00005aea        0xe build/SKY/contiki-ng-SKY.a(netstack.o)
                0x00005aea                netstack_init
 .text.linkaddr_copy
                0x00005af8        0x8 build/SKY/contiki-ng-SKY.a(linkaddr.o)
                0x00005af8                linkaddr_copy
 .text.linkaddr_cmp
                0x00005b00       0x12 build/SKY/contiki-ng-SKY.a(linkaddr.o)
                0x00005b00                linkaddr_cmp
 .text.linkaddr_set_node_addr
                0x00005b12        0xc build/SKY/contiki-ng-SKY.a(linkaddr.o)
                0x00005b12                linkaddr_set_node_addr
 .text.on       0x00005b1e        0x6 build/SKY/contiki-ng-SKY.a(csma.o)
 .text.off      0x00005b24        0x6 build/SKY/contiki-ng-SKY.a(csma.o)
 .text.max_payload
                0x00005b2a       0x38 build/SKY/contiki-ng-SKY.a(csma.o)
 .text.send_packet
                0x00005b62        0x6 build/SKY/contiki-ng-SKY.a(csma.o)
 .text.init     0x00005b68       0x1c build/SKY/contiki-ng-SKY.a(csma.o)
 .text.input_packet
                0x00005b84       0x58 build/SKY/contiki-ng-SKY.a(csma.o)
 .text.schedule_transmission
                0x00005bdc       0x70 build/SKY/contiki-ng-SKY.a(csma-output.o)
 .text.tx_done  0x00005c4c       0x9a build/SKY/contiki-ng-SKY.a(csma-output.o)
 .text.transmit_from_queue
                0x00005ce6      0x1bc build/SKY/contiki-ng-SKY.a(csma-output.o)
 .text.csma_output_packet
                0x00005ea2      0x184 build/SKY/contiki-ng-SKY.a(csma-output.o)
                0x00005ea2                csma_output_packet
 .text.csma_output_init
                0x00006026       0x1a build/SKY/contiki-ng-SKY.a(csma-output.o)
                0x00006026                csma_output_init
 .text.uip_ds6_default_prefix
                0x00006040        0x6 build/SKY/contiki-ng-SKY.a(uip-ds6.o)
                0x00006040                uip_ds6_default_prefix
 .text.uip_ds6_list_loop
                0x00006046       0x92 build/SKY/contiki-ng-SKY.a(uip-ds6.o)
                0x00006046                uip_ds6_list_loop
 .text.uip_ds6_prefix_add
                0x000060d8       0x80 build/SKY/contiki-ng-SKY.a(uip-ds6.o)
                0x000060d8                uip_ds6_prefix_add
 .text.uip_ds6_is_addr_onlink
                0x00006158       0x54 build/SKY/contiki-ng-SKY.a(uip-ds6.o)
                0x00006158                uip_ds6_is_addr_onlink
 .text.uip_ds6_addr_lookup
                0x000061ac       0x2a build/SKY/contiki-ng-SKY.a(uip-ds6.o)
                0x000061ac                uip_ds6_addr_lookup
 .text.uip_ds6_get_link_local
                0x000061d6       0x3e build/SKY/contiki-ng-SKY.a(uip-ds6.o)
                0x000061d6                uip_ds6_get_link_local
 .text.uip_ds6_maddr_add
                0x00006214       0x4c build/SKY/contiki-ng-SKY.a(uip-ds6.o)
                0x00006214                uip_ds6_maddr_add
 .text.uip_ds6_addr_add
                0x00006260       0xc4 build/SKY/contiki-ng-SKY.a(uip-ds6.o)
                0x00006260                uip_ds6_addr_add
 .text.uip_ds6_maddr_rm
                0x00006324        0xa build/SKY/contiki-ng-SKY.a(uip-ds6.o)
                0x00006324                uip_ds6_maddr_rm
 .text.uip_ds6_maddr_lookup
                0x0000632e       0x2a build/SKY/contiki-ng-SKY.a(uip-ds6.o)
                0x0000632e                uip_ds6_maddr_lookup
 .text.uip_ds6_addr_rm
                0x00006358       0x54 build/SKY/contiki-ng-SKY.a(uip-ds6.o)
                0x00006358                uip_ds6_addr_rm
 .text.uip_ds6_periodic
                0x000063ac       0x46 build/SKY/contiki-ng-SKY.a(uip-ds6.o)
                0x000063ac                uip_ds6_periodic
 .text.uip_ds6_set_addr_iid
                0x000063f2       0x14 build/SKY/contiki-ng-SKY.a(uip-ds6.o)
                0x000063f2                uip_ds6_set_addr_iid
 .text.uip_ds6_set_lladdr_from_iid
                0x00006406       0x14 build/SKY/contiki-ng-SKY.a(uip-ds6.o)
                0x00006406                uip_ds6_set_lladdr_from_iid
 .text.get_match_length
                0x0000641a       0x44 build/SKY/contiki-ng-SKY.a(uip-ds6.o)
                0x0000641a                get_match_length
 .text.uip_ds6_select_src
                0x0000645e       0xaa build/SKY/contiki-ng-SKY.a(uip-ds6.o)
                0x0000645e                uip_ds6_select_src
 .text.uip_ds6_compute_reachable_time
                0x00006508       0x3e build/SKY/contiki-ng-SKY.a(uip-ds6.o)
                0x00006508                uip_ds6_compute_reachable_time
 .text.uip_ds6_init
                0x00006546      0x164 build/SKY/contiki-ng-SKY.a(uip-ds6.o)
                0x00006546                uip_ds6_init
 .text.uip_ds6_route_init
                0x000066aa       0x12 build/SKY/contiki-ng-SKY.a(uip-ds6-route.o)
                0x000066aa                uip_ds6_route_init
 .text.uip_ds6_route_nexthop
                0x000066bc        0x4 build/SKY/contiki-ng-SKY.a(uip-ds6-route.o)
                0x000066bc                uip_ds6_route_nexthop
 .text.uip_ds6_route_lookup
                0x000066c0        0x4 build/SKY/contiki-ng-SKY.a(uip-ds6-route.o)
                0x000066c0                uip_ds6_route_lookup
 .text.uip_ds6_route_rm
                0x000066c4        0x2 build/SKY/contiki-ng-SKY.a(uip-ds6-route.o)
                0x000066c4                uip_ds6_route_rm
 .text.uip_ds6_defrt_rm
                0x000066c6       0x3c build/SKY/contiki-ng-SKY.a(uip-ds6-route.o)
                0x000066c6                uip_ds6_defrt_rm
 .text.uip_ds6_defrt_lookup
                0x00006702       0x40 build/SKY/contiki-ng-SKY.a(uip-ds6-route.o)
                0x00006702                uip_ds6_defrt_lookup
 .text.uip_ds6_defrt_add
                0x00006742       0x72 build/SKY/contiki-ng-SKY.a(uip-ds6-route.o)
                0x00006742                uip_ds6_defrt_add
 .text.uip_ds6_defrt_choose
                0x000067b4       0x3a build/SKY/contiki-ng-SKY.a(uip-ds6-route.o)
                0x000067b4                uip_ds6_defrt_choose
 .text.uip_ds6_defrt_periodic
                0x000067ee       0x38 build/SKY/contiki-ng-SKY.a(uip-ds6-route.o)
                0x000067ee                uip_ds6_defrt_periodic
 .text.uip_ds6_nbr_rm
                0x00006826       0x1e build/SKY/contiki-ng-SKY.a(uip-ds6-nbr.o)
                0x00006826                uip_ds6_nbr_rm
 .text.uip_ds6_neighbors_init
                0x00006844       0x12 build/SKY/contiki-ng-SKY.a(uip-ds6-nbr.o)
                0x00006844                uip_ds6_neighbors_init
 .text.uip_ds6_nbr_add
                0x00006856       0x3e build/SKY/contiki-ng-SKY.a(uip-ds6-nbr.o)
                0x00006856                uip_ds6_nbr_add
 .text.uip_ds6_nbr_get_ll
                0x00006894        0xc build/SKY/contiki-ng-SKY.a(uip-ds6-nbr.o)
                0x00006894                uip_ds6_nbr_get_ll
 .text.uip_ds6_nbr_head
                0x000068a0        0xa build/SKY/contiki-ng-SKY.a(uip-ds6-nbr.o)
                0x000068a0                uip_ds6_nbr_head
 .text.uip_ds6_nbr_next
                0x000068aa        0xc build/SKY/contiki-ng-SKY.a(uip-ds6-nbr.o)
                0x000068aa                uip_ds6_nbr_next
 .text.uip_ds6_nbr_lookup
                0x000068b6       0x3a build/SKY/contiki-ng-SKY.a(uip-ds6-nbr.o)
                0x000068b6                uip_ds6_nbr_lookup
 .text.uip_ds6_nbr_ll_lookup
                0x000068f0        0xc build/SKY/contiki-ng-SKY.a(uip-ds6-nbr.o)
                0x000068f0                uip_ds6_nbr_ll_lookup
 .text.uip_ds6_nbr_update_ll
                0x000068fc       0x76 build/SKY/contiki-ng-SKY.a(uip-ds6-nbr.o)
                0x000068fc                uip_ds6_nbr_update_ll
 .text.uip_ds6_nbr_ipaddr_from_lladdr
                0x00006972        0x6 build/SKY/contiki-ng-SKY.a(uip-ds6-nbr.o)
                0x00006972                uip_ds6_nbr_ipaddr_from_lladdr
 .text.uip_ds6_nbr_lladdr_from_ipaddr
                0x00006978       0x12 build/SKY/contiki-ng-SKY.a(uip-ds6-nbr.o)
                0x00006978                uip_ds6_nbr_lladdr_from_ipaddr
 .text.uip_ds6_link_callback
                0x0000698a        0x2 build/SKY/contiki-ng-SKY.a(uip-ds6-nbr.o)
                0x0000698a                uip_ds6_link_callback
 .text.tcpip_output
                0x0000698c       0x22 build/SKY/contiki-ng-SKY.a(tcpip.o)
                0x0000698c                tcpip_output
 .text.tcpip_input
                0x000069ae       0x1e build/SKY/contiki-ng-SKY.a(tcpip.o)
                0x000069ae                tcpip_input
 .text.tcpip_ipv6_output
                0x000069cc      0x114 build/SKY/contiki-ng-SKY.a(tcpip.o)
                0x000069cc                tcpip_ipv6_output
 .text.packet_input.part.3
                0x00006ae0       0x12 build/SKY/contiki-ng-SKY.a(tcpip.o)
 .text.process_thread_tcpip_process
                0x00006af2       0xcc build/SKY/contiki-ng-SKY.a(tcpip.o)
 .text.tcpip_uipcall
                0x00006bbe       0x2a build/SKY/contiki-ng-SKY.a(tcpip.o)
                0x00006bbe                tcpip_uipcall
 .text.chksum   0x00006be8       0x32 build/SKY/contiki-ng-SKY.a(uip6.o)
 .text.upper_layer_chksum
                0x00006c1a       0x58 build/SKY/contiki-ng-SKY.a(uip6.o)
 .text.ext_hdr_options_process
                0x00006c72       0xa4 build/SKY/contiki-ng-SKY.a(uip6.o)
 .text.uip_check_mtu
                0x00006d16       0x1e build/SKY/contiki-ng-SKY.a(uip6.o)
 .text.uip_update_ttl
                0x00006d34       0x24 build/SKY/contiki-ng-SKY.a(uip6.o)
 .text.uip_icmp6chksum
                0x00006d58        0xa build/SKY/contiki-ng-SKY.a(uip6.o)
                0x00006d58                uip_icmp6chksum
 .text.uip_udpchksum
                0x00006d62        0xa build/SKY/contiki-ng-SKY.a(uip6.o)
                0x00006d62                uip_udpchksum
 .text.uip_init
                0x00006d6c       0x3c build/SKY/contiki-ng-SKY.a(uip6.o)
                0x00006d6c                uip_init
 .text.uip_remove_ext_hdr
                0x00006da8       0x5e build/SKY/contiki-ng-SKY.a(uip6.o)
                0x00006da8                uip_remove_ext_hdr
 .text.uip_process
                0x00006e06      0x4be build/SKY/contiki-ng-SKY.a(uip6.o)
                0x00006e06                uip_process
 .text.uip_htonl
                0x000072c4       0x2e build/SKY/contiki-ng-SKY.a(uip6.o)
                0x000072c4                uip_htonl
 .text.ns_input
                0x000072f2      0x284 build/SKY/contiki-ng-SKY.a(uip-nd6.o)
 .text.uip_nd6_init
                0x00007576        0xa build/SKY/contiki-ng-SKY.a(uip-nd6.o)
                0x00007576                uip_nd6_init
 .text.clear_fragments
                0x00007580       0x40 build/SKY/contiki-ng-SKY.a(sicslowpan.o)
 .text.addr_context_lookup_by_number
                0x000075c0       0x16 build/SKY/contiki-ng-SKY.a(sicslowpan.o)
 .text.sicslowpan_init
                0x000075d6       0x18 build/SKY/contiki-ng-SKY.a(sicslowpan.o)
                0x000075d6                sicslowpan_init
 .text.set_packet_attrs
                0x000075ee       0x66 build/SKY/contiki-ng-SKY.a(sicslowpan.o)
 .text.compress_addr_64
                0x00007654       0xae build/SKY/contiki-ng-SKY.a(sicslowpan.o)
 .text.addr_context_lookup_by_prefix
                0x00007702       0x20 build/SKY/contiki-ng-SKY.a(sicslowpan.o)
 .text.send_packet
                0x00007722       0x1a build/SKY/contiki-ng-SKY.a(sicslowpan.o)
 .text.fragment_copy_payload_and_send
                0x0000773c       0x66 build/SKY/contiki-ng-SKY.a(sicslowpan.o)
 .text.output   0x000077a2      0x7c6 build/SKY/contiki-ng-SKY.a(sicslowpan.o)
 .text.packet_sent
                0x00007f68       0x56 build/SKY/contiki-ng-SKY.a(sicslowpan.o)
 .text.store_fragment
                0x00007fbe       0xb8 build/SKY/contiki-ng-SKY.a(sicslowpan.o)
 .text.add_fragment
                0x00008076      0x1fc build/SKY/contiki-ng-SKY.a(sicslowpan.o)
 .text.uncompress_addr
                0x00008272       0xb4 build/SKY/contiki-ng-SKY.a(sicslowpan.o)
 .text.input    0x00008326      0x9ce build/SKY/contiki-ng-SKY.a(sicslowpan.o)
 .text.uiplib_ipaddr_snprint
                0x00008cf4      0x12c build/SKY/contiki-ng-SKY.a(uiplib.o)
                0x00008cf4                uiplib_ipaddr_snprint
 .text.rpl_has_joined
                0x00008e20       0x12 build/SKY/contiki-ng-SKY.a(rpl.o)
                0x00008e20                rpl_has_joined
 .text.rpl_is_reachable
                0x00008e32       0x12 build/SKY/contiki-ng-SKY.a(rpl.o)
                0x00008e32                rpl_is_reachable
 .text.neighbor_state_changed
                0x00008e44        0x2 build/SKY/contiki-ng-SKY.a(rpl.o)
 .text.drop_route
                0x00008e46        0x2 build/SKY/contiki-ng-SKY.a(rpl.o)
 .text.rpl_get_leaf_only
                0x00008e48        0x6 build/SKY/contiki-ng-SKY.a(rpl.o)
                0x00008e48                rpl_get_leaf_only
 .text.get_sr_node_ipaddr
                0x00008e4e       0x34 build/SKY/contiki-ng-SKY.a(rpl.o)
 .text.init     0x00008e82       0x42 build/SKY/contiki-ng-SKY.a(rpl.o)
 .text.set_ip_from_prefix
                0x00008ec4       0x38 build/SKY/contiki-ng-SKY.a(rpl.o)
 .text.rpl_link_callback
                0x00008efc       0x1e build/SKY/contiki-ng-SKY.a(rpl.o)
                0x00008efc                rpl_link_callback
 .text.rpl_lollipop_greater_than
                0x00008f1a       0x3c build/SKY/contiki-ng-SKY.a(rpl.o)
                0x00008f1a                rpl_lollipop_greater_than
 .text.rpl_get_global_address
                0x00008f56       0xbe build/SKY/contiki-ng-SKY.a(rpl.o)
                0x00008f56                rpl_get_global_address
 .text.rpl_reset_prefix
                0x00009014       0x24 build/SKY/contiki-ng-SKY.a(rpl.o)
                0x00009014                rpl_reset_prefix
 .text.rpl_set_prefix_from_addr
                0x00009038       0x92 build/SKY/contiki-ng-SKY.a(rpl.o)
                0x00009038                rpl_set_prefix_from_addr
 .text.get32    0x000090ca       0x46 build/SKY/contiki-ng-SKY.a(rpl-icmp6.o)
 .text.set32    0x00009110       0x2a build/SKY/contiki-ng-SKY.a(rpl-icmp6.o)
 .text.get16    0x0000913a        0xe build/SKY/contiki-ng-SKY.a(rpl-icmp6.o)
 .text.set16    0x00009148       0x10 build/SKY/contiki-ng-SKY.a(rpl-icmp6.o)
 .text.dao_ack_input
                0x00009158       0x30 build/SKY/contiki-ng-SKY.a(rpl-icmp6.o)
 .text.dao_input
                0x00009188      0x13c build/SKY/contiki-ng-SKY.a(rpl-icmp6.o)
 .text.dio_input
                0x000092c4      0x29c build/SKY/contiki-ng-SKY.a(rpl-icmp6.o)
 .text.dis_input
                0x00009560       0x1e build/SKY/contiki-ng-SKY.a(rpl-icmp6.o)
 .text.rpl_icmp6_update_nbr_table
                0x0000957e       0x36 build/SKY/contiki-ng-SKY.a(rpl-icmp6.o)
                0x0000957e                rpl_icmp6_update_nbr_table
 .text.rpl_icmp6_dis_output
                0x000095b4       0x34 build/SKY/contiki-ng-SKY.a(rpl-icmp6.o)
                0x000095b4                rpl_icmp6_dis_output
 .text.rpl_icmp6_dio_output
                0x000095e8      0x23a build/SKY/contiki-ng-SKY.a(rpl-icmp6.o)
                0x000095e8                rpl_icmp6_dio_output
 .text.rpl_icmp6_dao_output
                0x00009822       0xe2 build/SKY/contiki-ng-SKY.a(rpl-icmp6.o)
                0x00009822                rpl_icmp6_dao_output
 .text.rpl_icmp6_dao_ack_output
                0x00009904       0x4e build/SKY/contiki-ng-SKY.a(rpl-icmp6.o)
                0x00009904                rpl_icmp6_dao_ack_output
 .text.rpl_icmp6_init
                0x00009952       0x22 build/SKY/contiki-ng-SKY.a(rpl-icmp6.o)
                0x00009952                rpl_icmp6_init
 .text.rpl_dag_root_set_prefix
                0x00009974       0x62 build/SKY/contiki-ng-SKY.a(rpl-dag-root.o)
                0x00009974                rpl_dag_root_set_prefix
 .text.rpl_dag_root_start
                0x000099d6       0x8e build/SKY/contiki-ng-SKY.a(rpl-dag-root.o)
                0x000099d6                rpl_dag_root_start
 .text.rpl_dag_root_is_root
                0x00009a64       0x14 build/SKY/contiki-ng-SKY.a(rpl-dag-root.o)
                0x00009a64                rpl_dag_root_is_root
 .text.init_platform
                0x00009a78        0xc build/SKY/contiki-ng-SKY.a(contiki-sky-pla)
                0x00009a78                init_platform
 .text.owreadb  0x00009a84       0x50 build/SKY/contiki-ng-SKY.a(ds2411.o)
 .text.ds2411_init
                0x00009ad4      0x120 build/SKY/contiki-ng-SKY.a(ds2411.o)
                0x00009ad4                ds2411_init
 .text.xmem_init
                0x00009bf4       0x3c build/SKY/contiki-ng-SKY.a(xmem.o)
                0x00009bf4                xmem_init
 .text.get_object
                0x00009c30        0x4 build/SKY/contiki-ng-SKY.a(cc2420.o)
 .text.set_object
                0x00009c34        0x4 build/SKY/contiki-ng-SKY.a(cc2420.o)
 .text.strobe   0x00009c38       0x1c build/SKY/contiki-ng-SKY.a(cc2420.o)
 .text.getreg   0x00009c54       0x4c build/SKY/contiki-ng-SKY.a(cc2420.o)
 .text.setreg   0x00009ca0       0x4c build/SKY/contiki-ng-SKY.a(cc2420.o)
 .text.write_ram
                0x00009cec       0x7c build/SKY/contiki-ng-SKY.a(cc2420.o)
 .text.write_fifo_buf
                0x00009d68       0x3c build/SKY/contiki-ng-SKY.a(cc2420.o)
 .text.get_status
                0x00009da4       0x20 build/SKY/contiki-ng-SKY.a(cc2420.o)
 .text.on       0x00009dc4       0x1a build/SKY/contiki-ng-SKY.a(cc2420.o)
 .text.cc2420_receiving_packet
                0x00009dde        0xc build/SKY/contiki-ng-SKY.a(cc2420.o)
 .text.pending_packet
                0x00009dea        0x8 build/SKY/contiki-ng-SKY.a(cc2420.o)
 .text.wait_for_transmission
                0x00009df2       0x22 build/SKY/contiki-ng-SKY.a(cc2420.o)
 .text.wait_for_status
                0x00009e14       0x28 build/SKY/contiki-ng-SKY.a(cc2420.o)
 .text.getrxdata
                0x00009e3c       0x50 build/SKY/contiki-ng-SKY.a(cc2420.o)
 .text.flushrx  0x00009e8c       0x1a build/SKY/contiki-ng-SKY.a(cc2420.o)
 .text.off      0x00009ea6       0x28 build/SKY/contiki-ng-SKY.a(cc2420.o)
 .text.RELEASE_LOCK
                0x00009ece       0x28 build/SKY/contiki-ng-SKY.a(cc2420.o)
 .text.set_key  0x00009ef6       0x18 build/SKY/contiki-ng-SKY.a(cc2420.o)
 .text.set_frame_filtering
                0x00009f0e       0x30 build/SKY/contiki-ng-SKY.a(cc2420.o)
 .text.set_auto_ack
                0x00009f3e       0x30 build/SKY/contiki-ng-SKY.a(cc2420.o)
 .text.set_poll_mode
                0x00009f6e       0x2c build/SKY/contiki-ng-SKY.a(cc2420.o)
 .text.cc2420_prepare
                0x00009f9a       0x46 build/SKY/contiki-ng-SKY.a(cc2420.o)
 .text.cc2420_on
                0x00009fe0       0x22 build/SKY/contiki-ng-SKY.a(cc2420.o)
                0x00009fe0                cc2420_on
 .text.cc2420_transmit
                0x0000a002       0x66 build/SKY/contiki-ng-SKY.a(cc2420.o)
 .text.cc2420_send
                0x0000a068       0x12 build/SKY/contiki-ng-SKY.a(cc2420.o)
 .text.cc2420_off
                0x0000a07a       0x30 build/SKY/contiki-ng-SKY.a(cc2420.o)
                0x0000a07a                cc2420_off
 .text.cc2420_cca
                0x0000a0aa       0x68 build/SKY/contiki-ng-SKY.a(cc2420.o)
 .text.cc2420_read
                0x0000a112       0xbe build/SKY/contiki-ng-SKY.a(cc2420.o)
 .text.process_thread_cc2420_process
                0x0000a1d0       0x62 build/SKY/contiki-ng-SKY.a(cc2420.o)
 .text.encrypt  0x0000a232       0x88 build/SKY/contiki-ng-SKY.a(cc2420.o)
 .text.cc2420_set_channel
                0x0000a2ba       0x3c build/SKY/contiki-ng-SKY.a(cc2420.o)
                0x0000a2ba                cc2420_set_channel
 .text.cc2420_set_pan_addr
                0x0000a2f6       0x4c build/SKY/contiki-ng-SKY.a(cc2420.o)
                0x0000a2f6                cc2420_set_pan_addr
 .text.cc2420_interrupt
                0x0000a342       0x16 build/SKY/contiki-ng-SKY.a(cc2420.o)
                0x0000a342                cc2420_interrupt
 .text.cc2420_set_txpower
                0x0000a358       0x2c build/SKY/contiki-ng-SKY.a(cc2420.o)
                0x0000a358                cc2420_set_txpower
 .text.cc2420_get_txpower
                0x0000a384       0x1e build/SKY/contiki-ng-SKY.a(cc2420.o)
                0x0000a384                cc2420_get_txpower
 .text.cc2420_rssi
                0x0000a3a2       0x4c build/SKY/contiki-ng-SKY.a(cc2420.o)
                0x0000a3a2                cc2420_rssi
 .text.get_value
                0x0000a3ee      0x11e build/SKY/contiki-ng-SKY.a(cc2420.o)
 .text.cc2420_set_cca_threshold
                0x0000a50c       0x16 build/SKY/contiki-ng-SKY.a(cc2420.o)
                0x0000a50c                cc2420_set_cca_threshold
 .text.set_value
                0x0000a522      0x150 build/SKY/contiki-ng-SKY.a(cc2420.o)
 .text.cc2420_init
                0x0000a672       0xea build/SKY/contiki-ng-SKY.a(cc2420.o)
                0x0000a672                cc2420_init
 .text.cc2420_port1_interrupt
                0x0000a75c       0x20 build/SKY/contiki-ng-SKY.a(cc2420-arch.o)
                0x0000a75c                __isr_4
                0x0000a75c                cc2420_port1_interrupt
 .text.cc2420_arch_init
                0x0000a77c       0x1a build/SKY/contiki-ng-SKY.a(cc2420-arch.o)
                0x0000a77c                cc2420_arch_init
 .text.uart1_active
                0x0000a796       0x18 build/SKY/contiki-ng-SKY.a(uart1.o)
                0x0000a796                uart1_active
 .text.uart1_writeb
                0x0000a7ae       0x18 build/SKY/contiki-ng-SKY.a(uart1.o)
                0x0000a7ae                uart1_writeb
 .text.uart1_init
                0x0000a7c6       0xf4 build/SKY/contiki-ng-SKY.a(uart1.o)
                0x0000a7c6                uart1_init
 .text.timera0  0x0000a8ba       0x2e build/SKY/contiki-ng-SKY.a(rtimer-arch.o)
                0x0000a8ba                __isr_6
                0x0000a8ba                timera0
 .text.rtimer_arch_init
                0x0000a8e8        0xe build/SKY/contiki-ng-SKY.a(rtimer-arch.o)
                0x0000a8e8                rtimer_arch_init
 .text.rtimer_arch_now
                0x0000a8f6        0xe build/SKY/contiki-ng-SKY.a(rtimer-arch.o)
                0x0000a8f6                rtimer_arch_now
 .text.rtimer_arch_schedule
                0x0000a904        0x6 build/SKY/contiki-ng-SKY.a(rtimer-arch.o)
                0x0000a904                rtimer_arch_schedule
 .text.stimer_set
                0x0000a90a       0x1c build/SKY/contiki-ng-SKY.a(stimer.o)
                0x0000a90a                stimer_set
 .text.stimer_expired
                0x0000a926       0x30 build/SKY/contiki-ng-SKY.a(stimer.o)
                0x0000a926                stimer_expired
 .text.memb_init
                0x0000a956       0x36 build/SKY/contiki-ng-SKY.a(memb.o)
                0x0000a956                memb_init
 .text.memb_alloc
                0x0000a98c       0x3e build/SKY/contiki-ng-SKY.a(memb.o)
                0x0000a98c                memb_alloc
 .text.memb_free
                0x0000a9ca       0x32 build/SKY/contiki-ng-SKY.a(memb.o)
                0x0000a9ca                memb_free
 .text.memb_inmemb
                0x0000a9fc       0x2a build/SKY/contiki-ng-SKY.a(memb.o)
                0x0000a9fc                memb_inmemb
 .text.memb_numfree
                0x0000aa26       0x26 build/SKY/contiki-ng-SKY.a(memb.o)
                0x0000aa26                memb_numfree
 .text.item_from_index
                0x0000aa4c       0x2a build/SKY/contiki-ng-SKY.a(nbr-table.o)
 .text.index_from_key
                0x0000aa76       0x26 build/SKY/contiki-ng-SKY.a(nbr-table.o)
 .text.index_from_item
                0x0000aa9c       0x1e build/SKY/contiki-ng-SKY.a(nbr-table.o)
 .text.nbr_set_bit
                0x0000aaba       0x58 build/SKY/contiki-ng-SKY.a(nbr-table.o)
 .text.index_from_lladdr
                0x0000ab12       0x42 build/SKY/contiki-ng-SKY.a(nbr-table.o)
 .text.nbr_get_bit.constprop.0
                0x0000ab54       0x2e build/SKY/contiki-ng-SKY.a(nbr-table.o)
 .text.nbr_table_is_registered
                0x0000ab82       0x22 build/SKY/contiki-ng-SKY.a(nbr-table.o)
                0x0000ab82                nbr_table_is_registered
 .text.nbr_table_register
                0x0000aba4       0x40 build/SKY/contiki-ng-SKY.a(nbr-table.o)
                0x0000aba4                nbr_table_register
 .text.nbr_table_next
                0x0000abe4       0x54 build/SKY/contiki-ng-SKY.a(nbr-table.o)
                0x0000abe4                nbr_table_next
 .text.nbr_table_head
                0x0000ac38       0x3a build/SKY/contiki-ng-SKY.a(nbr-table.o)
                0x0000ac38                nbr_table_head
 .text.nbr_table_add_lladdr
                0x0000ac72      0x168 build/SKY/contiki-ng-SKY.a(nbr-table.o)
                0x0000ac72                nbr_table_add_lladdr
 .text.nbr_table_get_from_lladdr
                0x0000adda       0x2c build/SKY/contiki-ng-SKY.a(nbr-table.o)
                0x0000adda                nbr_table_get_from_lladdr
 .text.nbr_table_remove
                0x0000ae06       0x32 build/SKY/contiki-ng-SKY.a(nbr-table.o)
                0x0000ae06                nbr_table_remove
 .text.nbr_table_lock
                0x0000ae38       0x10 build/SKY/contiki-ng-SKY.a(nbr-table.o)
                0x0000ae38                nbr_table_lock
 .text.nbr_table_unlock
                0x0000ae48       0x10 build/SKY/contiki-ng-SKY.a(nbr-table.o)
                0x0000ae48                nbr_table_unlock
 .text.nbr_table_get_lladdr
                0x0000ae58       0x22 build/SKY/contiki-ng-SKY.a(nbr-table.o)
                0x0000ae58                nbr_table_get_lladdr
 .text.periodic
                0x0000ae7a       0x28 build/SKY/contiki-ng-SKY.a(link-stats.o)
 .text.link_stats_from_lladdr
                0x0000aea2        0xc build/SKY/contiki-ng-SKY.a(link-stats.o)
                0x0000aea2                link_stats_from_lladdr
 .text.link_stats_is_fresh
                0x0000aeae       0x30 build/SKY/contiki-ng-SKY.a(link-stats.o)
                0x0000aeae                link_stats_is_fresh
 .text.guess_etx_from_rssi
                0x0000aede       0x42 build/SKY/contiki-ng-SKY.a(link-stats.o)
                0x0000aede                guess_etx_from_rssi
 .text.link_stats_packet_sent
                0x0000af20       0xde build/SKY/contiki-ng-SKY.a(link-stats.o)
                0x0000af20                link_stats_packet_sent
 .text.link_stats_input_callback
                0x0000affe       0xb4 build/SKY/contiki-ng-SKY.a(link-stats.o)
                0x0000affe                link_stats_input_callback
 .text.link_stats_reset
                0x0000b0b2       0x2a build/SKY/contiki-ng-SKY.a(link-stats.o)
                0x0000b0b2                link_stats_reset
 .text.link_stats_init
                0x0000b0dc       0x22 build/SKY/contiki-ng-SKY.a(link-stats.o)
                0x0000b0dc                link_stats_init
 .text.mac_sequence_is_duplicate
                0x0000b0fe       0x84 build/SKY/contiki-ng-SKY.a(mac-sequence.o)
                0x0000b0fe                mac_sequence_is_duplicate
 .text.mac_sequence_register_seqno
                0x0000b182       0x90 build/SKY/contiki-ng-SKY.a(mac-sequence.o)
                0x0000b182                mac_sequence_register_seqno
 .text.mac_call_sent_callback
                0x0000b212       0x14 build/SKY/contiki-ng-SKY.a(mac.o)
                0x0000b212                mac_call_sent_callback
 .text.parse    0x0000b226       0xa0 build/SKY/contiki-ng-SKY.a(framer-802154.o)
 .text.framer_802154_setup_params
                0x0000b2c6       0xb8 build/SKY/contiki-ng-SKY.a(framer-802154.o)
                0x0000b2c6                framer_802154_setup_params
 .text.create_frame
                0x0000b37e       0xde build/SKY/contiki-ng-SKY.a(framer-802154.o)
 .text.create   0x0000b45c        0x8 build/SKY/contiki-ng-SKY.a(framer-802154.o)
 .text.hdr_length
                0x0000b464        0x8 build/SKY/contiki-ng-SKY.a(framer-802154.o)
 .text.frame802154_get_pan_id
                0x0000b46c        0x6 build/SKY/contiki-ng-SKY.a(frame802154.o)
                0x0000b46c                frame802154_get_pan_id
 .text.frame802154_has_panid
                0x0000b472       0xe0 build/SKY/contiki-ng-SKY.a(frame802154.o)
                0x0000b472                frame802154_has_panid
 .text.field_len
                0x0000b552       0xac build/SKY/contiki-ng-SKY.a(frame802154.o)
 .text.frame802154_is_broadcast_addr
                0x0000b5fe       0x28 build/SKY/contiki-ng-SKY.a(frame802154.o)
                0x0000b5fe                frame802154_is_broadcast_addr
 .text.frame802154_hdrlen
                0x0000b626       0x32 build/SKY/contiki-ng-SKY.a(frame802154.o)
                0x0000b626                frame802154_hdrlen
 .text.frame802154_create_fcf
                0x0000b658       0x96 build/SKY/contiki-ng-SKY.a(frame802154.o)
                0x0000b658                frame802154_create_fcf
 .text.frame802154_create
                0x0000b6ee       0xe4 build/SKY/contiki-ng-SKY.a(frame802154.o)
                0x0000b6ee                frame802154_create
 .text.frame802154_parse_fcf
                0x0000b7d2       0xbc build/SKY/contiki-ng-SKY.a(frame802154.o)
                0x0000b7d2                frame802154_parse_fcf
 .text.frame802154_parse
                0x0000b88e      0x168 build/SKY/contiki-ng-SKY.a(frame802154.o)
                0x0000b88e                frame802154_parse
 .text.csma_security_create_frame
                0x0000b9f6       0x10 build/SKY/contiki-ng-SKY.a(csma-security.o)
                0x0000b9f6                csma_security_create_frame
 .text.csma_security_parse_frame
                0x0000ba06        0x6 build/SKY/contiki-ng-SKY.a(csma-security.o)
                0x0000ba06                csma_security_parse_frame
 .text.uipbuf_add_ext_hdr
                0x0000ba0c       0x1c build/SKY/contiki-ng-SKY.a(uipbuf.o)
                0x0000ba0c                uipbuf_add_ext_hdr
 .text.uipbuf_set_len
                0x0000ba28       0x12 build/SKY/contiki-ng-SKY.a(uipbuf.o)
                0x0000ba28                uipbuf_set_len
 .text.uipbuf_set_len_field
                0x0000ba3a        0xe build/SKY/contiki-ng-SKY.a(uipbuf.o)
                0x0000ba3a                uipbuf_set_len_field
 .text.uipbuf_get_len_field
                0x0000ba48        0xe build/SKY/contiki-ng-SKY.a(uipbuf.o)
                0x0000ba48                uipbuf_get_len_field
 .text.uipbuf_get_next_header
                0x0000ba56       0x62 build/SKY/contiki-ng-SKY.a(uipbuf.o)
                0x0000ba56                uipbuf_get_next_header
 .text.uipbuf_get_last_header
                0x0000bab8       0x3e build/SKY/contiki-ng-SKY.a(uipbuf.o)
                0x0000bab8                uipbuf_get_last_header
 .text.uipbuf_search_header
                0x0000baf6       0x4e build/SKY/contiki-ng-SKY.a(uipbuf.o)
                0x0000baf6                uipbuf_search_header
 .text.uipbuf_get_attr
                0x0000bb44       0x14 build/SKY/contiki-ng-SKY.a(uipbuf.o)
                0x0000bb44                uipbuf_get_attr
 .text.uipbuf_clear_attr
                0x0000bb58       0x12 build/SKY/contiki-ng-SKY.a(uipbuf.o)
                0x0000bb58                uipbuf_clear_attr
 .text.uipbuf_clear
                0x0000bb6a       0x12 build/SKY/contiki-ng-SKY.a(uipbuf.o)
                0x0000bb6a                uipbuf_clear
 .text.uipbuf_init
                0x0000bb7c       0x1a build/SKY/contiki-ng-SKY.a(uipbuf.o)
                0x0000bb7c                uipbuf_init
 .text.echo_reply_input
                0x0000bb96       0x68 build/SKY/contiki-ng-SKY.a(uip-icmp6.o)
 .text.echo_request_input
                0x0000bbfe       0x86 build/SKY/contiki-ng-SKY.a(uip-icmp6.o)
 .text.uip_icmp6_input
                0x0000bc84       0x48 build/SKY/contiki-ng-SKY.a(uip-icmp6.o)
                0x0000bc84                uip_icmp6_input
 .text.uip_icmp6_register_input_handler
                0x0000bccc        0xc build/SKY/contiki-ng-SKY.a(uip-icmp6.o)
                0x0000bccc                uip_icmp6_register_input_handler
 .text.uip_icmp6_error_output
                0x0000bcd8      0x146 build/SKY/contiki-ng-SKY.a(uip-icmp6.o)
                0x0000bcd8                uip_icmp6_error_output
 .text.uip_icmp6_send
                0x0000be1e       0x8e build/SKY/contiki-ng-SKY.a(uip-icmp6.o)
                0x0000be1e                uip_icmp6_send
 .text.uip_icmp6_init
                0x0000beac       0x12 build/SKY/contiki-ng-SKY.a(uip-icmp6.o)
                0x0000beac                uip_icmp6_init
 .text.node_matches_address.part.0
                0x0000bebe       0x2e build/SKY/contiki-ng-SKY.a(uip-sr.o)
 .text.uip_sr_get_node
                0x0000beec       0x44 build/SKY/contiki-ng-SKY.a(uip-sr.o)
                0x0000beec                uip_sr_get_node
 .text.uip_sr_is_addr_reachable
                0x0000bf30       0x4e build/SKY/contiki-ng-SKY.a(uip-sr.o)
                0x0000bf30                uip_sr_is_addr_reachable
 .text.uip_sr_expire_parent
                0x0000bf7e       0x42 build/SKY/contiki-ng-SKY.a(uip-sr.o)
                0x0000bf7e                uip_sr_expire_parent
 .text.uip_sr_update_node
                0x0000bfc0       0xbc build/SKY/contiki-ng-SKY.a(uip-sr.o)
                0x0000bfc0                uip_sr_update_node
 .text.uip_sr_init
                0x0000c07c       0x16 build/SKY/contiki-ng-SKY.a(uip-sr.o)
                0x0000c07c                uip_sr_init
 .text.uip_sr_periodic
                0x0000c092       0x9a build/SKY/contiki-ng-SKY.a(uip-sr.o)
                0x0000c092                uip_sr_periodic
 .text.uip_sr_free_all
                0x0000c12c       0x3c build/SKY/contiki-ng-SKY.a(uip-sr.o)
                0x0000c12c                uip_sr_free_all
 .text.init_dag
                0x0000c168       0x84 build/SKY/contiki-ng-SKY.a(rpl-dag.o)
 .text.process_dio_init_dag
                0x0000c1ec       0xb0 build/SKY/contiki-ng-SKY.a(rpl-dag.o)
 .text.rpl_dag_get_root_ipaddr
                0x0000c29c       0x1e build/SKY/contiki-ng-SKY.a(rpl-dag.o)
                0x0000c29c                rpl_dag_get_root_ipaddr
 .text.rpl_dag_leave
                0x0000c2ba       0x4a build/SKY/contiki-ng-SKY.a(rpl-dag.o)
                0x0000c2ba                rpl_dag_leave
 .text.rpl_dag_poison_and_leave
                0x0000c304        0xc build/SKY/contiki-ng-SKY.a(rpl-dag.o)
                0x0000c304                rpl_dag_poison_and_leave
 .text.rpl_dag_periodic
                0x0000c310       0x6a build/SKY/contiki-ng-SKY.a(rpl-dag.o)
                0x0000c310                rpl_dag_periodic
 .text.rpl_is_addr_in_our_dag
                0x0000c37a       0x34 build/SKY/contiki-ng-SKY.a(rpl-dag.o)
                0x0000c37a                rpl_is_addr_in_our_dag
 .text.rpl_local_repair
                0x0000c3ae       0x2a build/SKY/contiki-ng-SKY.a(rpl-dag.o)
                0x0000c3ae                rpl_local_repair
 .text.rpl_global_repair
                0x0000c3d8       0x2e build/SKY/contiki-ng-SKY.a(rpl-dag.o)
                0x0000c3d8                rpl_global_repair
 .text.rpl_dag_ready_to_advertise
                0x0000c406       0x22 build/SKY/contiki-ng-SKY.a(rpl-dag.o)
                0x0000c406                rpl_dag_ready_to_advertise
 .text.rpl_dag_update_state
                0x0000c428      0x140 build/SKY/contiki-ng-SKY.a(rpl-dag.o)
                0x0000c428                rpl_dag_update_state
 .text.rpl_process_dio
                0x0000c568      0x1b6 build/SKY/contiki-ng-SKY.a(rpl-dag.o)
                0x0000c568                rpl_process_dio
 .text.rpl_process_dis
                0x0000c71e       0x2a build/SKY/contiki-ng-SKY.a(rpl-dag.o)
                0x0000c71e                rpl_process_dis
 .text.rpl_process_dao
                0x0000c748       0x6c build/SKY/contiki-ng-SKY.a(rpl-dag.o)
                0x0000c748                rpl_process_dao
 .text.rpl_process_dao_ack
                0x0000c7b4       0x54 build/SKY/contiki-ng-SKY.a(rpl-dag.o)
                0x0000c7b4                rpl_process_dao_ack
 .text.rpl_process_hbh
                0x0000c808       0x2e build/SKY/contiki-ng-SKY.a(rpl-dag.o)
                0x0000c808                rpl_process_hbh
 .text.rpl_dag_init_root
                0x0000c836       0xbc build/SKY/contiki-ng-SKY.a(rpl-dag.o)
                0x0000c836                rpl_dag_init_root
 .text.rpl_dag_init
                0x0000c8f2       0x10 build/SKY/contiki-ng-SKY.a(rpl-dag.o)
                0x0000c8f2                rpl_dag_init
 .text.remove_neighbor
                0x0000c902       0x24 build/SKY/contiki-ng-SKY.a(rpl-neighbor.o)
 .text.rpl_neighbor_get_from_lladdr
                0x0000c926        0xc build/SKY/contiki-ng-SKY.a(rpl-neighbor.o)
                0x0000c926                rpl_neighbor_get_from_lladdr
 .text.rpl_neighbor_rank_via_nbr
                0x0000c932       0x18 build/SKY/contiki-ng-SKY.a(rpl-neighbor.o)
                0x0000c932                rpl_neighbor_rank_via_nbr
 .text.rpl_neighbor_get_lladdr
                0x0000c94a        0xc build/SKY/contiki-ng-SKY.a(rpl-neighbor.o)
                0x0000c94a                rpl_neighbor_get_lladdr
 .text.rpl_neighbor_get_ipaddr
                0x0000c956        0xa build/SKY/contiki-ng-SKY.a(rpl-neighbor.o)
                0x0000c956                rpl_neighbor_get_ipaddr
 .text.rpl_neighbor_get_link_stats
                0x0000c960        0xa build/SKY/contiki-ng-SKY.a(rpl-neighbor.o)
                0x0000c960                rpl_neighbor_get_link_stats
 .text.rpl_neighbor_is_fresh
                0x0000c96a        0xa build/SKY/contiki-ng-SKY.a(rpl-neighbor.o)
                0x0000c96a                rpl_neighbor_is_fresh
 .text.best_parent
                0x0000c974       0xb4 build/SKY/contiki-ng-SKY.a(rpl-neighbor.o)
 .text.rpl_neighbor_is_parent
                0x0000ca28       0x18 build/SKY/contiki-ng-SKY.a(rpl-neighbor.o)
                0x0000ca28                rpl_neighbor_is_parent
 .text.rpl_neighbor_set_preferred_parent
                0x0000ca40       0x48 build/SKY/contiki-ng-SKY.a(rpl-neighbor.o)
                0x0000ca40                rpl_neighbor_set_preferred_parent
 .text.rpl_neighbor_remove_all
                0x0000ca88       0x30 build/SKY/contiki-ng-SKY.a(rpl-neighbor.o)
                0x0000ca88                rpl_neighbor_remove_all
 .text.rpl_neighbor_get_from_ipaddr
                0x0000cab8       0x14 build/SKY/contiki-ng-SKY.a(rpl-neighbor.o)
                0x0000cab8                rpl_neighbor_get_from_ipaddr
 .text.rpl_neighbor_select_best
                0x0000cacc       0x54 build/SKY/contiki-ng-SKY.a(rpl-neighbor.o)
                0x0000cacc                rpl_neighbor_select_best
 .text.rpl_neighbor_init
                0x0000cb20        0xe build/SKY/contiki-ng-SKY.a(rpl-neighbor.o)
                0x0000cb20                rpl_neighbor_init
 .text.handle_state_update
                0x0000cb2e        0x6 build/SKY/contiki-ng-SKY.a(rpl-timers.o)
 .text.handle_leaving_timer
                0x0000cb34        0xc build/SKY/contiki-ng-SKY.a(rpl-timers.o)
 .text.schedule_dao_retransmission
                0x0000cb40       0x34 build/SKY/contiki-ng-SKY.a(rpl-timers.o)
 .text.new_dio_interval
                0x0000cb74       0x8a build/SKY/contiki-ng-SKY.a(rpl-timers.o)
 .text.handle_unicast_dio_timer
                0x0000cbfe       0x12 build/SKY/contiki-ng-SKY.a(rpl-timers.o)
 .text.send_new_dao
                0x0000cc10       0x28 build/SKY/contiki-ng-SKY.a(rpl-timers.o)
 .text.resend_dao
                0x0000cc38       0x24 build/SKY/contiki-ng-SKY.a(rpl-timers.o)
 .text.handle_dao_ack_timer
                0x0000cc5c       0x12 build/SKY/contiki-ng-SKY.a(rpl-timers.o)
 .text.handle_dio_timer
                0x0000cc6e       0x6e build/SKY/contiki-ng-SKY.a(rpl-timers.o)
 .text.rpl_timers_schedule_periodic_dis
                0x0000ccdc       0x40 build/SKY/contiki-ng-SKY.a(rpl-timers.o)
                0x0000ccdc                rpl_timers_schedule_periodic_dis
 .text.handle_periodic_timer
                0x0000cd1c       0x3a build/SKY/contiki-ng-SKY.a(rpl-timers.o)
 .text.handle_dis_timer
                0x0000cd56       0x26 build/SKY/contiki-ng-SKY.a(rpl-timers.o)
 .text.rpl_timers_dio_reset
                0x0000cd7c       0x2e build/SKY/contiki-ng-SKY.a(rpl-timers.o)
                0x0000cd7c                rpl_timers_dio_reset
 .text.rpl_timers_schedule_unicast_dio
                0x0000cdaa       0x20 build/SKY/contiki-ng-SKY.a(rpl-timers.o)
                0x0000cdaa                rpl_timers_schedule_unicast_dio
 .text.rpl_timers_schedule_dao
                0x0000cdca       0x3c build/SKY/contiki-ng-SKY.a(rpl-timers.o)
                0x0000cdca                rpl_timers_schedule_dao
 .text.rpl_timers_schedule_dao_ack
                0x0000ce06       0x34 build/SKY/contiki-ng-SKY.a(rpl-timers.o)
                0x0000ce06                rpl_timers_schedule_dao_ack
 .text.rpl_timers_notify_dao_ack
                0x0000ce3a       0x82 build/SKY/contiki-ng-SKY.a(rpl-timers.o)
                0x0000ce3a                rpl_timers_notify_dao_ack
 .text.get_probing_delay
                0x0000cebc       0x1c build/SKY/contiki-ng-SKY.a(rpl-timers.o)
                0x0000cebc                get_probing_delay
 .text.get_probing_target
                0x0000ced8       0xee build/SKY/contiki-ng-SKY.a(rpl-timers.o)
                0x0000ced8                get_probing_target
 .text.rpl_schedule_probing
                0x0000cfc6       0x20 build/SKY/contiki-ng-SKY.a(rpl-timers.o)
                0x0000cfc6                rpl_schedule_probing
 .text.handle_probing_timer
                0x0000cfe6       0x2a build/SKY/contiki-ng-SKY.a(rpl-timers.o)
 .text.rpl_schedule_probing_now
                0x0000d010       0x24 build/SKY/contiki-ng-SKY.a(rpl-timers.o)
                0x0000d010                rpl_schedule_probing_now
 .text.rpl_timers_unschedule_leaving
                0x0000d034       0x1c build/SKY/contiki-ng-SKY.a(rpl-timers.o)
                0x0000d034                rpl_timers_unschedule_leaving
 .text.rpl_timers_schedule_leaving
                0x0000d050       0x2a build/SKY/contiki-ng-SKY.a(rpl-timers.o)
                0x0000d050                rpl_timers_schedule_leaving
 .text.rpl_timers_init
                0x0000d07a       0x1c build/SKY/contiki-ng-SKY.a(rpl-timers.o)
                0x0000d07a                rpl_timers_init
 .text.rpl_timers_stop_dag_timers
                0x0000d096       0x4c build/SKY/contiki-ng-SKY.a(rpl-timers.o)
                0x0000d096                rpl_timers_stop_dag_timers
 .text.rpl_timers_unschedule_state_update
                0x0000d0e2       0x10 build/SKY/contiki-ng-SKY.a(rpl-timers.o)
                0x0000d0e2                rpl_timers_unschedule_state_update
 .text.rpl_timers_schedule_state_update
                0x0000d0f2       0x1c build/SKY/contiki-ng-SKY.a(rpl-timers.o)
                0x0000d0f2                rpl_timers_schedule_state_update
 .text.update_hbh_header
                0x0000d10e       0x4a build/SKY/contiki-ng-SKY.a(rpl-ext-header.)
 .text.rpl_ext_header_srh_get_next_hop
                0x0000d158       0x84 build/SKY/contiki-ng-SKY.a(rpl-ext-header.)
                0x0000d158                rpl_ext_header_srh_get_next_hop
 .text.rpl_ext_header_srh_update
                0x0000d1dc      0x118 build/SKY/contiki-ng-SKY.a(rpl-ext-header.)
                0x0000d1dc                rpl_ext_header_srh_update
 .text.rpl_ext_header_hbh_update
                0x0000d2f4       0x9e build/SKY/contiki-ng-SKY.a(rpl-ext-header.)
                0x0000d2f4                rpl_ext_header_hbh_update
 .text.rpl_ext_header_remove
                0x0000d392       0xcc build/SKY/contiki-ng-SKY.a(rpl-ext-header.)
                0x0000d392                rpl_ext_header_remove
 .text.rpl_ext_header_update
                0x0000d45e      0x2aa build/SKY/contiki-ng-SKY.a(rpl-ext-header.)
                0x0000d45e                rpl_ext_header_update
 .text.update_state
                0x0000d708       0x78 build/SKY/contiki-ng-SKY.a(rpl-nbr-policy.)
 .text.rpl_nbr_policy_find_removable
                0x0000d780       0x50 build/SKY/contiki-ng-SKY.a(rpl-nbr-policy.)
                0x0000d780                rpl_nbr_policy_find_removable
 .text.reset    0x0000d7d0        0x2 build/SKY/contiki-ng-SKY.a(rpl-mrhof.o)
 .text.update_metric_container
                0x0000d7d2        0x6 build/SKY/contiki-ng-SKY.a(rpl-mrhof.o)
 .text.nbr_link_metric
                0x0000d7d8       0x12 build/SKY/contiki-ng-SKY.a(rpl-mrhof.o)
 .text.nbr_has_usable_link
                0x0000d7ea       0x14 build/SKY/contiki-ng-SKY.a(rpl-mrhof.o)
 .text.nbr_path_cost
                0x0000d7fe       0x38 build/SKY/contiki-ng-SKY.a(rpl-mrhof.o)
 .text.within_hysteresis
                0x0000d836       0x54 build/SKY/contiki-ng-SKY.a(rpl-mrhof.o)
 .text.nbr_is_acceptable_parent
                0x0000d88a       0x2c build/SKY/contiki-ng-SKY.a(rpl-mrhof.o)
 .text.rank_via_nbr
                0x0000d8b6       0x48 build/SKY/contiki-ng-SKY.a(rpl-mrhof.o)
 .text.best_parent
                0x0000d8fe       0x7c build/SKY/contiki-ng-SKY.a(rpl-mrhof.o)
 .text.spi_init
                0x0000d97a       0x30 build/SKY/contiki-ng-SKY.a(spi-legacy.o)
                0x0000d97a                spi_init
 .text.libgcc   0x0000d9aa       0x2c /usr/local/bin/../lib/gcc/msp430/4.7.2/mmpy-16/libgcc.a(_mulsi3.o)
                0x0000d9aa                __mulsi3
 .text.libgcc   0x0000d9d6       0x22 /usr/local/bin/../lib/gcc/msp430/4.7.2/mmpy-16/libgcc.a(_udivmod16.o)
                0x0000d9d6                __udivhi3
                0x0000d9d6                __ext_udivmod16
                0x0000d9f0                __umodhi3
 .text.libgcc   0x0000d9f8       0x3a /usr/local/bin/../lib/gcc/msp430/4.7.2/mmpy-16/libgcc.a(_divmod16.o)
                0x0000d9f8                __ext_divmod16
                0x0000d9f8                __divhi3
                0x0000da2a                __modhi3
 .text.libgcc   0x0000da32       0x40 /usr/local/bin/../lib/gcc/msp430/4.7.2/mmpy-16/libgcc.a(_udivmod32.o)
                0x0000da32                __udivsi3
                0x0000da32                __ext_udivmod32
                0x0000da68                __umodsi3
 .text.libgcc   0x0000da72       0x4c /usr/local/bin/../lib/gcc/msp430/4.7.2/mmpy-16/libgcc.a(_divmod32.o)
                0x0000da72                __ext_divmod32
                0x0000da72                __divsi3
                0x0000dab4                __modsi3
 .text.printf   0x0000dabe       0x10 /usr/local/bin/../lib/gcc/msp430/4.7.2/../../../../msp430/lib/mmpy-16/libc.a(printf.o)
                0x0000dabe                printf
 .text.append   0x0000dace       0x22 /usr/local/bin/../lib/gcc/msp430/4.7.2/../../../../msp430/lib/mmpy-16/libc.a(sprintf.o)
 .text.call_vuprintf
                0x0000daf0       0x3a /usr/local/bin/../lib/gcc/msp430/4.7.2/../../../../msp430/lib/mmpy-16/libc.a(sprintf.o)
 .text.snprintf
                0x0000db2a       0x1a /usr/local/bin/../lib/gcc/msp430/4.7.2/../../../../msp430/lib/mmpy-16/libc.a(sprintf.o)
                0x0000db2a                snprintf
 .text.print_field
                0x0000db44      0x194 /usr/local/bin/../lib/gcc/msp430/4.7.2/../../../../msp430/lib/mmpy-16/libc.a(vuprintf.o)
 .text.vuprintf
                0x0000dcd8      0x63e /usr/local/bin/../lib/gcc/msp430/4.7.2/../../../../msp430/lib/mmpy-16/libc.a(vuprintf.o)
                0x0000dcd8                vuprintf
 .text.puts     0x0000e316       0x2c /usr/local/bin/../lib/gcc/msp430/4.7.2/../../../../msp430/lib/mmpy-16/libc.a(puts.o)
                0x0000e316                puts
 .text.rand     0x0000e342       0x26 /usr/local/bin/../lib/gcc/msp430/4.7.2/../../../../msp430/lib/mmpy-16/libc.a(rand.o)
                0x0000e342                rand
 .text.srand    0x0000e368        0xa /usr/local/bin/../lib/gcc/msp430/4.7.2/../../../../msp430/lib/mmpy-16/libc.a(rand.o)
                0x0000e368                srand
 .text.memcmp   0x0000e372       0x30 /usr/local/bin/../lib/gcc/msp430/4.7.2/../../../../msp430/lib/mmpy-16/libc.a(memcmp.o)
                0x0000e372                memcmp
 .text.memcpy   0x0000e3a2       0xfa /usr/local/bin/../lib/gcc/msp430/4.7.2/../../../../msp430/lib/mmpy-16/libc.a(memcpy.o)
                0x0000e3a2                memcpy
 .text.memmove  0x0000e49c       0xfa /usr/local/bin/../lib/gcc/msp430/4.7.2/../../../../msp430/lib/mmpy-16/libc.a(memmove.o)
                0x0000e49c                memmove
 .text.memset   0x0000e596       0x6a /usr/local/bin/../lib/gcc/msp430/4.7.2/../../../../msp430/lib/mmpy-16/libc.a(memset.o)
                0x0000e596                memset
 .text.libgcc   0x0000e600       0xf0 /usr/local/bin/../lib/gcc/msp430/4.7.2/mmpy-16/libgcc.a(_udivmod64.o)
                0x0000e600                __xabi_udivmod64
                0x0000e65e                __udivdi3
                0x0000e684                __umoddi3
                0x0000e6b2                __udivmoddi4
 .text.crt0     0x0000e6f0        0x2 /usr/local/bin/../lib/gcc/msp430/4.7.2/mmpy-16/libcrt0.a(_unexpected_.o)
                0x0000e6f0                _unexpected_
 *(.near.text .near.text.*)

.rodata         0x0000e6f4      0x699
                0x0000e6f4                . = ALIGN (0x2)
 *(.rodata .rodata.* .gnu.linkonce.r.*)
 .rodata        0x0000e6f4      0x1f0 knockDetector.o
                0x0000e898                autostart_processes
 .rodata        0x0000e8e4       0xf3 build/SKY/obj/contiki-main.o
 *fill*         0x0000e9d7        0x1 00
 .rodata        0x0000e9d8       0x10 build/SKY/contiki-ng-SKY.a(button-sensor.o)
                0x0000e9e0                button_sensor
 .rodata        0x0000e9e8        0x8 build/SKY/contiki-ng-SKY.a(sensors.o)
 .rodata        0x0000e9f0       0x31 build/SKY/contiki-ng-SKY.a(platform.o)
 .rodata        0x0000ea21        0xc build/SKY/contiki-ng-SKY.a(etimer.o)
 *fill*         0x0000ea2d        0x1 00
 .rodata        0x0000ea2e       0xb6 build/SKY/contiki-ng-SKY.a(log.o)
 .rodata        0x0000eae4        0xf build/SKY/contiki-ng-SKY.a(ctimer.o)
 .rodata        0x0000eaf3       0x6a build/SKY/contiki-ng-SKY.a(stack-check.o)
 *fill*         0x0000eb5d        0x1 00
 .rodata        0x0000eb5e        0x8 build/SKY/contiki-ng-SKY.a(linkaddr.o)
                0x0000eb5e                linkaddr_null
 .rodata        0x0000eb66       0x14 build/SKY/contiki-ng-SKY.a(csma.o)
                0x0000eb6c                csma_driver
 .rodata        0x0000eb7a        0xd build/SKY/contiki-ng-SKY.a(tcpip.o)
 *fill*         0x0000eb87        0x1 00
 .rodata        0x0000eb88       0x26 build/SKY/contiki-ng-SKY.a(sicslowpan.o)
                0x0000eb94                sicslowpan_driver
                0x0000eb9c                llprefix
                0x0000eb9e                unc_mxconf
                0x0000eba2                unc_ctxconf
                0x0000eba6                unc_llconf
 .rodata        0x0000ebae       0x2d build/SKY/contiki-ng-SKY.a(uiplib.o)
 *fill*         0x0000ebdb        0x1 00
 .rodata        0x0000ebdc       0x34 build/SKY/contiki-ng-SKY.a(rpl.o)
                0x0000ebe6                rpl_lite_driver
 .rodata.get_value
                0x0000ec10       0x34 build/SKY/contiki-ng-SKY.a(cc2420.o)
 .rodata.set_value
                0x0000ec44       0x10 build/SKY/contiki-ng-SKY.a(cc2420.o)
 .rodata        0x0000ec54       0x3e build/SKY/contiki-ng-SKY.a(cc2420.o)
                0x0000ec54                cc2420_aes_128_driver
                0x0000ec58                cc2420_driver
 .rodata        0x0000ec92        0x6 build/SKY/contiki-ng-SKY.a(framer-802154.o)
                0x0000ec92                framer_802154
 .rodata        0x0000ec98        0x2 build/SKY/contiki-ng-SKY.a(frame802154.o)
 .rodata        0x0000ec9a       0xe0 build/SKY/contiki-ng-SKY.a(rpl-dag.o)
 .rodata        0x0000ed7a        0xc build/SKY/contiki-ng-SKY.a(rpl-timers.o)
 .rodata.vuprintf
                0x0000ed86        0x7 /usr/local/bin/../lib/gcc/msp430/4.7.2/../../../../msp430/lib/mmpy-16/libc.a(vuprintf.o)
 *(.near.rodata .near.rodata.*)
                0x0000ed8e                . = ALIGN (0x2)
                0x0000ed8e                _etext = .

.data           0x00001100      0x15a load address 0x0000ed8e
                0x00001100                . = ALIGN (0x2)
                0x00001100                __data_start = .
 *(.data .data.* .gnu.linkonce.d.*)
 .data          0x00001100       0x2a knockDetector.o
                0x00001100                login_procees
                0x0000110a                led_start_up_indicater
                0x00001114                record_password
                0x0000111e                main_process
 .data          0x0000112a        0xa build/SKY/contiki-ng-SKY.a(sensors.o)
                0x0000112a                sensors_process
 .data          0x00001134        0x2 build/SKY/contiki-ng-SKY.a(msp430.o)
 .data          0x00001136        0xa build/SKY/contiki-ng-SKY.a(etimer.o)
                0x00001136                etimer_process
 .data          0x00001140       0x50 build/SKY/contiki-ng-SKY.a(log.o)
                0x00001140                all_modules
                0x0000118e                curr_log_level_main
 .data          0x00001190        0xa build/SKY/contiki-ng-SKY.a(ctimer.o)
                0x00001190                ctimer_process
 .data          0x0000119a        0xa build/SKY/contiki-ng-SKY.a(stack-check.o)
                0x0000119a                stack_check_process
 .data          0x000011a4       0x10 build/SKY/contiki-ng-SKY.a(queuebuf.o)
 .data          0x000011b4       0x18 build/SKY/contiki-ng-SKY.a(csma-output.o)
 .data          0x000011cc        0x8 build/SKY/contiki-ng-SKY.a(uip-ds6-route.o)
 .data          0x000011d4        0x8 build/SKY/contiki-ng-SKY.a(uip-ds6-nbr.o)
 .data          0x000011dc        0xa build/SKY/contiki-ng-SKY.a(tcpip.o)
                0x000011dc                tcpip_process
 .data          0x000011e6        0x6 build/SKY/contiki-ng-SKY.a(uip-nd6.o)
 .data          0x000011ec       0x18 build/SKY/contiki-ng-SKY.a(rpl-icmp6.o)
 .data          0x00001204        0x4 build/SKY/contiki-ng-SKY.a(contiki-sky-pla)
                0x00001204                sensors
 .data          0x00001208        0xc build/SKY/contiki-ng-SKY.a(cc2420.o)
                0x00001208                cc2420_process
 .data          0x00001214        0x8 build/SKY/contiki-ng-SKY.a(nbr-table.o)
 .data          0x0000121c        0x8 build/SKY/contiki-ng-SKY.a(link-stats.o)
 .data          0x00001224        0x2 build/SKY/contiki-ng-SKY.a(frame802154.o)
 .data          0x00001226        0xc build/SKY/contiki-ng-SKY.a(uip-icmp6.o)
 .data          0x00001232        0x8 build/SKY/contiki-ng-SKY.a(uip-sr.o)
 .data          0x0000123a        0xa build/SKY/contiki-ng-SKY.a(rpl-neighbor.o)
                0x0000123a                rpl_neighbors
 .data          0x00001244       0x12 build/SKY/contiki-ng-SKY.a(rpl-mrhof.o)
                0x00001244                rpl_mrhof
 .data.next     0x00001256        0x4 /usr/local/bin/../lib/gcc/msp430/4.7.2/../../../../msp430/lib/mmpy-16/libc.a(rand.o)
 *(.near.data .near.data.*)
                0x0000125a                . = ALIGN (0x2)
                0x0000125a                _edata = .
                0x0000ed8e                __data_load_start = LOADADDR (.data)
                0x0000015a                __data_size = SIZEOF (.data)

.bss            0x0000125a     0x1b88 load address 0x0000eee8
                0x0000125a                __bss_start = .
 *(.bss .bss.*)
 .bss           0x0000125a      0x128 knockDetector.o
 .bss           0x00001382        0x8 build/SKY/contiki-ng-SKY.a(button-sensor.o)
 .bss           0x0000138a        0x6 build/SKY/contiki-ng-SKY.a(sensors.o)
 .bss           0x00001390        0x8 build/SKY/contiki-ng-SKY.a(platform.o)
 .bss           0x00001398        0xa build/SKY/contiki-ng-SKY.a(clock.o)
 .bss           0x000013a2        0x2 build/SKY/contiki-ng-SKY.a(watchdog.o)
 .bss           0x000013a4        0x6 build/SKY/contiki-ng-SKY.a(etimer.o)
 .bss           0x000013aa       0x16 build/SKY/contiki-ng-SKY.a(log.o)
                0x000013aa                curr_log_level_lwm2m
                0x000013ac                curr_log_level_snmp
                0x000013ae                curr_log_level_coap
                0x000013b0                curr_log_level_6top
                0x000013b2                curr_log_level_framer
                0x000013b4                curr_log_level_mac
                0x000013b6                curr_log_level_nullnet
                0x000013b8                curr_log_level_6lowpan
                0x000013ba                curr_log_level_ipv6
                0x000013bc                curr_log_level_tcpip
                0x000013be                curr_log_level_rpl
 .bss           0x000013c0        0x4 build/SKY/contiki-ng-SKY.a(ctimer.o)
 .bss           0x000013c4        0x2 build/SKY/contiki-ng-SKY.a(rtimer.o)
 .bss           0x000013c6        0x2 build/SKY/contiki-ng-SKY.a(node-id.o)
                0x000013c6                node_id
 .bss           0x000013c8       0xc8 build/SKY/contiki-ng-SKY.a(process.o)
                0x000013c8                process_current
                0x000013ca                process_list
 .bss           0x00001490        0xe build/SKY/contiki-ng-SKY.a(stack-check.o)
 .bss           0x0000149e      0x580 build/SKY/contiki-ng-SKY.a(queuebuf.o)
 .bss           0x00001a1e       0x86 build/SKY/contiki-ng-SKY.a(packetbuf.o)
 .bss           0x00001aa4        0x2 build/SKY/contiki-ng-SKY.a(netstack.o)
 .bss           0x00001aa6       0xbe build/SKY/contiki-ng-SKY.a(csma-output.o)
 .bss           0x00001b64       0x28 build/SKY/contiki-ng-SKY.a(uip-ds6.o)
 .bss           0x00001b8c       0x3c build/SKY/contiki-ng-SKY.a(uip-ds6-route.o)
 .bss           0x00001bc8      0x120 build/SKY/contiki-ng-SKY.a(uip-ds6-nbr.o)
 .bss           0x00001ce8        0xc build/SKY/contiki-ng-SKY.a(tcpip.o)
 .bss           0x00001cf4        0x8 build/SKY/contiki-ng-SKY.a(uip6.o)
                0x00001cf4                uip_last_proto
                0x00001cf6                uip_ext_len
                0x00001cf8                uip_ext_bitmap
 .bss           0x00001cfc        0x8 build/SKY/contiki-ng-SKY.a(uip-nd6.o)
 .bss           0x00001d04      0x6e0 build/SKY/contiki-ng-SKY.a(sicslowpan.o)
 .bss           0x000023e4        0x1 build/SKY/contiki-ng-SKY.a(rpl.o)
 *fill*         0x000023e5        0x1 00
 .bss           0x000023e6       0x12 build/SKY/contiki-ng-SKY.a(rpl-dag-root.o)
 .bss           0x000023f8       0x10 build/SKY/contiki-ng-SKY.a(cc2420.o)
 .bss           0x00002408       0x9a build/SKY/contiki-ng-SKY.a(uart1.o)
 .bss           0x000024a2       0xe4 build/SKY/contiki-ng-SKY.a(nbr-table.o)
 .bss           0x00002586       0xa0 build/SKY/contiki-ng-SKY.a(link-stats.o)
 .bss           0x00002626       0xe0 build/SKY/contiki-ng-SKY.a(mac-sequence.o)
 .bss           0x00002706        0x2 build/SKY/contiki-ng-SKY.a(framer-802154.o)
 .bss           0x00002708       0x18 build/SKY/contiki-ng-SKY.a(uipbuf.o)
 .bss           0x00002720       0x14 build/SKY/contiki-ng-SKY.a(uip-icmp6.o)
 .bss           0x00002734      0x134 build/SKY/contiki-ng-SKY.a(uip-sr.o)
 .bss           0x00002868       0x80 build/SKY/contiki-ng-SKY.a(rpl-neighbor.o)
 .bss           0x000028e8       0x28 build/SKY/contiki-ng-SKY.a(rpl-timers.o)
 .bss           0x00002910        0x8 build/SKY/contiki-ng-SKY.a(rpl-nbr-policy.)
 .bss.destination_
                0x00002918        0x2 /usr/local/bin/../lib/gcc/msp430/4.7.2/../../../../msp430/lib/mmpy-16/libc.a(sprintf.o)
 .bss.available_
                0x0000291a        0x2 /usr/local/bin/../lib/gcc/msp430/4.7.2/../../../../msp430/lib/mmpy-16/libc.a(sprintf.o)
 *(.near.bss .near.bss.*)
 *(COMMON)
 COMMON         0x0000291c        0x1 build/SKY/contiki-ng-SKY.a(sensors.o)
                0x0000291c                sensors_event
 *fill*         0x0000291d        0x1 00
 COMMON         0x0000291e        0x2 build/SKY/contiki-ng-SKY.a(msp430.o)
                0x0000291e                msp430_dco_required
 COMMON         0x00002920       0x2a build/SKY/contiki-ng-SKY.a(packetbuf.o)
                0x00002920                packetbuf_addrs
                0x00002930                packetbuf_attrs
 COMMON         0x0000294a        0x8 build/SKY/contiki-ng-SKY.a(linkaddr.o)
                0x0000294a                linkaddr_node_addr
 COMMON         0x00002952      0x180 build/SKY/contiki-ng-SKY.a(uip-ds6.o)
                0x00002952                uip_ds6_timer_ra
                0x0000295a                uip_ds6_if
                0x00002a6a                uip_ds6_netif_addr_list_offset
                0x00002a6b                uip_ds6_addr_size
                0x00002a6c                uip_ds6_prefix_list
                0x00002ac6                uip_ds6_timer_periodic
 COMMON         0x00002ad2        0x1 build/SKY/contiki-ng-SKY.a(tcpip.o)
                0x00002ad2                tcpip_event
 *fill*         0x00002ad3        0x1 00
 COMMON         0x00002ad4      0x1d6 build/SKY/contiki-ng-SKY.a(uip6.o)
                0x00002ad4                uip_len
                0x00002ad6                uip_sappdata
                0x00002ad8                uip_lladdr
                0x00002ae0                uip_aligned_buf
                0x00002bd0                uip_flags
                0x00002bd2                uip_udp_conn